<?xml version="1.0" encoding="ISO-8859-1" ?>
<link_info>
   <banner>TMS320C2000 Linker PC v22.6.1.LTS</banner>
   <copyright>Copyright (c) 1996-2018 Texas Instruments Incorporated</copyright>
   <link_time>0x6748f533</link_time>
   <link_errors>0x0</link_errors>
   <output_file>F280025_MPB5L.out</output_file>
   <entry_point>
      <name>code_start</name>
      <address>0x80000</address>
   </entry_point>
   <input_file_list>
      <input_file id="fl-2">
         <path>.\</path>
         <kind>object</kind>
         <file>adc.obj</file>
         <name>adc.obj</name>
      </input_file>
      <input_file id="fl-3">
         <path>.\</path>
         <kind>object</kind>
         <file>control.obj</file>
         <name>control.obj</name>
      </input_file>
      <input_file id="fl-4">
         <path>.\</path>
         <kind>object</kind>
         <file>f28002x_codestartbranch.obj</file>
         <name>f28002x_codestartbranch.obj</name>
      </input_file>
      <input_file id="fl-5">
         <path>.\</path>
         <kind>object</kind>
         <file>f28002x_cputimers.obj</file>
         <name>f28002x_cputimers.obj</name>
      </input_file>
      <input_file id="fl-6">
         <path>.\</path>
         <kind>object</kind>
         <file>f28002x_defaultisr.obj</file>
         <name>f28002x_defaultisr.obj</name>
      </input_file>
      <input_file id="fl-7">
         <path>.\</path>
         <kind>object</kind>
         <file>f28002x_epwm.obj</file>
         <name>f28002x_epwm.obj</name>
      </input_file>
      <input_file id="fl-8">
         <path>.\</path>
         <kind>object</kind>
         <file>f28002x_globalvariabledefs.obj</file>
         <name>f28002x_globalvariabledefs.obj</name>
      </input_file>
      <input_file id="fl-9">
         <path>.\</path>
         <kind>object</kind>
         <file>f28002x_gpio.obj</file>
         <name>f28002x_gpio.obj</name>
      </input_file>
      <input_file id="fl-a">
         <path>.\</path>
         <kind>object</kind>
         <file>f28002x_piectrl.obj</file>
         <name>f28002x_piectrl.obj</name>
      </input_file>
      <input_file id="fl-b">
         <path>.\</path>
         <kind>object</kind>
         <file>f28002x_pievect.obj</file>
         <name>f28002x_pievect.obj</name>
      </input_file>
      <input_file id="fl-c">
         <path>.\</path>
         <kind>object</kind>
         <file>f28002x_sysctrl.obj</file>
         <name>f28002x_sysctrl.obj</name>
      </input_file>
      <input_file id="fl-d">
         <path>.\</path>
         <kind>object</kind>
         <file>f28002x_usdelay.obj</file>
         <name>f28002x_usdelay.obj</name>
      </input_file>
      <input_file id="fl-e">
         <path>.\</path>
         <kind>object</kind>
         <file>main.obj</file>
         <name>main.obj</name>
      </input_file>
      <input_file id="fl-f">
         <path>.\</path>
         <kind>object</kind>
         <file>pwm.obj</file>
         <name>pwm.obj</name>
      </input_file>
      <input_file id="fl-14">
         <kind>object</kind>
         <file>&lt;internal&gt;</file>
         <name>&lt;internal&gt;</name>
      </input_file>
      <input_file id="fl-20">
         <path>C:\ti\ccs1280\ccs\tools\compiler\ti-cgt-c2000_22.6.1.LTS\lib\</path>
         <kind>archive</kind>
         <file>rts2800_fpu32_eabi.lib</file>
         <name>boot28.asm.obj</name>
      </input_file>
      <input_file id="fl-21">
         <path>C:\ti\ccs1280\ccs\tools\compiler\ti-cgt-c2000_22.6.1.LTS\lib\</path>
         <kind>archive</kind>
         <file>rts2800_fpu32_eabi.lib</file>
         <name>ll_cmp28.asm.obj</name>
      </input_file>
      <input_file id="fl-22">
         <path>C:\ti\ccs1280\ccs\tools\compiler\ti-cgt-c2000_22.6.1.LTS\lib\</path>
         <kind>archive</kind>
         <file>rts2800_fpu32_eabi.lib</file>
         <name>memcpy.c.obj</name>
      </input_file>
      <input_file id="fl-23">
         <path>C:\ti\ccs1280\ccs\tools\compiler\ti-cgt-c2000_22.6.1.LTS\lib\</path>
         <kind>archive</kind>
         <file>rts2800_fpu32_eabi.lib</file>
         <name>pre_init.c.obj</name>
      </input_file>
      <input_file id="fl-24">
         <path>C:\ti\ccs1280\ccs\tools\compiler\ti-cgt-c2000_22.6.1.LTS\lib\</path>
         <kind>archive</kind>
         <file>rts2800_fpu32_eabi.lib</file>
         <name>autoinit.c.obj</name>
      </input_file>
      <input_file id="fl-25">
         <path>C:\ti\ccs1280\ccs\tools\compiler\ti-cgt-c2000_22.6.1.LTS\lib\</path>
         <kind>archive</kind>
         <file>rts2800_fpu32_eabi.lib</file>
         <name>copy_zero_init.c.obj</name>
      </input_file>
      <input_file id="fl-26">
         <path>C:\ti\ccs1280\ccs\tools\compiler\ti-cgt-c2000_22.6.1.LTS\lib\</path>
         <kind>archive</kind>
         <file>rts2800_fpu32_eabi.lib</file>
         <name>copy_decompress_none.c.obj</name>
      </input_file>
      <input_file id="fl-27">
         <path>C:\ti\ccs1280\ccs\tools\compiler\ti-cgt-c2000_22.6.1.LTS\lib\</path>
         <kind>archive</kind>
         <file>rts2800_fpu32_eabi.lib</file>
         <name>copy_decompress_lzss.c.obj</name>
      </input_file>
      <input_file id="fl-28">
         <path>C:\ti\ccs1280\ccs\tools\compiler\ti-cgt-c2000_22.6.1.LTS\lib\</path>
         <kind>archive</kind>
         <file>rts2800_fpu32_eabi.lib</file>
         <name>exit.c.obj</name>
      </input_file>
      <input_file id="fl-29">
         <path>C:\ti\ccs1280\ccs\tools\compiler\ti-cgt-c2000_22.6.1.LTS\lib\</path>
         <kind>archive</kind>
         <file>rts2800_fpu32_eabi.lib</file>
         <name>_lock.c.obj</name>
      </input_file>
      <input_file id="fl-2a">
         <path>C:\ti\ccs1280\ccs\tools\compiler\ti-cgt-c2000_22.6.1.LTS\lib\</path>
         <kind>archive</kind>
         <file>rts2800_fpu32_eabi.lib</file>
         <name>args_main.c.obj</name>
      </input_file>
      <input_file id="fl-2b">
         <path>C:\ti\ccs1280\ccs\tools\compiler\ti-cgt-c2000_22.6.1.LTS\lib\</path>
         <kind>archive</kind>
         <file>rts2800_fpu32_eabi.lib</file>
         <name>memset.c.obj</name>
      </input_file>
      <input_file id="fl-2c">
         <path>C:\ti\ccs1280\ccs\tools\compiler\ti-cgt-c2000_22.6.1.LTS\lib\</path>
         <kind>archive</kind>
         <file>rts2800_fpu32_eabi.lib</file>
         <name>cpy_tbl.c.obj</name>
      </input_file>
      <input_file id="fl-2d">
         <path>C:\ti\ccs1280\ccs\tools\compiler\ti-cgt-c2000_22.6.1.LTS\lib\</path>
         <kind>archive</kind>
         <file>rts2800_fpu32_eabi.lib</file>
         <name>startup.c.obj</name>
      </input_file>
   </input_file_list>
   <object_component_list>
      <object_component id="oc-8e">
         <name>codestart</name>
         <load_address>0x80000</load_address>
         <run_address>0x80000</run_address>
         <size>0x2</size>
         <input_file_ref idref="fl-4"/>
      </object_component>
      <object_component id="oc-558">
         <name>.text:InitSysPll</name>
         <load_address>0x82000</load_address>
         <run_address>0x82000</run_address>
         <size>0x101</size>
         <input_file_ref idref="fl-c"/>
      </object_component>
      <object_component id="oc-3f1">
         <name>.text:SetupADC</name>
         <load_address>0x82101</load_address>
         <run_address>0x82101</run_address>
         <size>0xd3</size>
         <input_file_ref idref="fl-2"/>
      </object_component>
      <object_component id="oc-690">
         <name>.text:ComputeCntrSeedValue</name>
         <load_address>0x821d4</load_address>
         <run_address>0x821d4</run_address>
         <size>0x89</size>
         <input_file_ref idref="fl-c"/>
      </object_component>
      <object_component id="oc-612">
         <name>.text:IsPLLValid</name>
         <load_address>0x8225d</load_address>
         <run_address>0x8225d</run_address>
         <size>0x84</size>
         <input_file_ref idref="fl-c"/>
      </object_component>
      <object_component id="oc-55e">
         <name>.text:InitPeripheralClocks</name>
         <load_address>0x822e1</load_address>
         <run_address>0x822e1</run_address>
         <size>0x72</size>
         <input_file_ref idref="fl-c"/>
      </object_component>
      <object_component id="oc-3eb">
         <name>.text:ePWM_ADC_Trig</name>
         <load_address>0x82353</load_address>
         <run_address>0x82353</run_address>
         <size>0x6f</size>
         <input_file_ref idref="fl-f"/>
      </object_component>
      <object_component id="oc-2f5">
         <name>.text:main</name>
         <load_address>0x823c2</load_address>
         <run_address>0x823c2</run_address>
         <size>0x6a</size>
         <input_file_ref idref="fl-e"/>
      </object_component>
      <object_component id="oc-412">
         <name>.text:initEPWM1</name>
         <load_address>0x8242c</load_address>
         <run_address>0x8242c</run_address>
         <size>0x5b</size>
         <input_file_ref idref="fl-f"/>
      </object_component>
      <object_component id="oc-44e">
         <name>.text:initEPWM7</name>
         <load_address>0x82487</load_address>
         <run_address>0x82487</run_address>
         <size>0x5a</size>
         <input_file_ref idref="fl-f"/>
      </object_component>
      <object_component id="oc-41e">
         <name>.text:initEPWM2</name>
         <load_address>0x824e1</load_address>
         <run_address>0x824e1</run_address>
         <size>0x59</size>
         <input_file_ref idref="fl-f"/>
      </object_component>
      <object_component id="oc-42a">
         <name>.text:initEPWM3</name>
         <load_address>0x8253a</load_address>
         <run_address>0x8253a</run_address>
         <size>0x59</size>
         <input_file_ref idref="fl-f"/>
      </object_component>
      <object_component id="oc-436">
         <name>.text:initEPWM4</name>
         <load_address>0x82593</load_address>
         <run_address>0x82593</run_address>
         <size>0x59</size>
         <input_file_ref idref="fl-f"/>
      </object_component>
      <object_component id="oc-3fd">
         <name>.text:InitCpuTimers</name>
         <load_address>0x825ec</load_address>
         <run_address>0x825ec</run_address>
         <size>0x3b</size>
         <input_file_ref idref="fl-5"/>
      </object_component>
      <object_component id="oc-81">
         <name>.text:decompress:lzss</name>
         <load_address>0x82627</load_address>
         <run_address>0x82627</run_address>
         <size>0x30</size>
         <input_file_ref idref="fl-27"/>
      </object_component>
      <object_component id="oc-3d3">
         <name>.text:InitGpio</name>
         <load_address>0x82657</load_address>
         <run_address>0x82657</run_address>
         <size>0x2c</size>
         <input_file_ref idref="fl-9"/>
      </object_component>
      <object_component id="oc-442">
         <name>.text:initEPWM5</name>
         <load_address>0x82683</load_address>
         <run_address>0x82683</run_address>
         <size>0x2c</size>
         <input_file_ref idref="fl-f"/>
      </object_component>
      <object_component id="oc-63e">
         <name>.text:__TI_auto_init_nobinit_nopinit</name>
         <load_address>0x826af</load_address>
         <run_address>0x826af</run_address>
         <size>0x2b</size>
         <input_file_ref idref="fl-24"/>
      </object_component>
      <object_component id="oc-606">
         <name>.text:SysXtalOscSel</name>
         <load_address>0x826da</load_address>
         <run_address>0x826da</run_address>
         <size>0x29</size>
         <input_file_ref idref="fl-c"/>
      </object_component>
      <object_component id="oc-5da">
         <name>.text</name>
         <load_address>0x82703</load_address>
         <run_address>0x82703</run_address>
         <size>0x29</size>
         <input_file_ref idref="fl-28"/>
      </object_component>
      <object_component id="oc-3c7">
         <name>.text:OverTemp</name>
         <load_address>0x8272c</load_address>
         <run_address>0x8272c</run_address>
         <size>0x22</size>
         <input_file_ref idref="fl-3"/>
      </object_component>
      <object_component id="oc-406">
         <name>.text:ConfigCpuTimer</name>
         <load_address>0x8274e</load_address>
         <run_address>0x8274e</run_address>
         <size>0x21</size>
         <input_file_ref idref="fl-5"/>
      </object_component>
      <object_component id="oc-3e5">
         <name>.text:ConfigureADC</name>
         <load_address>0x8276f</load_address>
         <run_address>0x8276f</run_address>
         <size>0x21</size>
         <input_file_ref idref="fl-2"/>
      </object_component>
      <object_component id="oc-3d9">
         <name>.text:InitPieCtrl</name>
         <load_address>0x82790</load_address>
         <run_address>0x82790</run_address>
         <size>0x1f</size>
         <input_file_ref idref="fl-a"/>
      </object_component>
      <object_component id="oc-3cd">
         <name>.text:InitSysCtrl</name>
         <load_address>0x827af</load_address>
         <run_address>0x827af</run_address>
         <size>0x1d</size>
         <input_file_ref idref="fl-c"/>
      </object_component>
      <object_component id="oc-5fa">
         <name>.text:SysXtalOscSESel</name>
         <load_address>0x827cc</load_address>
         <run_address>0x827cc</run_address>
         <size>0x1d</size>
         <input_file_ref idref="fl-c"/>
      </object_component>
      <object_component id="oc-309">
         <name>.text</name>
         <load_address>0x827e9</load_address>
         <run_address>0x827e9</run_address>
         <size>0x1d</size>
         <input_file_ref idref="fl-22"/>
      </object_component>
      <object_component id="oc-680">
         <name>.text:PollX1Counter</name>
         <load_address>0x82806</load_address>
         <run_address>0x82806</run_address>
         <size>0x18</size>
         <input_file_ref idref="fl-c"/>
      </object_component>
      <object_component id="oc-424">
         <name>.text:InitEPwm3Gpio</name>
         <load_address>0x8281e</load_address>
         <run_address>0x8281e</run_address>
         <size>0x17</size>
         <input_file_ref idref="fl-7"/>
      </object_component>
      <object_component id="oc-430">
         <name>.text:InitEPwm4Gpio</name>
         <load_address>0x82835</load_address>
         <run_address>0x82835</run_address>
         <size>0x17</size>
         <input_file_ref idref="fl-7"/>
      </object_component>
      <object_component id="oc-520">
         <name>.text</name>
         <load_address>0x8284c</load_address>
         <run_address>0x8284c</run_address>
         <size>0x17</size>
         <input_file_ref idref="fl-20"/>
      </object_component>
      <object_component id="oc-40c">
         <name>.text:InitEPwm1Gpio</name>
         <load_address>0x82863</load_address>
         <run_address>0x82863</run_address>
         <size>0x15</size>
         <input_file_ref idref="fl-7"/>
      </object_component>
      <object_component id="oc-418">
         <name>.text:InitEPwm2Gpio</name>
         <load_address>0x82878</load_address>
         <run_address>0x82878</run_address>
         <size>0x15</size>
         <input_file_ref idref="fl-7"/>
      </object_component>
      <object_component id="oc-43c">
         <name>.text:InitEPwm5Gpio</name>
         <load_address>0x8288d</load_address>
         <run_address>0x8288d</run_address>
         <size>0x15</size>
         <input_file_ref idref="fl-7"/>
      </object_component>
      <object_component id="oc-3f7">
         <name>.text:InitTestGpio</name>
         <load_address>0x828a2</load_address>
         <run_address>0x828a2</run_address>
         <size>0x13</size>
         <input_file_ref idref="fl-3"/>
      </object_component>
      <object_component id="oc-448">
         <name>.text:InitEPwm7Gpio</name>
         <load_address>0x828b5</load_address>
         <run_address>0x828b5</run_address>
         <size>0x12</size>
         <input_file_ref idref="fl-7"/>
      </object_component>
      <object_component id="oc-3df">
         <name>.text:InitPieVectTable</name>
         <load_address>0x828c7</load_address>
         <run_address>0x828c7</run_address>
         <size>0x10</size>
         <input_file_ref idref="fl-b"/>
      </object_component>
      <object_component id="oc-246">
         <name>.text:EMPTY_ISR</name>
         <load_address>0x828d7</load_address>
         <run_address>0x828d7</run_address>
         <size>0xd</size>
         <input_file_ref idref="fl-6"/>
      </object_component>
      <object_component id="oc-4de">
         <name>.text:TrigPointSel</name>
         <load_address>0x828e4</load_address>
         <run_address>0x828e4</run_address>
         <size>0xd</size>
         <input_file_ref idref="fl-f"/>
      </object_component>
      <object_component id="oc-311">
         <name>.text:decompress:ZI:__TI_zero_init_nomemset</name>
         <load_address>0x828f1</load_address>
         <run_address>0x828f1</run_address>
         <size>0xd</size>
         <input_file_ref idref="fl-25"/>
      </object_component>
      <object_component id="oc-54c">
         <name>.text:DisableDog</name>
         <load_address>0x828fe</load_address>
         <run_address>0x828fe</run_address>
         <size>0xc</size>
         <input_file_ref idref="fl-c"/>
      </object_component>
      <object_component id="oc-5d4">
         <name>.text</name>
         <load_address>0x8290a</load_address>
         <run_address>0x8290a</run_address>
         <size>0xc</size>
         <input_file_ref idref="fl-2a"/>
      </object_component>
      <object_component id="oc-2ee">
         <name>.text:ADCA1_ISR</name>
         <load_address>0x82916</load_address>
         <run_address>0x82916</run_address>
         <size>0xa</size>
         <input_file_ref idref="fl-6"/>
      </object_component>
      <object_component id="oc-2e8">
         <name>.text:ADCA2_ISR</name>
         <load_address>0x82920</load_address>
         <run_address>0x82920</run_address>
         <size>0xa</size>
         <input_file_ref idref="fl-6"/>
      </object_component>
      <object_component id="oc-2e2">
         <name>.text:ADCA3_ISR</name>
         <load_address>0x8292a</load_address>
         <run_address>0x8292a</run_address>
         <size>0xa</size>
         <input_file_ref idref="fl-6"/>
      </object_component>
      <object_component id="oc-2dc">
         <name>.text:ADCA4_ISR</name>
         <load_address>0x82934</load_address>
         <run_address>0x82934</run_address>
         <size>0xa</size>
         <input_file_ref idref="fl-6"/>
      </object_component>
      <object_component id="oc-2d6">
         <name>.text:ADCA_EVT_ISR</name>
         <load_address>0x8293e</load_address>
         <run_address>0x8293e</run_address>
         <size>0xa</size>
         <input_file_ref idref="fl-6"/>
      </object_component>
      <object_component id="oc-2d0">
         <name>.text:ADCC1_ISR</name>
         <load_address>0x82948</load_address>
         <run_address>0x82948</run_address>
         <size>0xa</size>
         <input_file_ref idref="fl-6"/>
      </object_component>
      <object_component id="oc-2ca">
         <name>.text:ADCC2_ISR</name>
         <load_address>0x82952</load_address>
         <run_address>0x82952</run_address>
         <size>0xa</size>
         <input_file_ref idref="fl-6"/>
      </object_component>
      <object_component id="oc-2c4">
         <name>.text:ADCC3_ISR</name>
         <load_address>0x8295c</load_address>
         <run_address>0x8295c</run_address>
         <size>0xa</size>
         <input_file_ref idref="fl-6"/>
      </object_component>
      <object_component id="oc-2be">
         <name>.text:ADCC4_ISR</name>
         <load_address>0x82966</load_address>
         <run_address>0x82966</run_address>
         <size>0xa</size>
         <input_file_ref idref="fl-6"/>
      </object_component>
      <object_component id="oc-2b8">
         <name>.text:ADCC_EVT_ISR</name>
         <load_address>0x82970</load_address>
         <run_address>0x82970</run_address>
         <size>0xa</size>
         <input_file_ref idref="fl-6"/>
      </object_component>
      <object_component id="oc-2b2">
         <name>.text:BGCRC_ISR</name>
         <load_address>0x8297a</load_address>
         <run_address>0x8297a</run_address>
         <size>0xa</size>
         <input_file_ref idref="fl-6"/>
      </object_component>
      <object_component id="oc-2ac">
         <name>.text:CANA0_ISR</name>
         <load_address>0x82984</load_address>
         <run_address>0x82984</run_address>
         <size>0xa</size>
         <input_file_ref idref="fl-6"/>
      </object_component>
      <object_component id="oc-2a6">
         <name>.text:CANA1_ISR</name>
         <load_address>0x8298e</load_address>
         <run_address>0x8298e</run_address>
         <size>0xa</size>
         <input_file_ref idref="fl-6"/>
      </object_component>
      <object_component id="oc-2a0">
         <name>.text:CLB1_ISR</name>
         <load_address>0x82998</load_address>
         <run_address>0x82998</run_address>
         <size>0xa</size>
         <input_file_ref idref="fl-6"/>
      </object_component>
      <object_component id="oc-29a">
         <name>.text:CLB2_ISR</name>
         <load_address>0x829a2</load_address>
         <run_address>0x829a2</run_address>
         <size>0xa</size>
         <input_file_ref idref="fl-6"/>
      </object_component>
      <object_component id="oc-294">
         <name>.text:DATALOG_ISR</name>
         <load_address>0x829ac</load_address>
         <run_address>0x829ac</run_address>
         <size>0xa</size>
         <input_file_ref idref="fl-6"/>
      </object_component>
      <object_component id="oc-28e">
         <name>.text:DCC0_ISR</name>
         <load_address>0x829b6</load_address>
         <run_address>0x829b6</run_address>
         <size>0xa</size>
         <input_file_ref idref="fl-6"/>
      </object_component>
      <object_component id="oc-288">
         <name>.text:DCC1_ISR</name>
         <load_address>0x829c0</load_address>
         <run_address>0x829c0</run_address>
         <size>0xa</size>
         <input_file_ref idref="fl-6"/>
      </object_component>
      <object_component id="oc-282">
         <name>.text:DMA_CH1_ISR</name>
         <load_address>0x829ca</load_address>
         <run_address>0x829ca</run_address>
         <size>0xa</size>
         <input_file_ref idref="fl-6"/>
      </object_component>
      <object_component id="oc-27c">
         <name>.text:DMA_CH2_ISR</name>
         <load_address>0x829d4</load_address>
         <run_address>0x829d4</run_address>
         <size>0xa</size>
         <input_file_ref idref="fl-6"/>
      </object_component>
      <object_component id="oc-276">
         <name>.text:DMA_CH3_ISR</name>
         <load_address>0x829de</load_address>
         <run_address>0x829de</run_address>
         <size>0xa</size>
         <input_file_ref idref="fl-6"/>
      </object_component>
      <object_component id="oc-270">
         <name>.text:DMA_CH4_ISR</name>
         <load_address>0x829e8</load_address>
         <run_address>0x829e8</run_address>
         <size>0xa</size>
         <input_file_ref idref="fl-6"/>
      </object_component>
      <object_component id="oc-26a">
         <name>.text:DMA_CH5_ISR</name>
         <load_address>0x829f2</load_address>
         <run_address>0x829f2</run_address>
         <size>0xa</size>
         <input_file_ref idref="fl-6"/>
      </object_component>
      <object_component id="oc-264">
         <name>.text:DMA_CH6_ISR</name>
         <load_address>0x829fc</load_address>
         <run_address>0x829fc</run_address>
         <size>0xa</size>
         <input_file_ref idref="fl-6"/>
      </object_component>
      <object_component id="oc-25e">
         <name>.text:ECAP1_ISR</name>
         <load_address>0x82a06</load_address>
         <run_address>0x82a06</run_address>
         <size>0xa</size>
         <input_file_ref idref="fl-6"/>
      </object_component>
      <object_component id="oc-258">
         <name>.text:ECAP2_ISR</name>
         <load_address>0x82a10</load_address>
         <run_address>0x82a10</run_address>
         <size>0xa</size>
         <input_file_ref idref="fl-6"/>
      </object_component>
      <object_component id="oc-252">
         <name>.text:ECAP3_2_ISR</name>
         <load_address>0x82a1a</load_address>
         <run_address>0x82a1a</run_address>
         <size>0xa</size>
         <input_file_ref idref="fl-6"/>
      </object_component>
      <object_component id="oc-24c">
         <name>.text:ECAP3_ISR</name>
         <load_address>0x82a24</load_address>
         <run_address>0x82a24</run_address>
         <size>0xa</size>
         <input_file_ref idref="fl-6"/>
      </object_component>
      <object_component id="oc-240">
         <name>.text:EMU_ISR</name>
         <load_address>0x82a2e</load_address>
         <run_address>0x82a2e</run_address>
         <size>0xa</size>
         <input_file_ref idref="fl-6"/>
      </object_component>
      <object_component id="oc-23a">
         <name>.text:EPWM1_ISR</name>
         <load_address>0x82a38</load_address>
         <run_address>0x82a38</run_address>
         <size>0xa</size>
         <input_file_ref idref="fl-6"/>
      </object_component>
      <object_component id="oc-234">
         <name>.text:EPWM1_TZ_ISR</name>
         <load_address>0x82a42</load_address>
         <run_address>0x82a42</run_address>
         <size>0xa</size>
         <input_file_ref idref="fl-6"/>
      </object_component>
      <object_component id="oc-22e">
         <name>.text:EPWM2_ISR</name>
         <load_address>0x82a4c</load_address>
         <run_address>0x82a4c</run_address>
         <size>0xa</size>
         <input_file_ref idref="fl-6"/>
      </object_component>
      <object_component id="oc-228">
         <name>.text:EPWM2_TZ_ISR</name>
         <load_address>0x82a56</load_address>
         <run_address>0x82a56</run_address>
         <size>0xa</size>
         <input_file_ref idref="fl-6"/>
      </object_component>
      <object_component id="oc-222">
         <name>.text:EPWM3_ISR</name>
         <load_address>0x82a60</load_address>
         <run_address>0x82a60</run_address>
         <size>0xa</size>
         <input_file_ref idref="fl-6"/>
      </object_component>
      <object_component id="oc-21c">
         <name>.text:EPWM3_TZ_ISR</name>
         <load_address>0x82a6a</load_address>
         <run_address>0x82a6a</run_address>
         <size>0xa</size>
         <input_file_ref idref="fl-6"/>
      </object_component>
      <object_component id="oc-216">
         <name>.text:EPWM4_ISR</name>
         <load_address>0x82a74</load_address>
         <run_address>0x82a74</run_address>
         <size>0xa</size>
         <input_file_ref idref="fl-6"/>
      </object_component>
      <object_component id="oc-210">
         <name>.text:EPWM4_TZ_ISR</name>
         <load_address>0x82a7e</load_address>
         <run_address>0x82a7e</run_address>
         <size>0xa</size>
         <input_file_ref idref="fl-6"/>
      </object_component>
      <object_component id="oc-20a">
         <name>.text:EPWM5_ISR</name>
         <load_address>0x82a88</load_address>
         <run_address>0x82a88</run_address>
         <size>0xa</size>
         <input_file_ref idref="fl-6"/>
      </object_component>
      <object_component id="oc-204">
         <name>.text:EPWM5_TZ_ISR</name>
         <load_address>0x82a92</load_address>
         <run_address>0x82a92</run_address>
         <size>0xa</size>
         <input_file_ref idref="fl-6"/>
      </object_component>
      <object_component id="oc-1fe">
         <name>.text:EPWM6_ISR</name>
         <load_address>0x82a9c</load_address>
         <run_address>0x82a9c</run_address>
         <size>0xa</size>
         <input_file_ref idref="fl-6"/>
      </object_component>
      <object_component id="oc-1f8">
         <name>.text:EPWM6_TZ_ISR</name>
         <load_address>0x82aa6</load_address>
         <run_address>0x82aa6</run_address>
         <size>0xa</size>
         <input_file_ref idref="fl-6"/>
      </object_component>
      <object_component id="oc-1f2">
         <name>.text:EPWM7_ISR</name>
         <load_address>0x82ab0</load_address>
         <run_address>0x82ab0</run_address>
         <size>0xa</size>
         <input_file_ref idref="fl-6"/>
      </object_component>
      <object_component id="oc-1ec">
         <name>.text:EPWM7_TZ_ISR</name>
         <load_address>0x82aba</load_address>
         <run_address>0x82aba</run_address>
         <size>0xa</size>
         <input_file_ref idref="fl-6"/>
      </object_component>
      <object_component id="oc-1e6">
         <name>.text:EQEP1_ISR</name>
         <load_address>0x82ac4</load_address>
         <run_address>0x82ac4</run_address>
         <size>0xa</size>
         <input_file_ref idref="fl-6"/>
      </object_component>
      <object_component id="oc-1e0">
         <name>.text:EQEP2_ISR</name>
         <load_address>0x82ace</load_address>
         <run_address>0x82ace</run_address>
         <size>0xa</size>
         <input_file_ref idref="fl-6"/>
      </object_component>
      <object_component id="oc-1da">
         <name>.text:FLASH_CORR_ERR_ISR</name>
         <load_address>0x82ad8</load_address>
         <run_address>0x82ad8</run_address>
         <size>0xa</size>
         <input_file_ref idref="fl-6"/>
      </object_component>
      <object_component id="oc-1d4">
         <name>.text:FMC_ISR</name>
         <load_address>0x82ae2</load_address>
         <run_address>0x82ae2</run_address>
         <size>0xa</size>
         <input_file_ref idref="fl-6"/>
      </object_component>
      <object_component id="oc-1ce">
         <name>.text:FPU_OVERFLOW_ISR</name>
         <load_address>0x82aec</load_address>
         <run_address>0x82aec</run_address>
         <size>0xa</size>
         <input_file_ref idref="fl-6"/>
      </object_component>
      <object_component id="oc-1c8">
         <name>.text:FPU_UNDERFLOW_ISR</name>
         <load_address>0x82af6</load_address>
         <run_address>0x82af6</run_address>
         <size>0xa</size>
         <input_file_ref idref="fl-6"/>
      </object_component>
      <object_component id="oc-1c2">
         <name>.text:FSIRXA1_ISR</name>
         <load_address>0x82b00</load_address>
         <run_address>0x82b00</run_address>
         <size>0xa</size>
         <input_file_ref idref="fl-6"/>
      </object_component>
      <object_component id="oc-1bc">
         <name>.text:FSIRXA2_ISR</name>
         <load_address>0x82b0a</load_address>
         <run_address>0x82b0a</run_address>
         <size>0xa</size>
         <input_file_ref idref="fl-6"/>
      </object_component>
      <object_component id="oc-1b6">
         <name>.text:FSITXA1_ISR</name>
         <load_address>0x82b14</load_address>
         <run_address>0x82b14</run_address>
         <size>0xa</size>
         <input_file_ref idref="fl-6"/>
      </object_component>
      <object_component id="oc-1b0">
         <name>.text:FSITXA2_ISR</name>
         <load_address>0x82b1e</load_address>
         <run_address>0x82b1e</run_address>
         <size>0xa</size>
         <input_file_ref idref="fl-6"/>
      </object_component>
      <object_component id="oc-1aa">
         <name>.text:HICA_ISR</name>
         <load_address>0x82b28</load_address>
         <run_address>0x82b28</run_address>
         <size>0xa</size>
         <input_file_ref idref="fl-6"/>
      </object_component>
      <object_component id="oc-1a4">
         <name>.text:I2CA_FIFO_ISR</name>
         <load_address>0x82b32</load_address>
         <run_address>0x82b32</run_address>
         <size>0xa</size>
         <input_file_ref idref="fl-6"/>
      </object_component>
      <object_component id="oc-19e">
         <name>.text:I2CA_ISR</name>
         <load_address>0x82b3c</load_address>
         <run_address>0x82b3c</run_address>
         <size>0xa</size>
         <input_file_ref idref="fl-6"/>
      </object_component>
      <object_component id="oc-198">
         <name>.text:I2CB_FIFO_ISR</name>
         <load_address>0x82b46</load_address>
         <run_address>0x82b46</run_address>
         <size>0xa</size>
         <input_file_ref idref="fl-6"/>
      </object_component>
      <object_component id="oc-192">
         <name>.text:I2CB_ISR</name>
         <load_address>0x82b50</load_address>
         <run_address>0x82b50</run_address>
         <size>0xa</size>
         <input_file_ref idref="fl-6"/>
      </object_component>
      <object_component id="oc-18c">
         <name>.text:ILLEGAL_ISR</name>
         <load_address>0x82b5a</load_address>
         <run_address>0x82b5a</run_address>
         <size>0xa</size>
         <input_file_ref idref="fl-6"/>
      </object_component>
      <object_component id="oc-186">
         <name>.text:LINA_0_ISR</name>
         <load_address>0x82b64</load_address>
         <run_address>0x82b64</run_address>
         <size>0xa</size>
         <input_file_ref idref="fl-6"/>
      </object_component>
      <object_component id="oc-180">
         <name>.text:LINA_1_ISR</name>
         <load_address>0x82b6e</load_address>
         <run_address>0x82b6e</run_address>
         <size>0xa</size>
         <input_file_ref idref="fl-6"/>
      </object_component>
      <object_component id="oc-17a">
         <name>.text:LINB_0_ISR</name>
         <load_address>0x82b78</load_address>
         <run_address>0x82b78</run_address>
         <size>0xa</size>
         <input_file_ref idref="fl-6"/>
      </object_component>
      <object_component id="oc-174">
         <name>.text:LINB_1_ISR</name>
         <load_address>0x82b82</load_address>
         <run_address>0x82b82</run_address>
         <size>0xa</size>
         <input_file_ref idref="fl-6"/>
      </object_component>
      <object_component id="oc-16e">
         <name>.text:MPOST_ISR</name>
         <load_address>0x82b8c</load_address>
         <run_address>0x82b8c</run_address>
         <size>0xa</size>
         <input_file_ref idref="fl-6"/>
      </object_component>
      <object_component id="oc-168">
         <name>.text:NMI_ISR</name>
         <load_address>0x82b96</load_address>
         <run_address>0x82b96</run_address>
         <size>0xa</size>
         <input_file_ref idref="fl-6"/>
      </object_component>
      <object_component id="oc-162">
         <name>.text:NOTUSED_ISR</name>
         <load_address>0x82ba0</load_address>
         <run_address>0x82ba0</run_address>
         <size>0xa</size>
         <input_file_ref idref="fl-6"/>
      </object_component>
      <object_component id="oc-15c">
         <name>.text:PIE_RESERVED_ISR</name>
         <load_address>0x82baa</load_address>
         <run_address>0x82baa</run_address>
         <size>0xa</size>
         <input_file_ref idref="fl-6"/>
      </object_component>
      <object_component id="oc-156">
         <name>.text:PMBUSA_ISR</name>
         <load_address>0x82bb4</load_address>
         <run_address>0x82bb4</run_address>
         <size>0xa</size>
         <input_file_ref idref="fl-6"/>
      </object_component>
      <object_component id="oc-150">
         <name>.text:RAM_ACC_VIOL_ISR</name>
         <load_address>0x82bbe</load_address>
         <run_address>0x82bbe</run_address>
         <size>0xa</size>
         <input_file_ref idref="fl-6"/>
      </object_component>
      <object_component id="oc-14a">
         <name>.text:RAM_CORR_ERR_ISR</name>
         <load_address>0x82bc8</load_address>
         <run_address>0x82bc8</run_address>
         <size>0xa</size>
         <input_file_ref idref="fl-6"/>
      </object_component>
      <object_component id="oc-144">
         <name>.text:RTOS_ISR</name>
         <load_address>0x82bd2</load_address>
         <run_address>0x82bd2</run_address>
         <size>0xa</size>
         <input_file_ref idref="fl-6"/>
      </object_component>
      <object_component id="oc-13e">
         <name>.text:SCIA_RX_ISR</name>
         <load_address>0x82bdc</load_address>
         <run_address>0x82bdc</run_address>
         <size>0xa</size>
         <input_file_ref idref="fl-6"/>
      </object_component>
      <object_component id="oc-138">
         <name>.text:SCIA_TX_ISR</name>
         <load_address>0x82be6</load_address>
         <run_address>0x82be6</run_address>
         <size>0xa</size>
         <input_file_ref idref="fl-6"/>
      </object_component>
      <object_component id="oc-132">
         <name>.text:SPIA_RX_ISR</name>
         <load_address>0x82bf0</load_address>
         <run_address>0x82bf0</run_address>
         <size>0xa</size>
         <input_file_ref idref="fl-6"/>
      </object_component>
      <object_component id="oc-12c">
         <name>.text:SPIA_TX_ISR</name>
         <load_address>0x82bfa</load_address>
         <run_address>0x82bfa</run_address>
         <size>0xa</size>
         <input_file_ref idref="fl-6"/>
      </object_component>
      <object_component id="oc-126">
         <name>.text:SPIB_RX_ISR</name>
         <load_address>0x82c04</load_address>
         <run_address>0x82c04</run_address>
         <size>0xa</size>
         <input_file_ref idref="fl-6"/>
      </object_component>
      <object_component id="oc-120">
         <name>.text:SPIB_TX_ISR</name>
         <load_address>0x82c0e</load_address>
         <run_address>0x82c0e</run_address>
         <size>0xa</size>
         <input_file_ref idref="fl-6"/>
      </object_component>
      <object_component id="oc-11a">
         <name>.text:SYS_PLL_SLIP_ISR</name>
         <load_address>0x82c18</load_address>
         <run_address>0x82c18</run_address>
         <size>0xa</size>
         <input_file_ref idref="fl-6"/>
      </object_component>
      <object_component id="oc-114">
         <name>.text:TIMER0_ISR</name>
         <load_address>0x82c22</load_address>
         <run_address>0x82c22</run_address>
         <size>0xa</size>
         <input_file_ref idref="fl-6"/>
      </object_component>
      <object_component id="oc-10e">
         <name>.text:TIMER1_ISR</name>
         <load_address>0x82c2c</load_address>
         <run_address>0x82c2c</run_address>
         <size>0xa</size>
         <input_file_ref idref="fl-6"/>
      </object_component>
      <object_component id="oc-108">
         <name>.text:TIMER2_ISR</name>
         <load_address>0x82c36</load_address>
         <run_address>0x82c36</run_address>
         <size>0xa</size>
         <input_file_ref idref="fl-6"/>
      </object_component>
      <object_component id="oc-102">
         <name>.text:USER10_ISR</name>
         <load_address>0x82c40</load_address>
         <run_address>0x82c40</run_address>
         <size>0xa</size>
         <input_file_ref idref="fl-6"/>
      </object_component>
      <object_component id="oc-fc">
         <name>.text:USER11_ISR</name>
         <load_address>0x82c4a</load_address>
         <run_address>0x82c4a</run_address>
         <size>0xa</size>
         <input_file_ref idref="fl-6"/>
      </object_component>
      <object_component id="oc-f6">
         <name>.text:USER12_ISR</name>
         <load_address>0x82c54</load_address>
         <run_address>0x82c54</run_address>
         <size>0xa</size>
         <input_file_ref idref="fl-6"/>
      </object_component>
      <object_component id="oc-f0">
         <name>.text:USER1_ISR</name>
         <load_address>0x82c5e</load_address>
         <run_address>0x82c5e</run_address>
         <size>0xa</size>
         <input_file_ref idref="fl-6"/>
      </object_component>
      <object_component id="oc-ea">
         <name>.text:USER2_ISR</name>
         <load_address>0x82c68</load_address>
         <run_address>0x82c68</run_address>
         <size>0xa</size>
         <input_file_ref idref="fl-6"/>
      </object_component>
      <object_component id="oc-e4">
         <name>.text:USER3_ISR</name>
         <load_address>0x82c72</load_address>
         <run_address>0x82c72</run_address>
         <size>0xa</size>
         <input_file_ref idref="fl-6"/>
      </object_component>
      <object_component id="oc-de">
         <name>.text:USER4_ISR</name>
         <load_address>0x82c7c</load_address>
         <run_address>0x82c7c</run_address>
         <size>0xa</size>
         <input_file_ref idref="fl-6"/>
      </object_component>
      <object_component id="oc-d8">
         <name>.text:USER5_ISR</name>
         <load_address>0x82c86</load_address>
         <run_address>0x82c86</run_address>
         <size>0xa</size>
         <input_file_ref idref="fl-6"/>
      </object_component>
      <object_component id="oc-d2">
         <name>.text:USER6_ISR</name>
         <load_address>0x82c90</load_address>
         <run_address>0x82c90</run_address>
         <size>0xa</size>
         <input_file_ref idref="fl-6"/>
      </object_component>
      <object_component id="oc-cc">
         <name>.text:USER7_ISR</name>
         <load_address>0x82c9a</load_address>
         <run_address>0x82c9a</run_address>
         <size>0xa</size>
         <input_file_ref idref="fl-6"/>
      </object_component>
      <object_component id="oc-c6">
         <name>.text:USER8_ISR</name>
         <load_address>0x82ca4</load_address>
         <run_address>0x82ca4</run_address>
         <size>0xa</size>
         <input_file_ref idref="fl-6"/>
      </object_component>
      <object_component id="oc-c0">
         <name>.text:USER9_ISR</name>
         <load_address>0x82cae</load_address>
         <run_address>0x82cae</run_address>
         <size>0xa</size>
         <input_file_ref idref="fl-6"/>
      </object_component>
      <object_component id="oc-ba">
         <name>.text:WAKE_ISR</name>
         <load_address>0x82cb8</load_address>
         <run_address>0x82cb8</run_address>
         <size>0xa</size>
         <input_file_ref idref="fl-6"/>
      </object_component>
      <object_component id="oc-b4">
         <name>.text:XINT1_ISR</name>
         <load_address>0x82cc2</load_address>
         <run_address>0x82cc2</run_address>
         <size>0xa</size>
         <input_file_ref idref="fl-6"/>
      </object_component>
      <object_component id="oc-ae">
         <name>.text:XINT2_ISR</name>
         <load_address>0x82ccc</load_address>
         <run_address>0x82ccc</run_address>
         <size>0xa</size>
         <input_file_ref idref="fl-6"/>
      </object_component>
      <object_component id="oc-a8">
         <name>.text:XINT3_ISR</name>
         <load_address>0x82cd6</load_address>
         <run_address>0x82cd6</run_address>
         <size>0xa</size>
         <input_file_ref idref="fl-6"/>
      </object_component>
      <object_component id="oc-a2">
         <name>.text:XINT4_ISR</name>
         <load_address>0x82ce0</load_address>
         <run_address>0x82ce0</run_address>
         <size>0xa</size>
         <input_file_ref idref="fl-6"/>
      </object_component>
      <object_component id="oc-99">
         <name>.text:XINT5_ISR</name>
         <load_address>0x82cea</load_address>
         <run_address>0x82cea</run_address>
         <size>0xa</size>
         <input_file_ref idref="fl-6"/>
      </object_component>
      <object_component id="oc-600">
         <name>.text:SysIntOsc1Sel</name>
         <load_address>0x82cf4</load_address>
         <run_address>0x82cf4</run_address>
         <size>0x9</size>
         <input_file_ref idref="fl-c"/>
      </object_component>
      <object_component id="oc-6b4">
         <name>.text</name>
         <load_address>0x82cfd</load_address>
         <run_address>0x82cfd</run_address>
         <size>0x9</size>
         <input_file_ref idref="fl-29"/>
      </object_component>
      <object_component id="oc-87">
         <name>.text:decompress:none</name>
         <load_address>0x82d06</load_address>
         <run_address>0x82d06</run_address>
         <size>0x8</size>
         <input_file_ref idref="fl-26"/>
      </object_component>
      <object_component id="oc-31d">
         <name>.text</name>
         <load_address>0x82d0e</load_address>
         <run_address>0x82d0e</run_address>
         <size>0x8</size>
         <input_file_ref idref="fl-4"/>
      </object_component>
      <object_component id="oc-60c">
         <name>.text:SysIntOsc2Sel</name>
         <load_address>0x82d16</load_address>
         <run_address>0x82d16</run_address>
         <size>0x7</size>
         <input_file_ref idref="fl-c"/>
      </object_component>
      <object_component id="oc-5cd">
         <name>.text</name>
         <load_address>0x82d1d</load_address>
         <run_address>0x82d1d</run_address>
         <size>0x2</size>
         <input_file_ref idref="fl-23"/>
      </object_component>
      <object_component id="oc-69a">
         <name>.text</name>
         <load_address>0x82d1f</load_address>
         <run_address>0x82d1f</run_address>
         <size>0x1</size>
         <input_file_ref idref="fl-2d"/>
      </object_component>
      <object_component id="oc-771">
         <name>.cinit..data.load</name>
         <load_address>0x81978</load_address>
         <run_address>0x81978</run_address>
         <size>0x1b</size>
      </object_component>
      <object_component id="oc-76e">
         <name>__TI_handler_table</name>
         <load_address>0x81994</load_address>
         <run_address>0x81994</run_address>
         <size>0x6</size>
      </object_component>
      <object_component id="oc-770">
         <name>.cinit..bss.load</name>
         <load_address>0x8199a</load_address>
         <run_address>0x8199a</run_address>
         <size>0x4</size>
      </object_component>
      <object_component id="oc-772">
         <name>.cinit.PieVectTableFile.load</name>
         <load_address>0x8199e</load_address>
         <run_address>0x8199e</run_address>
         <size>0x4</size>
      </object_component>
      <object_component id="oc-76f">
         <name>__TI_cinit_table</name>
         <load_address>0x819a2</load_address>
         <run_address>0x819a2</run_address>
         <size>0xc</size>
      </object_component>
      <object_component id="oc-306">
         <name>.stack</name>
         <uninitialized>true</uninitialized>
         <run_address>0x400</run_address>
         <size>0x0</size>
         <input_file_ref idref="fl-20"/>
      </object_component>
      <object_component id="oc-773">
         <name>.stack</name>
         <uninitialized>true</uninitialized>
         <run_address>0x400</run_address>
         <size>0x0</size>
      </object_component>
      <object_component id="oc-403">
         <name>.bss</name>
         <uninitialized>true</uninitialized>
         <run_address>0xa026</run_address>
         <size>0x18</size>
         <input_file_ref idref="fl-5"/>
      </object_component>
      <object_component id="oc-38b">
         <name>.bss</name>
         <uninitialized>true</uninitialized>
         <run_address>0xa000</run_address>
         <size>0x26</size>
         <input_file_ref idref="fl-e"/>
      </object_component>
      <object_component id="oc-9f">
         <name>.const</name>
         <load_address>0x81000</load_address>
         <run_address>0x81000</run_address>
         <size>0x1c0</size>
         <input_file_ref idref="fl-b"/>
      </object_component>
      <object_component id="oc-38e">
         <name>.data</name>
         <load_address>0xa040</load_address>
         <run_address>0xa040</run_address>
         <size>0x24</size>
         <input_file_ref idref="fl-e"/>
      </object_component>
      <object_component id="oc-4b1">
         <name>.data:dpi_Vout</name>
         <load_address>0xa070</load_address>
         <run_address>0xa070</run_address>
         <size>0x4</size>
         <input_file_ref idref="fl-e"/>
      </object_component>
      <object_component id="oc-4ae">
         <name>.data:epi_Vout</name>
         <load_address>0xa074</load_address>
         <run_address>0xa074</run_address>
         <size>0x4</size>
         <input_file_ref idref="fl-e"/>
      </object_component>
      <object_component id="oc-48d">
         <name>.data:Ph_Status_L</name>
         <load_address>0xa06a</load_address>
         <run_address>0xa06a</run_address>
         <size>0x5</size>
         <input_file_ref idref="fl-e"/>
      </object_component>
      <object_component id="oc-670">
         <name>.data</name>
         <load_address>0xa064</load_address>
         <run_address>0xa064</run_address>
         <size>0x6</size>
         <input_file_ref idref="fl-28"/>
      </object_component>
      <object_component id="oc-673">
         <name>.data:_lock</name>
         <load_address>0xa03e</load_address>
         <run_address>0xa03e</run_address>
         <size>0x2</size>
         <input_file_ref idref="fl-29"/>
      </object_component>
      <object_component id="oc-6cd">
         <name>.data:_unlock</name>
         <load_address>0xa078</load_address>
         <run_address>0xa078</run_address>
         <size>0x2</size>
         <input_file_ref idref="fl-29"/>
      </object_component>
      <object_component id="oc-300">
         <name>.TI.ramfunc:adcA1ISR</name>
         <load_address>0x811c0</load_address>
         <run_address>0xc000</run_address>
         <size>0x2ef</size>
         <input_file_ref idref="fl-e"/>
      </object_component>
      <object_component id="oc-2f4">
         <name>.TI.ramfunc:adcC1ISR</name>
         <load_address>0x814af</load_address>
         <run_address>0xc2ef</run_address>
         <size>0xb2</size>
         <input_file_ref idref="fl-e"/>
      </object_component>
      <object_component id="oc-3a9">
         <name>.TI.ramfunc:ConverterOFF</name>
         <load_address>0x81561</load_address>
         <run_address>0xc3a1</run_address>
         <size>0x3e</size>
         <input_file_ref idref="fl-3"/>
      </object_component>
      <object_component id="oc-3af">
         <name>.TI.ramfunc:GetTemp1</name>
         <load_address>0x8159f</load_address>
         <run_address>0xc3df</run_address>
         <size>0x35</size>
         <input_file_ref idref="fl-2"/>
      </object_component>
      <object_component id="oc-3b5">
         <name>.TI.ramfunc:GetTemp2</name>
         <load_address>0x815d4</load_address>
         <run_address>0xc414</run_address>
         <size>0x35</size>
         <input_file_ref idref="fl-2"/>
      </object_component>
      <object_component id="oc-3bb">
         <name>.TI.ramfunc:GetTemp3</name>
         <load_address>0x81609</load_address>
         <run_address>0xc449</run_address>
         <size>0x35</size>
         <input_file_ref idref="fl-2"/>
      </object_component>
      <object_component id="oc-3c1">
         <name>.TI.ramfunc:GetTemp4</name>
         <load_address>0x8163e</load_address>
         <run_address>0xc47e</run_address>
         <size>0x35</size>
         <input_file_ref idref="fl-2"/>
      </object_component>
      <object_component id="oc-4e4">
         <name>.TI.ramfunc:Ph1_ADC_Trig_Point</name>
         <load_address>0x81673</load_address>
         <run_address>0xc4b3</run_address>
         <size>0x35</size>
         <input_file_ref idref="fl-f"/>
      </object_component>
      <object_component id="oc-4ea">
         <name>.TI.ramfunc:Ph2_ADC_Trig_Point</name>
         <load_address>0x816a8</load_address>
         <run_address>0xc4e8</run_address>
         <size>0x35</size>
         <input_file_ref idref="fl-f"/>
      </object_component>
      <object_component id="oc-4f0">
         <name>.TI.ramfunc:Ph3_ADC_Trig_Point</name>
         <load_address>0x816dd</load_address>
         <run_address>0xc51d</run_address>
         <size>0x35</size>
         <input_file_ref idref="fl-f"/>
      </object_component>
      <object_component id="oc-4f6">
         <name>.TI.ramfunc:Ph4_ADC_Trig_Point</name>
         <load_address>0x81712</load_address>
         <run_address>0xc552</run_address>
         <size>0x35</size>
         <input_file_ref idref="fl-f"/>
      </object_component>
      <object_component id="oc-4fc">
         <name>.TI.ramfunc:Ph5_ADC_Trig_Point</name>
         <load_address>0x81747</load_address>
         <run_address>0xc587</run_address>
         <size>0x35</size>
         <input_file_ref idref="fl-f"/>
      </object_component>
      <object_component id="oc-490">
         <name>.TI.ramfunc:Ph1_En_Dis</name>
         <load_address>0x8177c</load_address>
         <run_address>0xc5bc</run_address>
         <size>0x31</size>
         <input_file_ref idref="fl-f"/>
      </object_component>
      <object_component id="oc-552">
         <name>.TI.ramfunc:InitFlash</name>
         <load_address>0x817ad</load_address>
         <run_address>0xc5ed</run_address>
         <size>0x2c</size>
         <input_file_ref idref="fl-c"/>
      </object_component>
      <object_component id="oc-496">
         <name>.TI.ramfunc:Ph2_En_Dis</name>
         <load_address>0x817d9</load_address>
         <run_address>0xc619</run_address>
         <size>0x22</size>
         <input_file_ref idref="fl-f"/>
      </object_component>
      <object_component id="oc-49c">
         <name>.TI.ramfunc:Ph3_En_Dis</name>
         <load_address>0x817fb</load_address>
         <run_address>0xc63b</run_address>
         <size>0x22</size>
         <input_file_ref idref="fl-f"/>
      </object_component>
      <object_component id="oc-4a2">
         <name>.TI.ramfunc:Ph4_En_Dis</name>
         <load_address>0x8181d</load_address>
         <run_address>0xc65d</run_address>
         <size>0x22</size>
         <input_file_ref idref="fl-f"/>
      </object_component>
      <object_component id="oc-4a8">
         <name>.TI.ramfunc:Ph5_En_Dis</name>
         <load_address>0x8183f</load_address>
         <run_address>0xc67f</run_address>
         <size>0x22</size>
         <input_file_ref idref="fl-f"/>
      </object_component>
      <object_component id="oc-4c0">
         <name>.TI.ramfunc:DutyPh1</name>
         <load_address>0x81861</load_address>
         <run_address>0xc6a1</run_address>
         <size>0x17</size>
         <input_file_ref idref="fl-f"/>
      </object_component>
      <object_component id="oc-4c6">
         <name>.TI.ramfunc:DutyPh2</name>
         <load_address>0x81878</load_address>
         <run_address>0xc6b8</run_address>
         <size>0x17</size>
         <input_file_ref idref="fl-f"/>
      </object_component>
      <object_component id="oc-4cc">
         <name>.TI.ramfunc:DutyPh3</name>
         <load_address>0x8188f</load_address>
         <run_address>0xc6cf</run_address>
         <size>0x17</size>
         <input_file_ref idref="fl-f"/>
      </object_component>
      <object_component id="oc-4d2">
         <name>.TI.ramfunc:DutyPh4</name>
         <load_address>0x818a6</load_address>
         <run_address>0xc6e6</run_address>
         <size>0x17</size>
         <input_file_ref idref="fl-f"/>
      </object_component>
      <object_component id="oc-4d8">
         <name>.TI.ramfunc:DutyPh5</name>
         <load_address>0x818bd</load_address>
         <run_address>0xc6fd</run_address>
         <size>0x17</size>
         <input_file_ref idref="fl-f"/>
      </object_component>
      <object_component id="oc-4b4">
         <name>.TI.ramfunc:PIcontroller</name>
         <load_address>0x818d4</load_address>
         <run_address>0xc714</run_address>
         <size>0x14</size>
         <input_file_ref idref="fl-3"/>
      </object_component>
      <object_component id="oc-502">
         <name>.TI.ramfunc:shift</name>
         <load_address>0x818e8</load_address>
         <run_address>0xc728</run_address>
         <size>0x12</size>
         <input_file_ref idref="fl-2"/>
      </object_component>
      <object_component id="oc-46f">
         <name>.TI.ramfunc:GetIph1</name>
         <load_address>0x818fa</load_address>
         <run_address>0xc73a</run_address>
         <size>0x11</size>
         <input_file_ref idref="fl-2"/>
      </object_component>
      <object_component id="oc-475">
         <name>.TI.ramfunc:GetIph2</name>
         <load_address>0x8190b</load_address>
         <run_address>0xc74b</run_address>
         <size>0x11</size>
         <input_file_ref idref="fl-2"/>
      </object_component>
      <object_component id="oc-47b">
         <name>.TI.ramfunc:GetIph3</name>
         <load_address>0x8191c</load_address>
         <run_address>0xc75c</run_address>
         <size>0x11</size>
         <input_file_ref idref="fl-2"/>
      </object_component>
      <object_component id="oc-481">
         <name>.TI.ramfunc:GetIph4</name>
         <load_address>0x8192d</load_address>
         <run_address>0xc76d</run_address>
         <size>0x11</size>
         <input_file_ref idref="fl-2"/>
      </object_component>
      <object_component id="oc-487">
         <name>.TI.ramfunc:GetIph5</name>
         <load_address>0x8193e</load_address>
         <run_address>0xc77e</run_address>
         <size>0x11</size>
         <input_file_ref idref="fl-2"/>
      </object_component>
      <object_component id="oc-469">
         <name>.TI.ramfunc:GetVin</name>
         <load_address>0x8194f</load_address>
         <run_address>0xc78f</run_address>
         <size>0xb</size>
         <input_file_ref idref="fl-2"/>
      </object_component>
      <object_component id="oc-463">
         <name>.TI.ramfunc:GetVout</name>
         <load_address>0x8195a</load_address>
         <run_address>0xc79a</run_address>
         <size>0xb</size>
         <input_file_ref idref="fl-2"/>
      </object_component>
      <object_component id="oc-508">
         <name>.TI.ramfunc:CLR_Array</name>
         <load_address>0x81965</load_address>
         <run_address>0xc7a5</run_address>
         <size>0xa</size>
         <input_file_ref idref="fl-2"/>
      </object_component>
      <object_component id="oc-4ba">
         <name>.TI.ramfunc:saturator</name>
         <load_address>0x8196f</load_address>
         <run_address>0xc7af</run_address>
         <size>0x5</size>
         <input_file_ref idref="fl-3"/>
      </object_component>
      <object_component id="oc-574">
         <name>.TI.ramfunc</name>
         <load_address>0x81974</load_address>
         <run_address>0xc7b4</run_address>
         <size>0x4</size>
         <input_file_ref idref="fl-d"/>
      </object_component>
      <object_component id="oc-454">
         <name>PieVectTableFile</name>
         <uninitialized>true</uninitialized>
         <run_address>0xd00</run_address>
         <size>0x1c0</size>
         <input_file_ref idref="fl-8"/>
      </object_component>
      <object_component id="oc-3a0">
         <name>AdcaRegsFile</name>
         <uninitialized>true</uninitialized>
         <run_address>0x7400</run_address>
         <size>0x76</size>
         <input_file_ref idref="fl-8"/>
      </object_component>
      <object_component id="oc-3a3">
         <name>AdccRegsFile</name>
         <uninitialized>true</uninitialized>
         <run_address>0x7500</run_address>
         <size>0x76</size>
         <input_file_ref idref="fl-8"/>
      </object_component>
      <object_component id="oc-5a1">
         <name>AdcaResultRegsFile</name>
         <uninitialized>true</uninitialized>
         <run_address>0xb00</run_address>
         <size>0x18</size>
         <input_file_ref idref="fl-8"/>
      </object_component>
      <object_component id="oc-543">
         <name>AdccResultRegsFile</name>
         <uninitialized>true</uninitialized>
         <run_address>0xb40</run_address>
         <size>0x18</size>
         <input_file_ref idref="fl-8"/>
      </object_component>
      <object_component id="oc-571">
         <name>AnalogSubsysRegsFile</name>
         <uninitialized>true</uninitialized>
         <run_address>0x5d700</run_address>
         <size>0x90</size>
         <input_file_ref idref="fl-8"/>
      </object_component>
      <object_component id="oc-5f7">
         <name>ClkCfgRegsFile</name>
         <uninitialized>true</uninitialized>
         <run_address>0x5d200</run_address>
         <size>0x3e</size>
         <input_file_ref idref="fl-8"/>
      </object_component>
      <object_component id="oc-457">
         <name>CpuTimer0RegsFile</name>
         <uninitialized>true</uninitialized>
         <run_address>0xc00</run_address>
         <size>0x8</size>
         <input_file_ref idref="fl-8"/>
      </object_component>
      <object_component id="oc-45a">
         <name>CpuTimer1RegsFile</name>
         <uninitialized>true</uninitialized>
         <run_address>0xc08</run_address>
         <size>0x8</size>
         <input_file_ref idref="fl-8"/>
      </object_component>
      <object_component id="oc-57e">
         <name>CpuTimer2RegsFile</name>
         <uninitialized>true</uninitialized>
         <run_address>0xc10</run_address>
         <size>0x8</size>
         <input_file_ref idref="fl-8"/>
      </object_component>
      <object_component id="oc-45d">
         <name>CpuSysRegsFile</name>
         <uninitialized>true</uninitialized>
         <run_address>0x5d300</run_address>
         <size>0x82</size>
         <input_file_ref idref="fl-8"/>
      </object_component>
      <object_component id="oc-68d">
         <name>Dcc0RegsFile</name>
         <uninitialized>true</uninitialized>
         <run_address>0x5e700</run_address>
         <size>0x2c</size>
         <input_file_ref idref="fl-8"/>
      </object_component>
      <object_component id="oc-68a">
         <name>Dcc1RegsFile</name>
         <uninitialized>true</uninitialized>
         <run_address>0x5e740</run_address>
         <size>0x2c</size>
         <input_file_ref idref="fl-8"/>
      </object_component>
      <object_component id="oc-391">
         <name>EPwm1RegsFile</name>
         <uninitialized>true</uninitialized>
         <run_address>0x4000</run_address>
         <size>0x100</size>
         <input_file_ref idref="fl-8"/>
      </object_component>
      <object_component id="oc-394">
         <name>EPwm2RegsFile</name>
         <uninitialized>true</uninitialized>
         <run_address>0x4100</run_address>
         <size>0x100</size>
         <input_file_ref idref="fl-8"/>
      </object_component>
      <object_component id="oc-397">
         <name>EPwm3RegsFile</name>
         <uninitialized>true</uninitialized>
         <run_address>0x4200</run_address>
         <size>0x100</size>
         <input_file_ref idref="fl-8"/>
      </object_component>
      <object_component id="oc-39a">
         <name>EPwm4RegsFile</name>
         <uninitialized>true</uninitialized>
         <run_address>0x4300</run_address>
         <size>0x100</size>
         <input_file_ref idref="fl-8"/>
      </object_component>
      <object_component id="oc-590">
         <name>EPwm5RegsFile</name>
         <uninitialized>true</uninitialized>
         <run_address>0x4400</run_address>
         <size>0x100</size>
         <input_file_ref idref="fl-8"/>
      </object_component>
      <object_component id="oc-39d">
         <name>EPwm7RegsFile</name>
         <uninitialized>true</uninitialized>
         <run_address>0x4600</run_address>
         <size>0x100</size>
         <input_file_ref idref="fl-8"/>
      </object_component>
      <object_component id="oc-5f0">
         <name>Flash0CtrlRegsFile</name>
         <uninitialized>true</uninitialized>
         <run_address>0x5f800</run_address>
         <size>0x182</size>
         <input_file_ref idref="fl-8"/>
      </object_component>
      <object_component id="oc-5f3">
         <name>Flash0EccRegsFile</name>
         <uninitialized>true</uninitialized>
         <run_address>0x5fb00</run_address>
         <size>0x28</size>
         <input_file_ref idref="fl-8"/>
      </object_component>
      <object_component id="oc-566">
         <name>GpioCtrlRegsFile</name>
         <uninitialized>true</uninitialized>
         <run_address>0x7c00</run_address>
         <size>0x200</size>
         <input_file_ref idref="fl-8"/>
      </object_component>
      <object_component id="oc-569">
         <name>GpioDataRegsFile</name>
         <uninitialized>true</uninitialized>
         <run_address>0x7f00</run_address>
         <size>0x3a</size>
         <input_file_ref idref="fl-8"/>
      </object_component>
      <object_component id="oc-3a6">
         <name>PieCtrlRegsFile</name>
         <uninitialized>true</uninitialized>
         <run_address>0xce0</run_address>
         <size>0x1a</size>
         <input_file_ref idref="fl-8"/>
      </object_component>
      <object_component id="oc-5ec">
         <name>WdRegsFile</name>
         <uninitialized>true</uninitialized>
         <run_address>0x7000</run_address>
         <size>0x2b</size>
         <input_file_ref idref="fl-8"/>
      </object_component>
      <object_component id="oc-547">
         <name>.debug_types</name>
         <load_address>0x0</load_address>
         <run_address>0x0</run_address>
         <size>0x6873</size>
         <input_file_ref idref="fl-2"/>
      </object_component>
      <object_component id="oc-542">
         <name>.debug_types</name>
         <load_address>0x6873</load_address>
         <run_address>0x6873</run_address>
         <size>0xeed1</size>
         <input_file_ref idref="fl-3"/>
      </object_component>
      <object_component id="oc-582">
         <name>.debug_types</name>
         <load_address>0x15744</load_address>
         <run_address>0x15744</run_address>
         <size>0x611</size>
         <input_file_ref idref="fl-5"/>
      </object_component>
      <object_component id="oc-324">
         <name>.debug_types</name>
         <load_address>0x0</load_address>
         <run_address>0x0</run_address>
         <size>0x0</size>
         <input_file_ref idref="fl-6"/>
      </object_component>
      <object_component id="oc-587">
         <name>.debug_types</name>
         <load_address>0x0</load_address>
         <run_address>0x0</run_address>
         <size>0x0</size>
         <input_file_ref idref="fl-7"/>
      </object_component>
      <object_component id="oc-532">
         <name>.debug_types</name>
         <load_address>0x15d55</load_address>
         <run_address>0x15d55</run_address>
         <size>0x460be</size>
         <input_file_ref idref="fl-8"/>
      </object_component>
      <object_component id="oc-56d">
         <name>.debug_types</name>
         <load_address>0x5be13</load_address>
         <run_address>0x5be13</run_address>
         <size>0x89</size>
         <input_file_ref idref="fl-9"/>
      </object_component>
      <object_component id="oc-56f">
         <name>.debug_types</name>
         <load_address>0x0</load_address>
         <run_address>0x0</run_address>
         <size>0x0</size>
         <input_file_ref idref="fl-a"/>
      </object_component>
      <object_component id="oc-327">
         <name>.debug_types</name>
         <load_address>0x5be9c</load_address>
         <run_address>0x5be9c</run_address>
         <size>0x5a</size>
         <input_file_ref idref="fl-b"/>
      </object_component>
      <object_component id="oc-565">
         <name>.debug_types</name>
         <load_address>0x5bef6</load_address>
         <run_address>0x5bef6</run_address>
         <size>0x89</size>
         <input_file_ref idref="fl-c"/>
      </object_component>
      <object_component id="oc-461">
         <name>.debug_types</name>
         <load_address>0x5bf7f</load_address>
         <run_address>0x5bf7f</run_address>
         <size>0x64</size>
         <input_file_ref idref="fl-e"/>
      </object_component>
      <object_component id="oc-57b">
         <name>.debug_types</name>
         <load_address>0x0</load_address>
         <run_address>0x0</run_address>
         <size>0x0</size>
         <input_file_ref idref="fl-f"/>
      </object_component>
      <object_component id="oc-513">
         <name>.debug_types</name>
         <load_address>0x5bfe3</load_address>
         <run_address>0x5bfe3</run_address>
         <size>0x142</size>
         <input_file_ref idref="fl-22"/>
      </object_component>
      <object_component id="oc-63d">
         <name>.debug_types</name>
         <load_address>0x0</load_address>
         <run_address>0x0</run_address>
         <size>0x0</size>
         <input_file_ref idref="fl-23"/>
      </object_component>
      <object_component id="oc-6a1">
         <name>.debug_types</name>
         <load_address>0x5c125</load_address>
         <run_address>0x5c125</run_address>
         <size>0x4ca</size>
         <input_file_ref idref="fl-24"/>
      </object_component>
      <object_component id="oc-518">
         <name>.debug_types</name>
         <load_address>0x5c5ef</load_address>
         <run_address>0x5c5ef</run_address>
         <size>0x194</size>
         <input_file_ref idref="fl-25"/>
      </object_component>
      <object_component id="oc-310">
         <name>.debug_types</name>
         <load_address>0x0</load_address>
         <run_address>0x0</run_address>
         <size>0x0</size>
         <input_file_ref idref="fl-26"/>
      </object_component>
      <object_component id="oc-308">
         <name>.debug_types</name>
         <load_address>0x5c783</load_address>
         <run_address>0x5c783</run_address>
         <size>0x191</size>
         <input_file_ref idref="fl-27"/>
      </object_component>
      <object_component id="oc-677">
         <name>.debug_types</name>
         <load_address>0x5c914</load_address>
         <run_address>0x5c914</run_address>
         <size>0x90</size>
         <input_file_ref idref="fl-28"/>
      </object_component>
      <object_component id="oc-6bc">
         <name>.debug_types</name>
         <load_address>0x5c9a4</load_address>
         <run_address>0x5c9a4</run_address>
         <size>0x2f</size>
         <input_file_ref idref="fl-29"/>
      </object_component>
      <object_component id="oc-66f">
         <name>.debug_types</name>
         <load_address>0x5c9d3</load_address>
         <run_address>0x5c9d3</run_address>
         <size>0xe1</size>
         <input_file_ref idref="fl-2a"/>
      </object_component>
      <object_component id="oc-6c7">
         <name>.debug_types</name>
         <load_address>0x0</load_address>
         <run_address>0x0</run_address>
         <size>0x0</size>
         <input_file_ref idref="fl-2d"/>
      </object_component>
      <object_component id="oc-503">
         <name>.debug_info</name>
         <load_address>0x0</load_address>
         <run_address>0x0</run_address>
         <size>0x153</size>
         <input_file_ref idref="fl-2"/>
      </object_component>
      <object_component id="oc-3f2">
         <name>.debug_info</name>
         <load_address>0x153</load_address>
         <run_address>0x153</run_address>
         <size>0x113</size>
         <input_file_ref idref="fl-2"/>
      </object_component>
      <object_component id="oc-464">
         <name>.debug_info</name>
         <load_address>0x266</load_address>
         <run_address>0x266</run_address>
         <size>0x129</size>
         <input_file_ref idref="fl-2"/>
      </object_component>
      <object_component id="oc-46a">
         <name>.debug_info</name>
         <load_address>0x38f</load_address>
         <run_address>0x38f</run_address>
         <size>0x127</size>
         <input_file_ref idref="fl-2"/>
      </object_component>
      <object_component id="oc-3c2">
         <name>.debug_info</name>
         <load_address>0x4b6</load_address>
         <run_address>0x4b6</run_address>
         <size>0x13e</size>
         <input_file_ref idref="fl-2"/>
      </object_component>
      <object_component id="oc-3bc">
         <name>.debug_info</name>
         <load_address>0x5f4</load_address>
         <run_address>0x5f4</run_address>
         <size>0x13e</size>
         <input_file_ref idref="fl-2"/>
      </object_component>
      <object_component id="oc-3b6">
         <name>.debug_info</name>
         <load_address>0x732</load_address>
         <run_address>0x732</run_address>
         <size>0x13e</size>
         <input_file_ref idref="fl-2"/>
      </object_component>
      <object_component id="oc-3b0">
         <name>.debug_info</name>
         <load_address>0x870</load_address>
         <run_address>0x870</run_address>
         <size>0x13e</size>
         <input_file_ref idref="fl-2"/>
      </object_component>
      <object_component id="oc-488">
         <name>.debug_info</name>
         <load_address>0x9ae</load_address>
         <run_address>0x9ae</run_address>
         <size>0x129</size>
         <input_file_ref idref="fl-2"/>
      </object_component>
      <object_component id="oc-482">
         <name>.debug_info</name>
         <load_address>0xad7</load_address>
         <run_address>0xad7</run_address>
         <size>0x129</size>
         <input_file_ref idref="fl-2"/>
      </object_component>
      <object_component id="oc-47c">
         <name>.debug_info</name>
         <load_address>0xc00</load_address>
         <run_address>0xc00</run_address>
         <size>0x129</size>
         <input_file_ref idref="fl-2"/>
      </object_component>
      <object_component id="oc-476">
         <name>.debug_info</name>
         <load_address>0xd29</load_address>
         <run_address>0xd29</run_address>
         <size>0x129</size>
         <input_file_ref idref="fl-2"/>
      </object_component>
      <object_component id="oc-471">
         <name>.debug_info</name>
         <load_address>0xe52</load_address>
         <run_address>0xe52</run_address>
         <size>0x129</size>
         <input_file_ref idref="fl-2"/>
      </object_component>
      <object_component id="oc-3e7">
         <name>.debug_info</name>
         <load_address>0xf7b</load_address>
         <run_address>0xf7b</run_address>
         <size>0x12d</size>
         <input_file_ref idref="fl-2"/>
      </object_component>
      <object_component id="oc-509">
         <name>.debug_info</name>
         <load_address>0x10a8</load_address>
         <run_address>0x10a8</run_address>
         <size>0x14a</size>
         <input_file_ref idref="fl-2"/>
      </object_component>
      <object_component id="oc-4bc">
         <name>.debug_info</name>
         <load_address>0x11f2</load_address>
         <run_address>0x11f2</run_address>
         <size>0x189</size>
         <input_file_ref idref="fl-3"/>
      </object_component>
      <object_component id="oc-4b5">
         <name>.debug_info</name>
         <load_address>0x137b</load_address>
         <run_address>0x137b</run_address>
         <size>0x1d7</size>
         <input_file_ref idref="fl-3"/>
      </object_component>
      <object_component id="oc-3c8">
         <name>.debug_info</name>
         <load_address>0x1552</load_address>
         <run_address>0x1552</run_address>
         <size>0x1d9</size>
         <input_file_ref idref="fl-3"/>
      </object_component>
      <object_component id="oc-3f8">
         <name>.debug_info</name>
         <load_address>0x172b</load_address>
         <run_address>0x172b</run_address>
         <size>0x123</size>
         <input_file_ref idref="fl-3"/>
      </object_component>
      <object_component id="oc-3aa">
         <name>.debug_info</name>
         <load_address>0x184e</load_address>
         <run_address>0x184e</run_address>
         <size>0x123</size>
         <input_file_ref idref="fl-3"/>
      </object_component>
      <object_component id="oc-90">
         <name>.debug_info</name>
         <load_address>0x1971</load_address>
         <run_address>0x1971</run_address>
         <size>0x11a</size>
         <input_file_ref idref="fl-4"/>
      </object_component>
      <object_component id="oc-320">
         <name>.debug_info</name>
         <load_address>0x1a8b</load_address>
         <run_address>0x1a8b</run_address>
         <size>0x11b</size>
         <input_file_ref idref="fl-4"/>
      </object_component>
      <object_component id="oc-404">
         <name>.debug_info</name>
         <load_address>0x1ba6</load_address>
         <run_address>0x1ba6</run_address>
         <size>0x157</size>
         <input_file_ref idref="fl-5"/>
      </object_component>
      <object_component id="oc-3ff">
         <name>.debug_info</name>
         <load_address>0x1cfd</load_address>
         <run_address>0x1cfd</run_address>
         <size>0x139</size>
         <input_file_ref idref="fl-5"/>
      </object_component>
      <object_component id="oc-409">
         <name>.debug_info</name>
         <load_address>0x1e36</load_address>
         <run_address>0x1e36</run_address>
         <size>0x1a5</size>
         <input_file_ref idref="fl-5"/>
      </object_component>
      <object_component id="oc-9b">
         <name>.debug_info</name>
         <load_address>0x1fdb</load_address>
         <run_address>0x1fdb</run_address>
         <size>0x12b</size>
         <input_file_ref idref="fl-6"/>
      </object_component>
      <object_component id="oc-a4">
         <name>.debug_info</name>
         <load_address>0x2106</load_address>
         <run_address>0x2106</run_address>
         <size>0x12b</size>
         <input_file_ref idref="fl-6"/>
      </object_component>
      <object_component id="oc-aa">
         <name>.debug_info</name>
         <load_address>0x2231</load_address>
         <run_address>0x2231</run_address>
         <size>0x12b</size>
         <input_file_ref idref="fl-6"/>
      </object_component>
      <object_component id="oc-b0">
         <name>.debug_info</name>
         <load_address>0x235c</load_address>
         <run_address>0x235c</run_address>
         <size>0x12b</size>
         <input_file_ref idref="fl-6"/>
      </object_component>
      <object_component id="oc-b6">
         <name>.debug_info</name>
         <load_address>0x2487</load_address>
         <run_address>0x2487</run_address>
         <size>0x12b</size>
         <input_file_ref idref="fl-6"/>
      </object_component>
      <object_component id="oc-bc">
         <name>.debug_info</name>
         <load_address>0x25b2</load_address>
         <run_address>0x25b2</run_address>
[...]
         <value>0xc08</value>
         <object_component_ref idref="oc-45a"/>
      </symbol>
      <symbol id="sm-5c7">
         <name>Flash0EccRegs</name>
         <value>0x5fb00</value>
         <object_component_ref idref="oc-5f3"/>
      </symbol>
      <symbol id="sm-5c8">
         <name>EPwm7Regs</name>
         <value>0x4600</value>
         <object_component_ref idref="oc-39d"/>
      </symbol>
      <symbol id="sm-5c9">
         <name>AdcaResultRegs</name>
         <value>0xb00</value>
         <object_component_ref idref="oc-5a1"/>
      </symbol>
      <symbol id="sm-5ca">
         <name>AdccResultRegs</name>
         <value>0xb40</value>
         <object_component_ref idref="oc-543"/>
      </symbol>
      <symbol id="sm-5cb">
         <name>PieCtrlRegs</name>
         <value>0xce0</value>
         <object_component_ref idref="oc-3a6"/>
      </symbol>
      <symbol id="sm-5cc">
         <name>WdRegs</name>
         <value>0x7000</value>
         <object_component_ref idref="oc-5ec"/>
      </symbol>
      <symbol id="sm-5cd">
         <name>GpioDataRegs</name>
         <value>0x7f00</value>
         <object_component_ref idref="oc-569"/>
      </symbol>
      <symbol id="sm-5ce">
         <name>EPwm1Regs</name>
         <value>0x4000</value>
         <object_component_ref idref="oc-391"/>
      </symbol>
      <symbol id="sm-5cf">
         <name>AnalogSubsysRegs</name>
         <value>0x5d700</value>
         <object_component_ref idref="oc-571"/>
      </symbol>
      <symbol id="sm-5d0">
         <name>AdcaRegs</name>
         <value>0x7400</value>
         <object_component_ref idref="oc-3a0"/>
      </symbol>
      <symbol id="sm-5e0">
         <name>InitGpio</name>
         <value>0x82657</value>
         <object_component_ref idref="oc-3d3"/>
      </symbol>
      <symbol id="sm-5ed">
         <name>InitPieCtrl</name>
         <value>0x82790</value>
         <object_component_ref idref="oc-3d9"/>
      </symbol>
      <symbol id="sm-600">
         <name>InitPieVectTable</name>
         <value>0x828c7</value>
         <object_component_ref idref="oc-3df"/>
      </symbol>
      <symbol id="sm-601">
         <name>PieVectTableInit</name>
         <value>0x81000</value>
         <object_component_ref idref="oc-9f"/>
      </symbol>
      <symbol id="sm-67f">
         <name>ComputeCntrSeedValue</name>
         <value>0x821d4</value>
         <object_component_ref idref="oc-690"/>
      </symbol>
      <symbol id="sm-680">
         <name>IsPLLValid</name>
         <value>0x8225d</value>
         <object_component_ref idref="oc-612"/>
      </symbol>
      <symbol id="sm-681">
         <name>InitPeripheralClocks</name>
         <value>0x822e1</value>
         <object_component_ref idref="oc-55e"/>
      </symbol>
      <symbol id="sm-682">
         <name>SysIntOsc1Sel</name>
         <value>0x82cf4</value>
         <object_component_ref idref="oc-600"/>
      </symbol>
      <symbol id="sm-683">
         <name>SysXtalOscSel</name>
         <value>0x826da</value>
         <object_component_ref idref="oc-606"/>
      </symbol>
      <symbol id="sm-684">
         <name>SysXtalOscSESel</name>
         <value>0x827cc</value>
         <object_component_ref idref="oc-5fa"/>
      </symbol>
      <symbol id="sm-685">
         <name>InitSysCtrl</name>
         <value>0x827af</value>
         <object_component_ref idref="oc-3cd"/>
      </symbol>
      <symbol id="sm-686">
         <name>InitFlash</name>
         <value>0xc5ed</value>
         <object_component_ref idref="oc-552"/>
      </symbol>
      <symbol id="sm-687">
         <name>DisableDog</name>
         <value>0x828fe</value>
         <object_component_ref idref="oc-54c"/>
      </symbol>
      <symbol id="sm-688">
         <name>InitSysPll</name>
         <value>0x82000</value>
         <object_component_ref idref="oc-558"/>
      </symbol>
      <symbol id="sm-689">
         <name>SysIntOsc2Sel</name>
         <value>0x82d16</value>
         <object_component_ref idref="oc-60c"/>
      </symbol>
      <symbol id="sm-691">
         <name>F28x_usDelay</name>
         <value>0xc7b4</value>
         <object_component_ref idref="oc-574"/>
      </symbol>
      <symbol id="sm-6dd">
         <name>Ph4_Status</name>
         <value>0xa045</value>
         <object_component_ref idref="oc-38e"/>
      </symbol>
      <symbol id="sm-6de">
         <name>OCP_Cnt_Ph1</name>
         <value>0xa003</value>
         <object_component_ref idref="oc-38b"/>
      </symbol>
      <symbol id="sm-6df">
         <name>OCP_Cnt_Ph3</name>
         <value>0xa005</value>
         <object_component_ref idref="oc-38b"/>
      </symbol>
      <symbol id="sm-6e0">
         <name>OCP_Cnt_Ph2</name>
         <value>0xa004</value>
         <object_component_ref idref="oc-38b"/>
      </symbol>
      <symbol id="sm-6e1">
         <name>OCP_Cnt_Ph5</name>
         <value>0xa007</value>
         <object_component_ref idref="oc-38b"/>
      </symbol>
      <symbol id="sm-6e2">
         <name>OCP_Cnt_Ph4</name>
         <value>0xa006</value>
         <object_component_ref idref="oc-38b"/>
      </symbol>
      <symbol id="sm-6e3">
         <name>Ph1_Status</name>
         <value>0xa042</value>
         <object_component_ref idref="oc-38e"/>
      </symbol>
      <symbol id="sm-6e4">
         <name>Ph4_d</name>
         <value>0xa05c</value>
         <object_component_ref idref="oc-38e"/>
      </symbol>
      <symbol id="sm-6e5">
         <name>Vin</name>
         <value>0xa00a</value>
         <object_component_ref idref="oc-38b"/>
      </symbol>
      <symbol id="sm-6e6">
         <name>epi_Vout</name>
         <value>0xa074</value>
         <object_component_ref idref="oc-4ae"/>
      </symbol>
      <symbol id="sm-6e7">
         <name>UpdateStatus</name>
         <value>0xa001</value>
         <object_component_ref idref="oc-38b"/>
      </symbol>
      <symbol id="sm-6e8">
         <name>VoutRef</name>
         <value>0xa062</value>
         <object_component_ref idref="oc-38e"/>
      </symbol>
      <symbol id="sm-6e9">
         <name>adcA1ISR</name>
         <value>0xc000</value>
         <object_component_ref idref="oc-300"/>
      </symbol>
      <symbol id="sm-6ea">
         <name>Ts</name>
         <value>0xa054</value>
         <object_component_ref idref="oc-38e"/>
      </symbol>
      <symbol id="sm-6eb">
         <name>testout</name>
         <value>0xa01a</value>
         <object_component_ref idref="oc-38b"/>
      </symbol>
      <symbol id="sm-6ec">
         <name>select</name>
         <value>0xa000</value>
         <object_component_ref idref="oc-38b"/>
      </symbol>
      <symbol id="sm-6ed">
         <name>Ph_Status_L</name>
         <value>0xa06a</value>
         <object_component_ref idref="oc-48d"/>
      </symbol>
      <symbol id="sm-6ee">
         <name>StartUP_cnt</name>
         <value>0xa04a</value>
         <object_component_ref idref="oc-38e"/>
      </symbol>
      <symbol id="sm-6ef">
         <name>dpi_Vout_Sat</name>
         <value>0xa016</value>
         <object_component_ref idref="oc-38b"/>
      </symbol>
      <symbol id="sm-6f0">
         <name>Ph3_d</name>
         <value>0xa05a</value>
         <object_component_ref idref="oc-38e"/>
      </symbol>
      <symbol id="sm-6f1">
         <name>adcC1ISR</name>
         <value>0xc2ef</value>
         <object_component_ref idref="oc-2f4"/>
      </symbol>
      <symbol id="sm-6f2">
         <name>cnt</name>
         <value>0xa041</value>
         <object_component_ref idref="oc-38e"/>
      </symbol>
      <symbol id="sm-6f3">
         <name>duty</name>
         <value>0xa04e</value>
         <object_component_ref idref="oc-38e"/>
      </symbol>
      <symbol id="sm-6f4">
         <name>Conv_EN</name>
         <value>0xa048</value>
         <object_component_ref idref="oc-38e"/>
      </symbol>
      <symbol id="sm-6f5">
         <name>OVP_Cnt</name>
         <value>0xa002</value>
         <object_component_ref idref="oc-38b"/>
      </symbol>
      <symbol id="sm-6f6">
         <name>D_total</name>
         <value>0xa01c</value>
         <object_component_ref idref="oc-38b"/>
      </symbol>
      <symbol id="sm-6f7">
         <name>Ph3_Status</name>
         <value>0xa044</value>
         <object_component_ref idref="oc-38e"/>
      </symbol>
      <symbol id="sm-6f8">
         <name>OVT</name>
         <value>0xa04b</value>
         <object_component_ref idref="oc-38e"/>
      </symbol>
      <symbol id="sm-6f9">
         <name>Vout</name>
         <value>0xa008</value>
         <object_component_ref idref="oc-38b"/>
      </symbol>
      <symbol id="sm-6fa">
         <name>main</name>
         <value>0x823c2</value>
         <object_component_ref idref="oc-2f5"/>
      </symbol>
      <symbol id="sm-6fb">
         <name>AvgErr</name>
         <value>0xa060</value>
         <object_component_ref idref="oc-38e"/>
      </symbol>
      <symbol id="sm-6fc">
         <name>Ph2_d</name>
         <value>0xa058</value>
         <object_component_ref idref="oc-38e"/>
      </symbol>
      <symbol id="sm-6fd">
         <name>duty_t</name>
         <value>0xa040</value>
         <object_component_ref idref="oc-38e"/>
      </symbol>
      <symbol id="sm-6fe">
         <name>kp</name>
         <value>0xa050</value>
         <object_component_ref idref="oc-38e"/>
      </symbol>
      <symbol id="sm-6ff">
         <name>ki</name>
         <value>0xa052</value>
         <object_component_ref idref="oc-38e"/>
      </symbol>
      <symbol id="sm-700">
         <name>Ph2_Status</name>
         <value>0xa043</value>
         <object_component_ref idref="oc-38e"/>
      </symbol>
      <symbol id="sm-701">
         <name>Iout_Ph1</name>
         <value>0xa00c</value>
         <object_component_ref idref="oc-38b"/>
      </symbol>
      <symbol id="sm-702">
         <name>Iout_Ph2</name>
         <value>0xa00e</value>
         <object_component_ref idref="oc-38b"/>
      </symbol>
      <symbol id="sm-703">
         <name>Iout_Ph3</name>
         <value>0xa010</value>
         <object_component_ref idref="oc-38b"/>
      </symbol>
      <symbol id="sm-704">
         <name>Iout_Ph4</name>
         <value>0xa012</value>
         <object_component_ref idref="oc-38b"/>
      </symbol>
      <symbol id="sm-705">
         <name>Iout_Ph5</name>
         <value>0xa014</value>
         <object_component_ref idref="oc-38b"/>
      </symbol>
      <symbol id="sm-706">
         <name>Conv_SS</name>
         <value>0xa049</value>
         <object_component_ref idref="oc-38e"/>
      </symbol>
      <symbol id="sm-707">
         <name>Ph5_d</name>
         <value>0xa05e</value>
         <object_component_ref idref="oc-38e"/>
      </symbol>
      <symbol id="sm-708">
         <name>CL_Latch</name>
         <value>0xa047</value>
         <object_component_ref idref="oc-38e"/>
      </symbol>
      <symbol id="sm-709">
         <name>OVT_Prot_Latch</name>
         <value>0xa04c</value>
         <object_component_ref idref="oc-38e"/>
      </symbol>
      <symbol id="sm-70a">
         <name>Ph5_Status</name>
         <value>0xa046</value>
         <object_component_ref idref="oc-38e"/>
      </symbol>
      <symbol id="sm-70b">
         <name>dpi_Vout</name>
         <value>0xa070</value>
         <object_component_ref idref="oc-4b1"/>
      </symbol>
      <symbol id="sm-70c">
         <name>Ph1_d</name>
         <value>0xa056</value>
         <object_component_ref idref="oc-38e"/>
      </symbol>
      <symbol id="sm-70d">
         <name>Temp2</name>
         <value>0xa020</value>
         <object_component_ref idref="oc-38b"/>
      </symbol>
      <symbol id="sm-70e">
         <name>Temp3</name>
         <value>0xa022</value>
         <object_component_ref idref="oc-38b"/>
      </symbol>
      <symbol id="sm-70f">
         <name>Temp1</name>
         <value>0xa01e</value>
         <object_component_ref idref="oc-38b"/>
      </symbol>
      <symbol id="sm-710">
         <name>Temp4</name>
         <value>0xa024</value>
         <object_component_ref idref="oc-38b"/>
      </symbol>
      <symbol id="sm-711">
         <name>test</name>
         <value>0xa018</value>
         <object_component_ref idref="oc-38b"/>
      </symbol>
      <symbol id="sm-7d1">
         <name>DutyPh1</name>
         <value>0xc6a1</value>
         <object_component_ref idref="oc-4c0"/>
      </symbol>
      <symbol id="sm-7d2">
         <name>DutyPh2</name>
         <value>0xc6b8</value>
         <object_component_ref idref="oc-4c6"/>
      </symbol>
      <symbol id="sm-7d3">
         <name>DutyPh3</name>
         <value>0xc6cf</value>
         <object_component_ref idref="oc-4cc"/>
      </symbol>
      <symbol id="sm-7d4">
         <name>DutyPh4</name>
         <value>0xc6e6</value>
         <object_component_ref idref="oc-4d2"/>
      </symbol>
      <symbol id="sm-7d5">
         <name>DutyPh5</name>
         <value>0xc6fd</value>
         <object_component_ref idref="oc-4d8"/>
      </symbol>
      <symbol id="sm-7d6">
         <name>Ph3_En_Dis</name>
         <value>0xc63b</value>
         <object_component_ref idref="oc-49c"/>
      </symbol>
      <symbol id="sm-7d7">
         <name>initEPWM3</name>
         <value>0x8253a</value>
         <object_component_ref idref="oc-42a"/>
      </symbol>
      <symbol id="sm-7d8">
         <name>initEPWM2</name>
         <value>0x824e1</value>
         <object_component_ref idref="oc-41e"/>
      </symbol>
      <symbol id="sm-7d9">
         <name>initEPWM1</name>
         <value>0x8242c</value>
         <object_component_ref idref="oc-412"/>
      </symbol>
      <symbol id="sm-7da">
         <name>initEPWM7</name>
         <value>0x82487</value>
         <object_component_ref idref="oc-44e"/>
      </symbol>
      <symbol id="sm-7db">
         <name>initEPWM5</name>
         <value>0x82683</value>
         <object_component_ref idref="oc-442"/>
      </symbol>
      <symbol id="sm-7dc">
         <name>initEPWM4</name>
         <value>0x82593</value>
         <object_component_ref idref="oc-436"/>
      </symbol>
      <symbol id="sm-7dd">
         <name>ePWM_ADC_Trig</name>
         <value>0x82353</value>
         <object_component_ref idref="oc-3eb"/>
      </symbol>
      <symbol id="sm-7de">
         <name>Ph1_ADC_Trig_Point</name>
         <value>0xc4b3</value>
         <object_component_ref idref="oc-4e4"/>
      </symbol>
      <symbol id="sm-7df">
         <name>Ph2_En_Dis</name>
         <value>0xc619</value>
         <object_component_ref idref="oc-496"/>
      </symbol>
      <symbol id="sm-7e0">
         <name>Ph2_ADC_Trig_Point</name>
         <value>0xc4e8</value>
         <object_component_ref idref="oc-4ea"/>
      </symbol>
      <symbol id="sm-7e1">
         <name>Ph3_ADC_Trig_Point</name>
         <value>0xc51d</value>
         <object_component_ref idref="oc-4f0"/>
      </symbol>
      <symbol id="sm-7e2">
         <name>TrigPointSel</name>
         <value>0x828e4</value>
         <object_component_ref idref="oc-4de"/>
      </symbol>
      <symbol id="sm-7e3">
         <name>Ph1_En_Dis</name>
         <value>0xc5bc</value>
         <object_component_ref idref="oc-490"/>
      </symbol>
      <symbol id="sm-7e4">
         <name>Ph4_ADC_Trig_Point</name>
         <value>0xc552</value>
         <object_component_ref idref="oc-4f6"/>
      </symbol>
      <symbol id="sm-7e5">
         <name>Ph5_ADC_Trig_Point</name>
         <value>0xc587</value>
         <object_component_ref idref="oc-4fc"/>
      </symbol>
      <symbol id="sm-7e6">
         <name>Ph5_En_Dis</name>
         <value>0xc67f</value>
         <object_component_ref idref="oc-4a8"/>
      </symbol>
      <symbol id="sm-7e7">
         <name>Ph4_En_Dis</name>
         <value>0xc65d</value>
         <object_component_ref idref="oc-4a2"/>
      </symbol>
      <symbol id="sm-7f1">
         <name>_c_int00</name>
         <value>0x8284c</value>
         <object_component_ref idref="oc-520"/>
      </symbol>
      <symbol id="sm-7f2">
         <name>__stack</name>
         <value>0x400</value>
         <object_component_ref idref="oc-306"/>
      </symbol>
      <symbol id="sm-805">
         <name>memcpy</name>
         <value>0x827e9</value>
         <object_component_ref idref="oc-309"/>
      </symbol>
      <symbol id="sm-812">
         <name>_system_pre_init</name>
         <value>0x82d1d</value>
         <object_component_ref idref="oc-5cd"/>
      </symbol>
      <symbol id="sm-821">
         <name>__TI_auto_init_nobinit_nopinit</name>
         <value>0x826af</value>
         <object_component_ref idref="oc-63e"/>
      </symbol>
      <symbol id="sm-830">
         <name>__TI_zero_init_nomemset</name>
         <value>0x828f1</value>
         <object_component_ref idref="oc-311"/>
      </symbol>
      <symbol id="sm-83d">
         <name>__TI_decompress_none</name>
         <value>0x82d06</value>
         <object_component_ref idref="oc-87"/>
      </symbol>
      <symbol id="sm-851">
         <name>__TI_decompress_lzss</name>
         <value>0x82627</value>
         <object_component_ref idref="oc-81"/>
      </symbol>
      <symbol id="sm-867">
         <name>C$$EXIT</name>
         <value>0x82703</value>
         <object_component_ref idref="oc-5da"/>
      </symbol>
      <symbol id="sm-868">
         <name>abort</name>
         <value>0x82703</value>
         <object_component_ref idref="oc-5da"/>
      </symbol>
      <symbol id="sm-869">
         <name>exit</name>
         <value>0x82705</value>
         <object_component_ref idref="oc-5da"/>
      </symbol>
      <symbol id="sm-86a">
         <name>__TI_dtors_ptr</name>
         <value>0xa068</value>
         <object_component_ref idref="oc-670"/>
      </symbol>
      <symbol id="sm-86b">
         <name>__TI_cleanup_ptr</name>
         <value>0xa066</value>
         <object_component_ref idref="oc-670"/>
      </symbol>
      <symbol id="sm-86c">
         <name>__TI_enable_exit_profile_output</name>
         <value>0xa064</value>
         <object_component_ref idref="oc-670"/>
      </symbol>
      <symbol id="sm-883">
         <name>_nop</name>
         <value>0x82d05</value>
         <object_component_ref idref="oc-6b4"/>
      </symbol>
      <symbol id="sm-884">
         <name>_lock</name>
         <value>0xa03e</value>
         <object_component_ref idref="oc-673"/>
      </symbol>
      <symbol id="sm-885">
         <name>_unlock</name>
         <value>0xa078</value>
         <object_component_ref idref="oc-6cd"/>
      </symbol>
      <symbol id="sm-886">
         <name>_register_lock</name>
         <value>0x82d01</value>
         <object_component_ref idref="oc-6b4"/>
      </symbol>
      <symbol id="sm-887">
         <name>_register_unlock</name>
         <value>0x82cfd</value>
         <object_component_ref idref="oc-6b4"/>
      </symbol>
      <symbol id="sm-896">
         <name>_args_main</name>
         <value>0x8290a</value>
         <object_component_ref idref="oc-5d4"/>
      </symbol>
      <symbol id="sm-8a5">
         <name>_system_post_cinit</name>
         <value>0x82d1f</value>
         <object_component_ref idref="oc-69a"/>
      </symbol>
      <symbol id="sm-8a7">
         <name>__c_args__</name>
         <value>0x0</value>
      </symbol>
   </symbol_table>
   <title>Link successful</title>
</link_info>
