******************************************************************************
             TMS320C2000 Linker PC v22.6.1                     
******************************************************************************
>> Linked Sun Jun 23 15:08:04 2024

OUTPUT FILE NAME:   <gpio_ex1_setup.out>
ENTRY POINT SYMBOL: "code_start"  address: 00080000


MEMORY CONFIGURATION

         name            origin    length      used     unused   attr    fill
----------------------  --------  ---------  --------  --------  ----  --------
PAGE 0:
  BOOT_RSVD             00000002   00000126  00000000  00000126  RWIX
  RAMM0                 00000128   000002d8  00000000  000002d8  RWIX
  RAMM1                 00000400   000003f8  00000200  000001f8  RWIX
  RAMLS4567             0000a000   00002000  0000000e  00001ff2  RWIX
  RAMGS0                0000c000   000007f8  00000029  000007cf  RWIX
  BEGIN                 00080000   00000002  00000002  00000000  RWIX
  FLASH_BANK0_SEC0      00080002   00000ffe  00000000  00000ffe  RWIX
  FLASH_BANK0_SEC1      00081000   00001000  00000207  00000df9  RWIX
  FLASH_BANK0_SEC2      00082000   00001000  00000b05  000004fb  RWIX
  FLASH_BANK0_SEC3      00083000   00001000  00000000  00001000  RWIX
  FLASH_BANK0_SEC4      00084000   00001000  00000000  00001000  RWIX
  FLASH_BANK0_SEC5      00085000   00001000  00000000  00001000  RWIX
  FLASH_BANK0_SEC6      00086000   00001000  00000000  00001000  RWIX
  FLASH_BANK0_SEC7      00087000   00001000  00000000  00001000  RWIX
  FLASH_BANK0_SEC8      00088000   00001000  00000000  00001000  RWIX
  FLASH_BANK0_SEC9      00089000   00001000  00000000  00001000  RWIX
  FLASH_BANK0_SEC10     0008a000   00001000  00000000  00001000  RWIX
  FLASH_BANK0_SEC11     0008b000   00001000  00000000  00001000  RWIX
  FLASH_BANK0_SEC12     0008c000   00001000  00000000  00001000  RWIX
  FLASH_BANK0_SEC13     0008d000   00001000  00000000  00001000  RWIX
  FLASH_BANK0_SEC14     0008e000   00001000  00000000  00001000  RWIX
  FLASH_BANK0_SEC15     0008f000   00000ff0  00000000  00000ff0  RWIX
  BOOTROM               003f0000   00008000  00000000  00008000  RWIX
  BOOTROM_EXT           003f8000   00007fc0  00000000  00007fc0  RWIX
  RESET                 003fffc0   00000002  00000000  00000002  RWIX

PAGE 1:
  ADCARESULT            00000b00   00000018  00000000  00000018  RWIX
  ADCCRESULT            00000b40   00000018  00000000  00000018  RWIX
  CPUTIMER0             00000c00   00000008  00000000  00000008  RWIX
  CPUTIMER1             00000c08   00000008  00000000  00000008  RWIX
  CPUTIMER2             00000c10   00000008  00000000  00000008  RWIX
  PIECTRL               00000ce0   0000001a  0000001a  00000000  RWIX
  PIEVECTTABLE          00000d00   00000200  000001c0  00000040  RWIX
  DMA                   00001000   00000200  00000000  00000200  RWIX
  CLB1LOGICCFG          00003000   00000052  00000000  00000052  RWIX
  CLB1LOGICCTRL         00003100   00000040  00000000  00000040  RWIX
  CLB1DATAEXCH          00003180   00000080  00000000  00000080  RWIX
  CLB2LOGICCFG          00003400   00000052  00000000  00000052  RWIX
  CLB2LOGICCTRL         00003500   00000040  00000000  00000040  RWIX
  CLB2DATAEXCH          00003580   00000080  00000000  00000080  RWIX
  EPWM1                 00004000   00000100  00000100  00000000  RWIX
  EPWM2                 00004100   00000100  00000100  00000000  RWIX
  EPWM3                 00004200   00000100  00000100  00000000  RWIX
  EPWM4                 00004300   00000100  00000100  00000000  RWIX
  EPWM5                 00004400   00000100  00000100  00000000  RWIX
  EPWM6                 00004500   00000100  00000000  00000100  RWIX
  EPWM7                 00004600   00000100  00000100  00000000  RWIX
  EQEP1                 00005100   00000040  00000000  00000040  RWIX
  EQEP2                 00005140   00000040  00000000  00000040  RWIX
  ECAP1                 00005200   00000020  00000000  00000020  RWIX
  ECAP2                 00005240   00000020  00000000  00000020  RWIX
  ECAP3                 00005280   00000020  00000000  00000020  RWIX
  HRCAP3                000052a0   00000020  00000000  00000020  RWIX
  CMPSS1                00005c80   00000020  00000000  00000020  RWIX
  CMPSS2                00005ca0   00000020  00000000  00000020  RWIX
  CMPSS3                00005cc0   00000020  00000000  00000020  RWIX
  CMPSS4                00005ce0   00000020  00000000  00000020  RWIX
  SPIA                  00006100   00000010  00000000  00000010  RWIX
  SPIB                  00006110   00000010  00000000  00000010  RWIX
  BGCRCCPU              00006340   00000040  00000000  00000040  RWIX
  PMBUSA                00006400   00000020  00000000  00000020  RWIX
  HIC                   00006500   00000080  00000000  00000080  RWIX
  FSITXA                00006600   00000050  00000000  00000050  RWIX
  FSIRXA                00006680   00000050  00000000  00000050  RWIX
  LINA                  00006a00   000000ec  00000000  000000ec  RWIX
  LINB                  00006b00   000000ec  00000000  000000ec  RWIX
  WD                    00007000   0000002c  0000002b  00000001  RWIX
  NMIINTRUPT            00007060   00000010  00000000  00000010  RWIX
  XINT                  00007070   0000000c  00000000  0000000c  RWIX
  SCIA                  00007200   00000010  00000000  00000010  RWIX
  I2CA                  00007300   00000022  00000000  00000022  RWIX
  I2CB                  00007340   00000022  00000000  00000022  RWIX
  ADCA                  00007400   00000080  00000000  00000080  RWIX
  ADCC                  00007500   00000080  00000000  00000080  RWIX
  INPUTXBAR             00007900   00000020  00000000  00000020  RWIX
  XBAR                  00007920   00000020  00000000  00000020  RWIX
  SYNCSOC               00007940   00000006  00000000  00000006  RWIX
  CLBINPUTXBAR          00007960   00000020  00000000  00000020  RWIX
  DMACLASRCSEL          00007980   0000001a  00000000  0000001a  RWIX
  EPWMXBAR              00007a00   00000040  00000000  00000040  RWIX
  CLBXBAR               00007a40   00000040  00000000  00000040  RWIX
  OUTPUTXBAR            00007a80   00000040  00000000  00000040  RWIX
  CLBOUTPUTXBAR         00007bc0   00000040  00000000  00000040  RWIX
  GPIOCTRL              00007c00   00000200  00000200  00000000  RWIX
  GPIODATA              00007f00   00000040  0000003a  00000006  RWIX
  GPIODATAREAD          00007f80   00000010  00000000  00000010  RWIX
  CANA                  00048000   00000200  00000000  00000200  RWIX
  DEVCFG                0005d000   000001ac  00000000  000001ac  RWIX
  CLKCFG                0005d200   00000100  0000003e  000000c2  RWIX
  CPUSYS                0005d300   000000a0  00000082  0000001e  RWIX
  SYSPERIPHAC           0005d500   00000200  00000000  00000200  RWIX
  ANALOGSUBSYS          0005d700   00000100  00000000  00000100  RWIX
  DCC0                  0005e700   00000038  0000002c  0000000c  RWIX
  DCC1                  0005e740   00000038  0000002c  0000000c  RWIX
  ERADGLOBAL            0005e800   00000014  00000000  00000014  RWIX
  ERADHWBP1             0005e900   00000008  00000000  00000008  RWIX
  ERADHWBP2             0005e908   00000008  00000000  00000008  RWIX
  ERADHWBP3             0005e910   00000008  00000000  00000008  RWIX
  ERADHWBP4             0005e918   00000008  00000000  00000008  RWIX
  ERADHWBP5             0005e920   00000008  00000000  00000008  RWIX
  ERADHWBP6             0005e928   00000008  00000000  00000008  RWIX
  ERADHWBP7             0005e930   00000008  00000000  00000008  RWIX
  ERADHWBP8             0005e938   00000008  00000000  00000008  RWIX
  ERADCOUNTER1          0005e980   00000010  00000000  00000010  RWIX
  ERADCOUNTER2          0005e990   00000010  00000000  00000010  RWIX
  ERADCOUNTER3          0005e9a0   00000010  00000000  00000010  RWIX
  ERADCOUNTER4          0005e9b0   00000010  00000000  00000010  RWIX
  ERADCRCGLOBAL         0005ea00   00000010  00000000  00000010  RWIX
  ERADCRC1              0005ea10   00000010  00000000  00000010  RWIX
  ERADCRC2              0005ea20   00000010  00000000  00000010  RWIX
  ERADCRC3              0005ea30   00000010  00000000  00000010  RWIX
  ERADCRC4              0005ea40   00000010  00000000  00000010  RWIX
  ERADCRC5              0005ea50   00000010  00000000  00000010  RWIX
  ERADCRC6              0005ea60   00000010  00000000  00000010  RWIX
  ERADCRC7              0005ea70   00000010  00000000  00000010  RWIX
  ERADCRC8              0005ea80   00000010  00000000  00000010  RWIX
  DCSMBANK0Z1           0005f000   00000024  00000000  00000024  RWIX
  DCSMBANK0Z2           0005f040   00000024  00000000  00000024  RWIX
  DCSMCOMMON            0005f070   00000010  00000000  00000010  RWIX
  MEMCFG                0005f400   000000c0  00000000  000000c0  RWIX
  ACCESSPROTECTION      0005f500   0000003e  00000000  0000003e  RWIX
  MEMORYERROR           0005f540   00000040  00000000  00000040  RWIX
  TESTERROR             0005f590   00000010  00000000  00000010  RWIX
  FLASH0CTRL            0005f800   00000182  00000182  00000000  RWIX
  FLASH0ECC             0005fb00   00000028  00000028  00000000  RWIX
  DCSMBANK0Z1OTP        00078000   00000020  00000000  00000020  RWIX
  DCSMBANK0Z2OTP        00078200   00000020  00000000  00000020  RWIX


SECTION ALLOCATION MAP

 output                                  attributes/
section   page    origin      length       input sections
--------  ----  ----------  ----------   ----------------
codestart 
*          0    00080000    00000002     
                  00080000    00000002     f28002x_codestartbranch.obj (codestart)

.cinit     0    000811f0    0000001e     
                  000811f0    0000000b     (.cinit..data.load) [load image, compression = lzss]
                  000811fb    00000001     --HOLE-- [fill = 0]
                  000811fc    00000006     (__TI_handler_table)
                  00081202    00000004     (.cinit.PieVectTableFile.load) [load image, compression = zero_init]
                  00081206    00000008     (__TI_cinit_table)

.reset     0    003fffc0    00000000     DSECT

.stack     0    00000400    00000200     UNINITIALIZED
                  00000400    00000200     --HOLE--

.init_array 
*          0    00081000    00000000     UNINITIALIZED

.data      0    0000a000    0000000e     UNINITIALIZED
                  0000a000    00000006     rts2800_fpu32_eabi.lib : exit.c.obj (.data)
                  0000a006    00000004     gpio_ex1_setup.obj (.data)
                  0000a00a    00000002     rts2800_fpu32_eabi.lib : _lock.c.obj (.data:_lock)
                  0000a00c    00000002                            : _lock.c.obj (.data:_unlock)

.const     0    00081000    000001c0     
                  00081000    000001c0     f28002x_pievect.obj (.const)

.TI.ramfunc 
*          0    000811c0    00000029     RUN ADDR = 0000c000
                  000811c0    00000025     f28002x_sysctrl.obj (.TI.ramfunc:InitFlash)
                  000811e5    00000004     f28002x_usdelay.obj (.TI.ramfunc)

PieVectTableFile 
*          1    00000d00    000001c0     UNINITIALIZED
                  00000d00    000001c0     f28002x_globalvariabledefs.obj (PieVectTableFile)

EmuKeyVar 
*          1    00000d00    00000000     UNINITIALIZED

EmuBModeVar 
*          1    00000d00    00000000     UNINITIALIZED

EmuBootPinsVar 
*          1    00000d00    00000000     UNINITIALIZED

FlashCallbackVar 
*          1    00000d00    00000000     UNINITIALIZED

FlashScalingVar 
*          1    00000d00    00000000     UNINITIALIZED

ClkCfgRegsFile 
*          1    0005d200    0000003e     UNINITIALIZED
                  0005d200    0000003e     f28002x_globalvariabledefs.obj (ClkCfgRegsFile)

CpuSysRegsFile 
*          1    0005d300    00000082     UNINITIALIZED
                  0005d300    00000082     f28002x_globalvariabledefs.obj (CpuSysRegsFile)

Dcc0RegsFile 
*          1    0005e700    0000002c     UNINITIALIZED
                  0005e700    0000002c     f28002x_globalvariabledefs.obj (Dcc0RegsFile)

Dcc1RegsFile 
*          1    0005e740    0000002c     UNINITIALIZED
                  0005e740    0000002c     f28002x_globalvariabledefs.obj (Dcc1RegsFile)

EPwm1RegsFile 
*          1    00004000    00000100     UNINITIALIZED
                  00004000    00000100     f28002x_globalvariabledefs.obj (EPwm1RegsFile)

EPwm2RegsFile 
*          1    00004100    00000100     UNINITIALIZED
                  00004100    00000100     f28002x_globalvariabledefs.obj (EPwm2RegsFile)

EPwm3RegsFile 
*          1    00004200    00000100     UNINITIALIZED
                  00004200    00000100     f28002x_globalvariabledefs.obj (EPwm3RegsFile)

EPwm4RegsFile 
*          1    00004300    00000100     UNINITIALIZED
                  00004300    00000100     f28002x_globalvariabledefs.obj (EPwm4RegsFile)

EPwm5RegsFile 
*          1    00004400    00000100     UNINITIALIZED
                  00004400    00000100     f28002x_globalvariabledefs.obj (EPwm5RegsFile)

EPwm7RegsFile 
*          1    00004600    00000100     UNINITIALIZED
                  00004600    00000100     f28002x_globalvariabledefs.obj (EPwm7RegsFile)

Flash0CtrlRegsFile 
*          1    0005f800    00000182     UNINITIALIZED
                  0005f800    00000182     f28002x_globalvariabledefs.obj (Flash0CtrlRegsFile)

Flash0EccRegsFile 
*          1    0005fb00    00000028     UNINITIALIZED
                  0005fb00    00000028     f28002x_globalvariabledefs.obj (Flash0EccRegsFile)

GpioCtrlRegsFile 
*          1    00007c00    00000200     UNINITIALIZED
                  00007c00    00000200     f28002x_globalvariabledefs.obj (GpioCtrlRegsFile)

GpioDataRegsFile 
*          1    00007f00    0000003a     UNINITIALIZED
                  00007f00    0000003a     f28002x_globalvariabledefs.obj (GpioDataRegsFile)

PieCtrlRegsFile 
*          1    00000ce0    0000001a     UNINITIALIZED
                  00000ce0    0000001a     f28002x_globalvariabledefs.obj (PieCtrlRegsFile)

WdRegsFile 
*          1    00007000    0000002b     UNINITIALIZED
                  00007000    0000002b     f28002x_globalvariabledefs.obj (WdRegsFile)

.text      0    00082000    00000b05     
                  00082000    000000e6     f28002x_sysctrl.obj (.text:InitSysPll)
                  000820e6    000000a0     f28002x_sysctrl.obj (.text:IsPLLValid)
                  00082186    0000008e     f28002x_sysctrl.obj (.text:ComputeCntrSeedValue)
                  00082214    00000088     rts2800_fpu32_eabi.lib : fs_div28.asm.obj (.text)
                  0008229c    00000058     gpio_ex1_setup.obj (.text:main)
                  000822f4    00000051     f28002x_sysctrl.obj (.text:InitPeripheralClocks)
                  00082345    0000004c     f28002x_gpio.obj (.text:InitGpio)
                  00082391    00000041     gpio_ex1_setup.obj (.text:initEPWM2)
                  000823d2    00000041     gpio_ex1_setup.obj (.text:initEPWM3)
                  00082413    00000041     gpio_ex1_setup.obj (.text:initEPWM4)
                  00082454    00000041     gpio_ex1_setup.obj (.text:initEPWM7)
                  00082495    00000040     gpio_ex1_setup.obj (.text:initEPWM1)
                  000824d5    00000030     rts2800_fpu32_eabi.lib : copy_decompress_lzss.c.obj (.text:decompress:lzss)
                  00082505    0000002b                            : autoinit.c.obj (.text:__TI_auto_init_nobinit_nopinit)
                  00082530    0000002a     gpio_ex1_setup.obj (.text:initEPWM5)
                  0008255a    00000029     rts2800_fpu32_eabi.lib : exit.c.obj (.text)
                  00082583    00000025     f28002x_pievect.obj (.text:InitPieVectTable)
                  000825a8    00000020     f28002x_sysctrl.obj (.text:SysXtalOscSel)
                  000825c8    0000001f     f28002x_piectrl.obj (.text:InitPieCtrl)
                  000825e7    0000001d     f28002x_sysctrl.obj (.text:InitSysCtrl)
                  00082604    0000001d     rts2800_fpu32_eabi.lib : memcpy.c.obj (.text)
                  00082621    0000001b     f28002x_sysctrl.obj (.text:PollX1Counter)
                  0008263c    00000017     rts2800_fpu32_eabi.lib : boot28.asm.obj (.text)
                  00082653    00000015     f28002x_sysctrl.obj (.text:SysXtalOscSESel)
                  00082668    00000013     f28002x_epwm.obj (.text:InitEPwm3Gpio)
                  0008267b    00000013     f28002x_epwm.obj (.text:InitEPwm4Gpio)
                  0008268e    00000011     f28002x_epwm.obj (.text:InitEPwm1Gpio)
                  0008269f    00000011     f28002x_epwm.obj (.text:InitEPwm2Gpio)
                  000826b0    0000000d     f28002x_sysctrl.obj (.text:DisableDog)
                  000826bd    0000000d     f28002x_defaultisr.obj (.text:EMPTY_ISR)
                  000826ca    0000000d     f28002x_epwm.obj (.text:InitEPwm7Gpio)
                  000826d7    0000000d     rts2800_fpu32_eabi.lib : copy_zero_init.c.obj (.text:decompress:ZI:__TI_zero_init_nomemset)
                  000826e4    0000000c                            : args_main.c.obj (.text)
                  000826f0    0000000b     f28002x_epwm.obj (.text:InitEPwm5Gpio)
                  000826fb    0000000a     f28002x_defaultisr.obj (.text:ADCA1_ISR)
                  00082705    0000000a     f28002x_defaultisr.obj (.text:ADCA2_ISR)
                  0008270f    0000000a     f28002x_defaultisr.obj (.text:ADCA3_ISR)
                  00082719    0000000a     f28002x_defaultisr.obj (.text:ADCA4_ISR)
                  00082723    0000000a     f28002x_defaultisr.obj (.text:ADCA_EVT_ISR)
                  0008272d    0000000a     f28002x_defaultisr.obj (.text:ADCC1_ISR)
                  00082737    0000000a     f28002x_defaultisr.obj (.text:ADCC2_ISR)
                  00082741    0000000a     f28002x_defaultisr.obj (.text:ADCC3_ISR)
                  0008274b    0000000a     f28002x_defaultisr.obj (.text:ADCC4_ISR)
                  00082755    0000000a     f28002x_defaultisr.obj (.text:ADCC_EVT_ISR)
                  0008275f    0000000a     f28002x_defaultisr.obj (.text:BGCRC_ISR)
                  00082769    0000000a     f28002x_defaultisr.obj (.text:CANA0_ISR)
                  00082773    0000000a     f28002x_defaultisr.obj (.text:CANA1_ISR)
                  0008277d    0000000a     f28002x_defaultisr.obj (.text:CLB1_ISR)
                  00082787    0000000a     f28002x_defaultisr.obj (.text:CLB2_ISR)
                  00082791    0000000a     f28002x_defaultisr.obj (.text:DATALOG_ISR)
                  0008279b    0000000a     f28002x_defaultisr.obj (.text:DCC0_ISR)
                  000827a5    0000000a     f28002x_defaultisr.obj (.text:DCC1_ISR)
                  000827af    0000000a     f28002x_defaultisr.obj (.text:DMA_CH1_ISR)
                  000827b9    0000000a     f28002x_defaultisr.obj (.text:DMA_CH2_ISR)
                  000827c3    0000000a     f28002x_defaultisr.obj (.text:DMA_CH3_ISR)
                  000827cd    0000000a     f28002x_defaultisr.obj (.text:DMA_CH4_ISR)
                  000827d7    0000000a     f28002x_defaultisr.obj (.text:DMA_CH5_ISR)
                  000827e1    0000000a     f28002x_defaultisr.obj (.text:DMA_CH6_ISR)
                  000827eb    0000000a     f28002x_defaultisr.obj (.text:ECAP1_ISR)
                  000827f5    0000000a     f28002x_defaultisr.obj (.text:ECAP2_ISR)
                  000827ff    0000000a     f28002x_defaultisr.obj (.text:ECAP3_2_ISR)
                  00082809    0000000a     f28002x_defaultisr.obj (.text:ECAP3_ISR)
                  00082813    0000000a     f28002x_defaultisr.obj (.text:EMU_ISR)
                  0008281d    0000000a     f28002x_defaultisr.obj (.text:EPWM1_ISR)
                  00082827    0000000a     f28002x_defaultisr.obj (.text:EPWM1_TZ_ISR)
                  00082831    0000000a     f28002x_defaultisr.obj (.text:EPWM2_ISR)
                  0008283b    0000000a     f28002x_defaultisr.obj (.text:EPWM2_TZ_ISR)
                  00082845    0000000a     f28002x_defaultisr.obj (.text:EPWM3_ISR)
                  0008284f    0000000a     f28002x_defaultisr.obj (.text:EPWM3_TZ_ISR)
                  00082859    0000000a     f28002x_defaultisr.obj (.text:EPWM4_ISR)
                  00082863    0000000a     f28002x_defaultisr.obj (.text:EPWM4_TZ_ISR)
                  0008286d    0000000a     f28002x_defaultisr.obj (.text:EPWM5_ISR)
                  00082877    0000000a     f28002x_defaultisr.obj (.text:EPWM5_TZ_ISR)
                  00082881    0000000a     f28002x_defaultisr.obj (.text:EPWM6_ISR)
                  0008288b    0000000a     f28002x_defaultisr.obj (.text:EPWM6_TZ_ISR)
                  00082895    0000000a     f28002x_defaultisr.obj (.text:EPWM7_ISR)
                  0008289f    0000000a     f28002x_defaultisr.obj (.text:EPWM7_TZ_ISR)
                  000828a9    0000000a     f28002x_defaultisr.obj (.text:EQEP1_ISR)
                  000828b3    0000000a     f28002x_defaultisr.obj (.text:EQEP2_ISR)
                  000828bd    0000000a     f28002x_defaultisr.obj (.text:FLASH_CORR_ERR_ISR)
                  000828c7    0000000a     f28002x_defaultisr.obj (.text:FMC_ISR)
                  000828d1    0000000a     f28002x_defaultisr.obj (.text:FPU_OVERFLOW_ISR)
                  000828db    0000000a     f28002x_defaultisr.obj (.text:FPU_UNDERFLOW_ISR)
                  000828e5    0000000a     f28002x_defaultisr.obj (.text:FSIRXA1_ISR)
                  000828ef    0000000a     f28002x_defaultisr.obj (.text:FSIRXA2_ISR)
                  000828f9    0000000a     f28002x_defaultisr.obj (.text:FSITXA1_ISR)
                  00082903    0000000a     f28002x_defaultisr.obj (.text:FSITXA2_ISR)
                  0008290d    0000000a     f28002x_defaultisr.obj (.text:HICA_ISR)
                  00082917    0000000a     f28002x_defaultisr.obj (.text:I2CA_FIFO_ISR)
                  00082921    0000000a     f28002x_defaultisr.obj (.text:I2CA_ISR)
                  0008292b    0000000a     f28002x_defaultisr.obj (.text:I2CB_FIFO_ISR)
                  00082935    0000000a     f28002x_defaultisr.obj (.text:I2CB_ISR)
                  0008293f    0000000a     f28002x_defaultisr.obj (.text:ILLEGAL_ISR)
                  00082949    0000000a     f28002x_defaultisr.obj (.text:LINA_0_ISR)
                  00082953    0000000a     f28002x_defaultisr.obj (.text:LINA_1_ISR)
                  0008295d    0000000a     f28002x_defaultisr.obj (.text:LINB_0_ISR)
                  00082967    0000000a     f28002x_defaultisr.obj (.text:LINB_1_ISR)
                  00082971    0000000a     f28002x_defaultisr.obj (.text:MPOST_ISR)
                  0008297b    0000000a     f28002x_defaultisr.obj (.text:NMI_ISR)
                  00082985    0000000a     f28002x_defaultisr.obj (.text:NOTUSED_ISR)
                  0008298f    0000000a     f28002x_defaultisr.obj (.text:PIE_RESERVED_ISR)
                  00082999    0000000a     f28002x_defaultisr.obj (.text:PMBUSA_ISR)
                  000829a3    0000000a     f28002x_defaultisr.obj (.text:RAM_ACC_VIOL_ISR)
                  000829ad    0000000a     f28002x_defaultisr.obj (.text:RAM_CORR_ERR_ISR)
                  000829b7    0000000a     f28002x_defaultisr.obj (.text:RTOS_ISR)
                  000829c1    0000000a     f28002x_defaultisr.obj (.text:SCIA_RX_ISR)
                  000829cb    0000000a     f28002x_defaultisr.obj (.text:SCIA_TX_ISR)
                  000829d5    0000000a     f28002x_defaultisr.obj (.text:SPIA_RX_ISR)
                  000829df    0000000a     f28002x_defaultisr.obj (.text:SPIA_TX_ISR)
                  000829e9    0000000a     f28002x_defaultisr.obj (.text:SPIB_RX_ISR)
                  000829f3    0000000a     f28002x_defaultisr.obj (.text:SPIB_TX_ISR)
                  000829fd    0000000a     f28002x_defaultisr.obj (.text:SYS_PLL_SLIP_ISR)
                  00082a07    0000000a     f28002x_defaultisr.obj (.text:TIMER0_ISR)
                  00082a11    0000000a     f28002x_defaultisr.obj (.text:TIMER1_ISR)
                  00082a1b    0000000a     f28002x_defaultisr.obj (.text:TIMER2_ISR)
                  00082a25    0000000a     f28002x_defaultisr.obj (.text:USER10_ISR)
                  00082a2f    0000000a     f28002x_defaultisr.obj (.text:USER11_ISR)
                  00082a39    0000000a     f28002x_defaultisr.obj (.text:USER12_ISR)
                  00082a43    0000000a     f28002x_defaultisr.obj (.text:USER1_ISR)
                  00082a4d    0000000a     f28002x_defaultisr.obj (.text:USER2_ISR)
                  00082a57    0000000a     f28002x_defaultisr.obj (.text:USER3_ISR)
                  00082a61    0000000a     f28002x_defaultisr.obj (.text:USER4_ISR)
                  00082a6b    0000000a     f28002x_defaultisr.obj (.text:USER5_ISR)
                  00082a75    0000000a     f28002x_defaultisr.obj (.text:USER6_ISR)
                  00082a7f    0000000a     f28002x_defaultisr.obj (.text:USER7_ISR)
                  00082a89    0000000a     f28002x_defaultisr.obj (.text:USER8_ISR)
                  00082a93    0000000a     f28002x_defaultisr.obj (.text:USER9_ISR)
                  00082a9d    0000000a     f28002x_defaultisr.obj (.text:WAKE_ISR)
                  00082aa7    0000000a     f28002x_defaultisr.obj (.text:XINT1_ISR)
                  00082ab1    0000000a     f28002x_defaultisr.obj (.text:XINT2_ISR)
                  00082abb    0000000a     f28002x_defaultisr.obj (.text:XINT3_ISR)
                  00082ac5    0000000a     f28002x_defaultisr.obj (.text:XINT4_ISR)
                  00082acf    0000000a     f28002x_defaultisr.obj (.text:XINT5_ISR)
                  00082ad9    00000009     f28002x_sysctrl.obj (.text:SysIntOsc1Sel)
                  00082ae2    00000009     rts2800_fpu32_eabi.lib : _lock.c.obj (.text)
                  00082aeb    00000008                            : copy_decompress_none.c.obj (.text:decompress:none)
                  00082af3    00000008     f28002x_codestartbranch.obj (.text)
                  00082afb    00000007     f28002x_sysctrl.obj (.text:SysIntOsc2Sel)
                  00082b02    00000002     rts2800_fpu32_eabi.lib : pre_init.c.obj (.text)
                  00082b04    00000001                            : startup.c.obj (.text)

MODULE SUMMARY

       Module                           code   ro data   rw data
       ------                           ----   -------   -------
    .\
       f28002x_globalvariabledefs.obj   0      0         3329   
       f28002x_defaultisr.obj           1003   0         0      
       f28002x_sysctrl.obj              825    0         0      
       f28002x_pievect.obj              37     448       0      
       gpio_ex1_setup.obj               454    0         4      
       f28002x_epwm.obj                 96     0         0      
       f28002x_gpio.obj                 76     0         0      
       f28002x_piectrl.obj              31     0         0      
       f28002x_codestartbranch.obj      10     0         0      
       f28002x_usdelay.obj              8      0         0      
    +--+--------------------------------+------+---------+---------+
       Total:                           2540   448       3333   
                                                                
    C:\ti\ccs1260\ccs\tools\compiler\ti-cgt-c2000_22.6.1.LTS\lib\rts2800_fpu32_eabi.lib
       fs_div28.asm.obj                 136    0         0      
       copy_decompress_lzss.c.obj       48     0         0      
       exit.c.obj                       41     0         6      
       autoinit.c.obj                   43     0         0      
       memcpy.c.obj                     29     0         0      
       boot28.asm.obj                   23     0         0      
       _lock.c.obj                      9      0         4      
       copy_zero_init.c.obj             13     0         0      
       args_main.c.obj                  12     0         0      
       copy_decompress_none.c.obj       8      0         0      
       pre_init.c.obj                   2      0         0      
       startup.c.obj                    1      0         0      
    +--+--------------------------------+------+---------+---------+
       Total:                           365    0         10     
                                                                
       Stack:                           0      0         512    
       Linker Generated:                0      29        0      
    +--+--------------------------------+------+---------+---------+
       Grand Total:                     2905   477       3855   


LINKER GENERATED COPY TABLES

__TI_cinit_table @ 00081206 records: 2, size/record: 4, table size: 8
	.data: load addr=000811f0, load size=0000000b bytes, run addr=0000a000, run size=0000000e bytes, compression=lzss
	PieVectTableFile: load addr=00081202, load size=00000004 bytes, run addr=00000d00, run size=000001c0 bytes, compression=zero_init


LINKER GENERATED HANDLER TABLE

__TI_handler_table @ 000811fc records: 3, size/record: 2, table size: 6
	index: 0, handler: __TI_decompress_lzss
	index: 1, handler: __TI_decompress_none
	index: 2, handler: __TI_zero_init


GLOBAL DATA SYMBOLS: SORTED BY DATA PAGE

address     data page           name
--------    ----------------    ----
00000400      10 (00000400)     __stack

00000ce0      33 (00000cc0)     PieCtrlRegs

00000d00      34 (00000d00)     PieVectTable

00004000     100 (00004000)     EPwm1Regs

00004100     104 (00004100)     EPwm2Regs

00004200     108 (00004200)     EPwm3Regs

00004300     10c (00004300)     EPwm4Regs

00004400     110 (00004400)     EPwm5Regs

00004600     118 (00004600)     EPwm7Regs

00007000     1c0 (00007000)     WdRegs

00007c00     1f0 (00007c00)     GpioCtrlRegs

00007f00     1fc (00007f00)     GpioDataRegs

0000a000     280 (0000a000)     __TI_enable_exit_profile_output
0000a002     280 (0000a000)     __TI_cleanup_ptr
0000a004     280 (0000a000)     __TI_dtors_ptr
0000a006     280 (0000a000)     duty_t
0000a008     280 (0000a000)     cnt
0000a00a     280 (0000a000)     _lock
0000a00c     280 (0000a000)     _unlock

0005d200    1748 (0005d200)     ClkCfgRegs

0005d300    174c (0005d300)     CpuSysRegs

0005e700    179c (0005e700)     Dcc0Regs

0005e740    179d (0005e740)     Dcc1Regs

0005f800    17e0 (0005f800)     Flash0CtrlRegs

0005fb00    17ec (0005fb00)     Flash0EccRegs

00081000    2040 (00081000)     PieVectTableInit


GLOBAL SYMBOLS: SORTED ALPHABETICALLY BY Name 

page  address   name                           
----  -------   ----                           
0     000826fb  ADCA1_ISR                      
0     00082705  ADCA2_ISR                      
0     0008270f  ADCA3_ISR                      
0     00082719  ADCA4_ISR                      
0     00082723  ADCA_EVT_ISR                   
0     0008272d  ADCC1_ISR                      
0     00082737  ADCC2_ISR                      
0     00082741  ADCC3_ISR                      
0     0008274b  ADCC4_ISR                      
0     00082755  ADCC_EVT_ISR                   
0     0008275f  BGCRC_ISR                      
0     0008255a  C$$EXIT                        
0     00082769  CANA0_ISR                      
0     00082773  CANA1_ISR                      
0     0008277d  CLB1_ISR                       
0     00082787  CLB2_ISR                       
1     0005d200  ClkCfgRegs                     
0     00082186  ComputeCntrSeedValue           
1     0005d300  CpuSysRegs                     
0     00082791  DATALOG_ISR                    
0     0008279b  DCC0_ISR                       
0     000827a5  DCC1_ISR                       
0     000827af  DMA_CH1_ISR                    
0     000827b9  DMA_CH2_ISR                    
0     000827c3  DMA_CH3_ISR                    
0     000827cd  DMA_CH4_ISR                    
0     000827d7  DMA_CH5_ISR                    
0     000827e1  DMA_CH6_ISR                    
1     0005e700  Dcc0Regs                       
1     0005e740  Dcc1Regs                       
0     000826b0  DisableDog                     
0     000827eb  ECAP1_ISR                      
0     000827f5  ECAP2_ISR                      
0     000827ff  ECAP3_2_ISR                    
0     00082809  ECAP3_ISR                      
0     000826bd  EMPTY_ISR                      
0     00082813  EMU_ISR                        
0     0008281d  EPWM1_ISR                      
0     00082827  EPWM1_TZ_ISR                   
0     00082831  EPWM2_ISR                      
0     0008283b  EPWM2_TZ_ISR                   
0     00082845  EPWM3_ISR                      
0     0008284f  EPWM3_TZ_ISR                   
0     00082859  EPWM4_ISR                      
0     00082863  EPWM4_TZ_ISR                   
0     0008286d  EPWM5_ISR                      
0     00082877  EPWM5_TZ_ISR                   
0     00082881  EPWM6_ISR                      
0     0008288b  EPWM6_TZ_ISR                   
0     00082895  EPWM7_ISR                      
0     0008289f  EPWM7_TZ_ISR                   
1     00004000  EPwm1Regs                      
1     00004100  EPwm2Regs                      
1     00004200  EPwm3Regs                      
1     00004300  EPwm4Regs                      
1     00004400  EPwm5Regs                      
1     00004600  EPwm7Regs                      
0     000828a9  EQEP1_ISR                      
0     000828b3  EQEP2_ISR                      
0     0000c025  F28x_usDelay                   
0     000828bd  FLASH_CORR_ERR_ISR             
0     000828c7  FMC_ISR                        
0     000828d1  FPU_OVERFLOW_ISR               
0     000828db  FPU_UNDERFLOW_ISR              
0     000828e5  FSIRXA1_ISR                    
0     000828ef  FSIRXA2_ISR                    
0     000828f9  FSITXA1_ISR                    
0     00082903  FSITXA2_ISR                    
1     0005f800  Flash0CtrlRegs                 
1     0005fb00  Flash0EccRegs                  
1     00007c00  GpioCtrlRegs                   
1     00007f00  GpioDataRegs                   
0     0008290d  HICA_ISR                       
0     00082917  I2CA_FIFO_ISR                  
0     00082921  I2CA_ISR                       
0     0008292b  I2CB_FIFO_ISR                  
0     00082935  I2CB_ISR                       
0     0008293f  ILLEGAL_ISR                    
0     0008268e  InitEPwm1Gpio                  
0     0008269f  InitEPwm2Gpio                  
0     00082668  InitEPwm3Gpio                  
0     0008267b  InitEPwm4Gpio                  
0     000826f0  InitEPwm5Gpio                  
0     000826ca  InitEPwm7Gpio                  
0     0000c000  InitFlash                      
0     00082345  InitGpio                       
0     000822f4  InitPeripheralClocks           
0     000825c8  InitPieCtrl                    
0     00082583  InitPieVectTable               
0     000825e7  InitSysCtrl                    
0     00082000  InitSysPll                     
0     000820e6  IsPLLValid                     
0     00082949  LINA_0_ISR                     
0     00082953  LINA_1_ISR                     
0     0008295d  LINB_0_ISR                     
0     00082967  LINB_1_ISR                     
0     00082971  MPOST_ISR                      
0     0008297b  NMI_ISR                        
0     00082985  NOTUSED_ISR                    
0     0008298f  PIE_RESERVED_ISR               
0     00082999  PMBUSA_ISR                     
1     00000ce0  PieCtrlRegs                    
1     00000d00  PieVectTable                   
0     00081000  PieVectTableInit               
0     000829a3  RAM_ACC_VIOL_ISR               
0     000829ad  RAM_CORR_ERR_ISR               
0     000829b7  RTOS_ISR                       
0     000811e9  RamfuncsLoadEnd                
abs   00000029  RamfuncsLoadSize               
0     000811c0  RamfuncsLoadStart              
0     0000c029  RamfuncsRunEnd                 
abs   00000029  RamfuncsRunSize                
0     0000c000  RamfuncsRunStart               
0     000829c1  SCIA_RX_ISR                    
0     000829cb  SCIA_TX_ISR                    
0     000829d5  SPIA_RX_ISR                    
0     000829df  SPIA_TX_ISR                    
0     000829e9  SPIB_RX_ISR                    
0     000829f3  SPIB_TX_ISR                    
0     000829fd  SYS_PLL_SLIP_ISR               
0     00082ad9  SysIntOsc1Sel                  
0     00082afb  SysIntOsc2Sel                  
0     00082653  SysXtalOscSESel                
0     000825a8  SysXtalOscSel                  
0     00082a07  TIMER0_ISR                     
0     00082a11  TIMER1_ISR                     
0     00082a1b  TIMER2_ISR                     
0     00082a25  USER10_ISR                     
0     00082a2f  USER11_ISR                     
0     00082a39  USER12_ISR                     
0     00082a43  USER1_ISR                      
0     00082a4d  USER2_ISR                      
0     00082a57  USER3_ISR                      
0     00082a61  USER4_ISR                      
0     00082a6b  USER5_ISR                      
0     00082a75  USER6_ISR                      
0     00082a7f  USER7_ISR                      
0     00082a89  USER8_ISR                      
0     00082a93  USER9_ISR                      
0     00082a9d  WAKE_ISR                       
1     00007000  WdRegs                         
0     00082aa7  XINT1_ISR                      
0     00082ab1  XINT2_ISR                      
0     00082abb  XINT3_ISR                      
0     00082ac5  XINT4_ISR                      
0     00082acf  XINT5_ISR                      
0     00081206  __TI_CINIT_Base                
0     0008120e  __TI_CINIT_Limit               
0     0008120e  __TI_CINIT_Warm                
0     000811fc  __TI_Handler_Table_Base        
0     00081202  __TI_Handler_Table_Limit       
0     00000600  __TI_STACK_END                 
abs   00000200  __TI_STACK_SIZE                
0     00082505  __TI_auto_init_nobinit_nopinit 
0     0000a002  __TI_cleanup_ptr               
0     000824d5  __TI_decompress_lzss           
0     00082aeb  __TI_decompress_none           
0     0000a004  __TI_dtors_ptr                 
0     0000a000  __TI_enable_exit_profile_output
abs   ffffffff  __TI_pprof_out_hndl            
abs   ffffffff  __TI_prof_data_size            
abs   ffffffff  __TI_prof_data_start           
0     000826d7  __TI_zero_init_nomemset        
0     00082214  __c28xabi_divf                 
n/a   UNDEFED   __c_args__                     
0     00000400  __stack                        
0     000826e4  _args_main                     
0     0008263c  _c_int00                       
0     0000a00a  _lock                          
0     00082aea  _nop                           
0     00082ae6  _register_lock                 
0     00082ae2  _register_unlock               
0     00082b04  _system_post_cinit             
0     00082b02  _system_pre_init               
0     0000a00c  _unlock                        
0     0008255a  abort                          
0     0000a008  cnt                            
0     00080000  code_start                     
0     0000a006  duty_t                         
0     0008255c  exit                           
0     00082495  initEPWM1                      
0     00082391  initEPWM2                      
0     000823d2  initEPWM3                      
0     00082413  initEPWM4                      
0     00082530  initEPWM5                      
0     00082454  initEPWM7                      
0     0008229c  main                           
0     00082604  memcpy                         


GLOBAL SYMBOLS: SORTED BY Symbol Address 

page  address   name                           
----  -------   ----                           
0     00000400  __stack                        
0     00000600  __TI_STACK_END                 
0     0000a000  __TI_enable_exit_profile_output
0     0000a002  __TI_cleanup_ptr               
0     0000a004  __TI_dtors_ptr                 
0     0000a006  duty_t                         
0     0000a008  cnt                            
0     0000a00a  _lock                          
0     0000a00c  _unlock                        
0     0000c000  InitFlash                      
0     0000c000  RamfuncsRunStart               
0     0000c025  F28x_usDelay                   
0     0000c029  RamfuncsRunEnd                 
0     00080000  code_start                     
0     00081000  PieVectTableInit               
0     000811c0  RamfuncsLoadStart              
0     000811e9  RamfuncsLoadEnd                
0     000811fc  __TI_Handler_Table_Base        
0     00081202  __TI_Handler_Table_Limit       
0     00081206  __TI_CINIT_Base                
0     0008120e  __TI_CINIT_Limit               
0     0008120e  __TI_CINIT_Warm                
0     00082000  InitSysPll                     
0     000820e6  IsPLLValid                     
0     00082186  ComputeCntrSeedValue           
0     00082214  __c28xabi_divf                 
0     0008229c  main                           
0     000822f4  InitPeripheralClocks           
0     00082345  InitGpio                       
0     00082391  initEPWM2                      
0     000823d2  initEPWM3                      
0     00082413  initEPWM4                      
0     00082454  initEPWM7                      
0     00082495  initEPWM1                      
0     000824d5  __TI_decompress_lzss           
0     00082505  __TI_auto_init_nobinit_nopinit 
0     00082530  initEPWM5                      
0     0008255a  C$$EXIT                        
0     0008255a  abort                          
0     0008255c  exit                           
0     00082583  InitPieVectTable               
0     000825a8  SysXtalOscSel                  
0     000825c8  InitPieCtrl                    
0     000825e7  InitSysCtrl                    
0     00082604  memcpy                         
0     0008263c  _c_int00                       
0     00082653  SysXtalOscSESel                
0     00082668  InitEPwm3Gpio                  
0     0008267b  InitEPwm4Gpio                  
0     0008268e  InitEPwm1Gpio                  
0     0008269f  InitEPwm2Gpio                  
0     000826b0  DisableDog                     
0     000826bd  EMPTY_ISR                      
0     000826ca  InitEPwm7Gpio                  
0     000826d7  __TI_zero_init_nomemset        
0     000826e4  _args_main                     
0     000826f0  InitEPwm5Gpio                  
0     000826fb  ADCA1_ISR                      
0     00082705  ADCA2_ISR                      
0     0008270f  ADCA3_ISR                      
0     00082719  ADCA4_ISR                      
0     00082723  ADCA_EVT_ISR                   
0     0008272d  ADCC1_ISR                      
0     00082737  ADCC2_ISR                      
0     00082741  ADCC3_ISR                      
0     0008274b  ADCC4_ISR                      
0     00082755  ADCC_EVT_ISR                   
0     0008275f  BGCRC_ISR                      
0     00082769  CANA0_ISR                      
0     00082773  CANA1_ISR                      
0     0008277d  CLB1_ISR                       
0     00082787  CLB2_ISR                       
0     00082791  DATALOG_ISR                    
0     0008279b  DCC0_ISR                       
0     000827a5  DCC1_ISR                       
0     000827af  DMA_CH1_ISR                    
0     000827b9  DMA_CH2_ISR                    
0     000827c3  DMA_CH3_ISR                    
0     000827cd  DMA_CH4_ISR                    
0     000827d7  DMA_CH5_ISR                    
0     000827e1  DMA_CH6_ISR                    
0     000827eb  ECAP1_ISR                      
0     000827f5  ECAP2_ISR                      
0     000827ff  ECAP3_2_ISR                    
0     00082809  ECAP3_ISR                      
0     00082813  EMU_ISR                        
0     0008281d  EPWM1_ISR                      
0     00082827  EPWM1_TZ_ISR                   
0     00082831  EPWM2_ISR                      
0     0008283b  EPWM2_TZ_ISR                   
0     00082845  EPWM3_ISR                      
0     0008284f  EPWM3_TZ_ISR                   
0     00082859  EPWM4_ISR                      
0     00082863  EPWM4_TZ_ISR                   
0     0008286d  EPWM5_ISR                      
0     00082877  EPWM5_TZ_ISR                   
0     00082881  EPWM6_ISR                      
0     0008288b  EPWM6_TZ_ISR                   
0     00082895  EPWM7_ISR                      
0     0008289f  EPWM7_TZ_ISR                   
0     000828a9  EQEP1_ISR                      
0     000828b3  EQEP2_ISR                      
0     000828bd  FLASH_CORR_ERR_ISR             
0     000828c7  FMC_ISR                        
0     000828d1  FPU_OVERFLOW_ISR               
0     000828db  FPU_UNDERFLOW_ISR              
0     000828e5  FSIRXA1_ISR                    
0     000828ef  FSIRXA2_ISR                    
0     000828f9  FSITXA1_ISR                    
0     00082903  FSITXA2_ISR                    
0     0008290d  HICA_ISR                       
0     00082917  I2CA_FIFO_ISR                  
0     00082921  I2CA_ISR                       
0     0008292b  I2CB_FIFO_ISR                  
0     00082935  I2CB_ISR                       
0     0008293f  ILLEGAL_ISR                    
0     00082949  LINA_0_ISR                     
0     00082953  LINA_1_ISR                     
0     0008295d  LINB_0_ISR                     
0     00082967  LINB_1_ISR                     
0     00082971  MPOST_ISR                      
0     0008297b  NMI_ISR                        
0     00082985  NOTUSED_ISR                    
0     0008298f  PIE_RESERVED_ISR               
0     00082999  PMBUSA_ISR                     
0     000829a3  RAM_ACC_VIOL_ISR               
0     000829ad  RAM_CORR_ERR_ISR               
0     000829b7  RTOS_ISR                       
0     000829c1  SCIA_RX_ISR                    
0     000829cb  SCIA_TX_ISR                    
0     000829d5  SPIA_RX_ISR                    
0     000829df  SPIA_TX_ISR                    
0     000829e9  SPIB_RX_ISR                    
0     000829f3  SPIB_TX_ISR                    
0     000829fd  SYS_PLL_SLIP_ISR               
0     00082a07  TIMER0_ISR                     
0     00082a11  TIMER1_ISR                     
0     00082a1b  TIMER2_ISR                     
0     00082a25  USER10_ISR                     
0     00082a2f  USER11_ISR                     
0     00082a39  USER12_ISR                     
0     00082a43  USER1_ISR                      
0     00082a4d  USER2_ISR                      
0     00082a57  USER3_ISR                      
0     00082a61  USER4_ISR                      
0     00082a6b  USER5_ISR                      
0     00082a75  USER6_ISR                      
0     00082a7f  USER7_ISR                      
0     00082a89  USER8_ISR                      
0     00082a93  USER9_ISR                      
0     00082a9d  WAKE_ISR                       
0     00082aa7  XINT1_ISR                      
0     00082ab1  XINT2_ISR                      
0     00082abb  XINT3_ISR                      
0     00082ac5  XINT4_ISR                      
0     00082acf  XINT5_ISR                      
0     00082ad9  SysIntOsc1Sel                  
0     00082ae2  _register_unlock               
0     00082ae6  _register_lock                 
0     00082aea  _nop                           
0     00082aeb  __TI_decompress_none           
0     00082afb  SysIntOsc2Sel                  
0     00082b02  _system_pre_init               
0     00082b04  _system_post_cinit             
1     00000ce0  PieCtrlRegs                    
1     00000d00  PieVectTable                   
1     00004000  EPwm1Regs                      
1     00004100  EPwm2Regs                      
1     00004200  EPwm3Regs                      
1     00004300  EPwm4Regs                      
1     00004400  EPwm5Regs                      
1     00004600  EPwm7Regs                      
1     00007000  WdRegs                         
1     00007c00  GpioCtrlRegs                   
1     00007f00  GpioDataRegs                   
1     0005d200  ClkCfgRegs                     
1     0005d300  CpuSysRegs                     
1     0005e700  Dcc0Regs                       
1     0005e740  Dcc1Regs                       
1     0005f800  Flash0CtrlRegs                 
1     0005fb00  Flash0EccRegs                  
abs   00000029  RamfuncsLoadSize               
abs   00000029  RamfuncsRunSize                
abs   00000200  __TI_STACK_SIZE                
abs   ffffffff  __TI_pprof_out_hndl            
abs   ffffffff  __TI_prof_data_size            
abs   ffffffff  __TI_prof_data_start           
n/a   UNDEFED   __c_args__                     

[188 symbols]
