<?xml version="1.0" encoding="ISO-8859-1" ?>
<link_info>
   <banner>TMS320C2000 Linker PC v22.6.1.LTS</banner>
   <copyright>Copyright (c) 1996-2018 Texas Instruments Incorporated</copyright>
   <link_time>0x66781e34</link_time>
   <link_errors>0x0</link_errors>
   <output_file>gpio_ex1_setup.out</output_file>
   <entry_point>
      <name>code_start</name>
      <address>0x80000</address>
   </entry_point>
   <input_file_list>
      <input_file id="fl-2">
         <path>.\</path>
         <kind>object</kind>
         <file>f28002x_codestartbranch.obj</file>
         <name>f28002x_codestartbranch.obj</name>
      </input_file>
      <input_file id="fl-3">
         <path>.\</path>
         <kind>object</kind>
         <file>f28002x_defaultisr.obj</file>
         <name>f28002x_defaultisr.obj</name>
      </input_file>
      <input_file id="fl-4">
         <path>.\</path>
         <kind>object</kind>
         <file>f28002x_epwm.obj</file>
         <name>f28002x_epwm.obj</name>
      </input_file>
      <input_file id="fl-5">
         <path>.\</path>
         <kind>object</kind>
         <file>f28002x_globalvariabledefs.obj</file>
         <name>f28002x_globalvariabledefs.obj</name>
      </input_file>
      <input_file id="fl-6">
         <path>.\</path>
         <kind>object</kind>
         <file>f28002x_gpio.obj</file>
         <name>f28002x_gpio.obj</name>
      </input_file>
      <input_file id="fl-7">
         <path>.\</path>
         <kind>object</kind>
         <file>f28002x_piectrl.obj</file>
         <name>f28002x_piectrl.obj</name>
      </input_file>
      <input_file id="fl-8">
         <path>.\</path>
         <kind>object</kind>
         <file>f28002x_pievect.obj</file>
         <name>f28002x_pievect.obj</name>
      </input_file>
      <input_file id="fl-9">
         <path>.\</path>
         <kind>object</kind>
         <file>f28002x_sysctrl.obj</file>
         <name>f28002x_sysctrl.obj</name>
      </input_file>
      <input_file id="fl-a">
         <path>.\</path>
         <kind>object</kind>
         <file>f28002x_usdelay.obj</file>
         <name>f28002x_usdelay.obj</name>
      </input_file>
      <input_file id="fl-b">
         <path>.\</path>
         <kind>object</kind>
         <file>gpio_ex1_setup.obj</file>
         <name>gpio_ex1_setup.obj</name>
      </input_file>
      <input_file id="fl-10">
         <kind>object</kind>
         <file>&lt;internal&gt;</file>
         <name>&lt;internal&gt;</name>
      </input_file>
      <input_file id="fl-1c">
         <path>C:\ti\ccs1260\ccs\tools\compiler\ti-cgt-c2000_22.6.1.LTS\lib\</path>
         <kind>archive</kind>
         <file>rts2800_fpu32_eabi.lib</file>
         <name>boot28.asm.obj</name>
      </input_file>
      <input_file id="fl-1d">
         <path>C:\ti\ccs1260\ccs\tools\compiler\ti-cgt-c2000_22.6.1.LTS\lib\</path>
         <kind>archive</kind>
         <file>rts2800_fpu32_eabi.lib</file>
         <name>fs_div28.asm.obj</name>
      </input_file>
      <input_file id="fl-1e">
         <path>C:\ti\ccs1260\ccs\tools\compiler\ti-cgt-c2000_22.6.1.LTS\lib\</path>
         <kind>archive</kind>
         <file>rts2800_fpu32_eabi.lib</file>
         <name>memcpy.c.obj</name>
      </input_file>
      <input_file id="fl-1f">
         <path>C:\ti\ccs1260\ccs\tools\compiler\ti-cgt-c2000_22.6.1.LTS\lib\</path>
         <kind>archive</kind>
         <file>rts2800_fpu32_eabi.lib</file>
         <name>pre_init.c.obj</name>
      </input_file>
      <input_file id="fl-20">
         <path>C:\ti\ccs1260\ccs\tools\compiler\ti-cgt-c2000_22.6.1.LTS\lib\</path>
         <kind>archive</kind>
         <file>rts2800_fpu32_eabi.lib</file>
         <name>autoinit.c.obj</name>
      </input_file>
      <input_file id="fl-21">
         <path>C:\ti\ccs1260\ccs\tools\compiler\ti-cgt-c2000_22.6.1.LTS\lib\</path>
         <kind>archive</kind>
         <file>rts2800_fpu32_eabi.lib</file>
         <name>copy_zero_init.c.obj</name>
      </input_file>
      <input_file id="fl-22">
         <path>C:\ti\ccs1260\ccs\tools\compiler\ti-cgt-c2000_22.6.1.LTS\lib\</path>
         <kind>archive</kind>
         <file>rts2800_fpu32_eabi.lib</file>
         <name>copy_decompress_none.c.obj</name>
      </input_file>
      <input_file id="fl-23">
         <path>C:\ti\ccs1260\ccs\tools\compiler\ti-cgt-c2000_22.6.1.LTS\lib\</path>
         <kind>archive</kind>
         <file>rts2800_fpu32_eabi.lib</file>
         <name>copy_decompress_lzss.c.obj</name>
      </input_file>
      <input_file id="fl-24">
         <path>C:\ti\ccs1260\ccs\tools\compiler\ti-cgt-c2000_22.6.1.LTS\lib\</path>
         <kind>archive</kind>
         <file>rts2800_fpu32_eabi.lib</file>
         <name>exit.c.obj</name>
      </input_file>
      <input_file id="fl-25">
         <path>C:\ti\ccs1260\ccs\tools\compiler\ti-cgt-c2000_22.6.1.LTS\lib\</path>
         <kind>archive</kind>
         <file>rts2800_fpu32_eabi.lib</file>
         <name>_lock.c.obj</name>
      </input_file>
      <input_file id="fl-26">
         <path>C:\ti\ccs1260\ccs\tools\compiler\ti-cgt-c2000_22.6.1.LTS\lib\</path>
         <kind>archive</kind>
         <file>rts2800_fpu32_eabi.lib</file>
         <name>args_main.c.obj</name>
      </input_file>
      <input_file id="fl-27">
         <path>C:\ti\ccs1260\ccs\tools\compiler\ti-cgt-c2000_22.6.1.LTS\lib\</path>
         <kind>archive</kind>
         <file>rts2800_fpu32_eabi.lib</file>
         <name>memset.c.obj</name>
      </input_file>
      <input_file id="fl-28">
         <path>C:\ti\ccs1260\ccs\tools\compiler\ti-cgt-c2000_22.6.1.LTS\lib\</path>
         <kind>archive</kind>
         <file>rts2800_fpu32_eabi.lib</file>
         <name>cpy_tbl.c.obj</name>
      </input_file>
      <input_file id="fl-29">
         <path>C:\ti\ccs1260\ccs\tools\compiler\ti-cgt-c2000_22.6.1.LTS\lib\</path>
         <kind>archive</kind>
         <file>rts2800_fpu32_eabi.lib</file>
         <name>startup.c.obj</name>
      </input_file>
   </input_file_list>
   <object_component_list>
      <object_component id="oc-8e">
         <name>codestart</name>
         <load_address>0x80000</load_address>
         <run_address>0x80000</run_address>
         <size>0x2</size>
         <input_file_ref idref="fl-2"/>
      </object_component>
      <object_component id="oc-4ad">
         <name>.text:InitSysPll</name>
         <load_address>0x82000</load_address>
         <run_address>0x82000</run_address>
         <size>0xe6</size>
         <input_file_ref idref="fl-9"/>
      </object_component>
      <object_component id="oc-520">
         <name>.text:IsPLLValid</name>
         <load_address>0x820e6</load_address>
         <run_address>0x820e6</run_address>
         <size>0xa0</size>
         <input_file_ref idref="fl-9"/>
      </object_component>
      <object_component id="oc-55e">
         <name>.text:ComputeCntrSeedValue</name>
         <load_address>0x82186</load_address>
         <run_address>0x82186</run_address>
         <size>0x8e</size>
         <input_file_ref idref="fl-9"/>
      </object_component>
      <object_component id="oc-559">
         <name>.text</name>
         <load_address>0x82214</load_address>
         <run_address>0x82214</run_address>
         <size>0x88</size>
         <input_file_ref idref="fl-1d"/>
      </object_component>
      <object_component id="oc-3e7">
         <name>.text:main</name>
         <load_address>0x8229c</load_address>
         <run_address>0x8229c</run_address>
         <size>0x58</size>
         <input_file_ref idref="fl-b"/>
      </object_component>
      <object_component id="oc-4b3">
         <name>.text:InitPeripheralClocks</name>
         <load_address>0x822f4</load_address>
         <run_address>0x822f4</run_address>
         <size>0x51</size>
         <input_file_ref idref="fl-9"/>
      </object_component>
      <object_component id="oc-415">
         <name>.text:InitGpio</name>
         <load_address>0x82345</load_address>
         <run_address>0x82345</run_address>
         <size>0x4c</size>
         <input_file_ref idref="fl-6"/>
      </object_component>
      <object_component id="oc-439">
         <name>.text:initEPWM2</name>
         <load_address>0x82391</load_address>
         <run_address>0x82391</run_address>
         <size>0x41</size>
         <input_file_ref idref="fl-b"/>
      </object_component>
      <object_component id="oc-445">
         <name>.text:initEPWM3</name>
         <load_address>0x823d2</load_address>
         <run_address>0x823d2</run_address>
         <size>0x41</size>
         <input_file_ref idref="fl-b"/>
      </object_component>
      <object_component id="oc-451">
         <name>.text:initEPWM4</name>
         <load_address>0x82413</load_address>
         <run_address>0x82413</run_address>
         <size>0x41</size>
         <input_file_ref idref="fl-b"/>
      </object_component>
      <object_component id="oc-469">
         <name>.text:initEPWM7</name>
         <load_address>0x82454</load_address>
         <run_address>0x82454</run_address>
         <size>0x41</size>
         <input_file_ref idref="fl-b"/>
      </object_component>
      <object_component id="oc-42d">
         <name>.text:initEPWM1</name>
         <load_address>0x82495</load_address>
         <run_address>0x82495</run_address>
         <size>0x40</size>
         <input_file_ref idref="fl-b"/>
      </object_component>
      <object_component id="oc-81">
         <name>.text:decompress:lzss</name>
         <load_address>0x824d5</load_address>
         <run_address>0x824d5</run_address>
         <size>0x30</size>
         <input_file_ref idref="fl-23"/>
      </object_component>
      <object_component id="oc-3b7">
         <name>.text:__TI_auto_init_nobinit_nopinit</name>
         <load_address>0x82505</load_address>
         <run_address>0x82505</run_address>
         <size>0x2b</size>
         <input_file_ref idref="fl-20"/>
      </object_component>
      <object_component id="oc-45d">
         <name>.text:initEPWM5</name>
         <load_address>0x82530</load_address>
         <run_address>0x82530</run_address>
         <size>0x2a</size>
         <input_file_ref idref="fl-b"/>
      </object_component>
      <object_component id="oc-3ab">
         <name>.text</name>
         <load_address>0x8255a</load_address>
         <run_address>0x8255a</run_address>
         <size>0x29</size>
         <input_file_ref idref="fl-24"/>
      </object_component>
      <object_component id="oc-421">
         <name>.text:InitPieVectTable</name>
         <load_address>0x82583</load_address>
         <run_address>0x82583</run_address>
         <size>0x25</size>
         <input_file_ref idref="fl-8"/>
      </object_component>
      <object_component id="oc-514">
         <name>.text:SysXtalOscSel</name>
         <load_address>0x825a8</load_address>
         <run_address>0x825a8</run_address>
         <size>0x20</size>
         <input_file_ref idref="fl-9"/>
      </object_component>
      <object_component id="oc-41b">
         <name>.text:InitPieCtrl</name>
         <load_address>0x825c8</load_address>
         <run_address>0x825c8</run_address>
         <size>0x1f</size>
         <input_file_ref idref="fl-7"/>
      </object_component>
      <object_component id="oc-40f">
         <name>.text:InitSysCtrl</name>
         <load_address>0x825e7</load_address>
         <run_address>0x825e7</run_address>
         <size>0x1d</size>
         <input_file_ref idref="fl-9"/>
      </object_component>
      <object_component id="oc-2f7">
         <name>.text</name>
         <load_address>0x82604</load_address>
         <run_address>0x82604</run_address>
         <size>0x1d</size>
         <input_file_ref idref="fl-1e"/>
      </object_component>
      <object_component id="oc-54b">
         <name>.text:PollX1Counter</name>
         <load_address>0x82621</load_address>
         <run_address>0x82621</run_address>
         <size>0x1b</size>
         <input_file_ref idref="fl-9"/>
      </object_component>
      <object_component id="oc-38a">
         <name>.text</name>
         <load_address>0x8263c</load_address>
         <run_address>0x8263c</run_address>
         <size>0x17</size>
         <input_file_ref idref="fl-1c"/>
      </object_component>
      <object_component id="oc-51a">
         <name>.text:SysXtalOscSESel</name>
         <load_address>0x82653</load_address>
         <run_address>0x82653</run_address>
         <size>0x15</size>
         <input_file_ref idref="fl-9"/>
      </object_component>
      <object_component id="oc-43f">
         <name>.text:InitEPwm3Gpio</name>
         <load_address>0x82668</load_address>
         <run_address>0x82668</run_address>
         <size>0x13</size>
         <input_file_ref idref="fl-4"/>
      </object_component>
      <object_component id="oc-44b">
         <name>.text:InitEPwm4Gpio</name>
         <load_address>0x8267b</load_address>
         <run_address>0x8267b</run_address>
         <size>0x13</size>
         <input_file_ref idref="fl-4"/>
      </object_component>
      <object_component id="oc-427">
         <name>.text:InitEPwm1Gpio</name>
         <load_address>0x8268e</load_address>
         <run_address>0x8268e</run_address>
         <size>0x11</size>
         <input_file_ref idref="fl-4"/>
      </object_component>
      <object_component id="oc-433">
         <name>.text:InitEPwm2Gpio</name>
         <load_address>0x8269f</load_address>
         <run_address>0x8269f</run_address>
         <size>0x11</size>
         <input_file_ref idref="fl-4"/>
      </object_component>
      <object_component id="oc-4a1">
         <name>.text:DisableDog</name>
         <load_address>0x826b0</load_address>
         <run_address>0x826b0</run_address>
         <size>0xd</size>
         <input_file_ref idref="fl-9"/>
      </object_component>
      <object_component id="oc-2e8">
         <name>.text:EMPTY_ISR</name>
         <load_address>0x826bd</load_address>
         <run_address>0x826bd</run_address>
         <size>0xd</size>
         <input_file_ref idref="fl-3"/>
      </object_component>
      <object_component id="oc-463">
         <name>.text:InitEPwm7Gpio</name>
         <load_address>0x826ca</load_address>
         <run_address>0x826ca</run_address>
         <size>0xd</size>
         <input_file_ref idref="fl-4"/>
      </object_component>
      <object_component id="oc-2ff">
         <name>.text:decompress:ZI:__TI_zero_init_nomemset</name>
         <load_address>0x826d7</load_address>
         <run_address>0x826d7</run_address>
         <size>0xd</size>
         <input_file_ref idref="fl-21"/>
      </object_component>
      <object_component id="oc-3a5">
         <name>.text</name>
         <load_address>0x826e4</load_address>
         <run_address>0x826e4</run_address>
         <size>0xc</size>
         <input_file_ref idref="fl-26"/>
      </object_component>
      <object_component id="oc-457">
         <name>.text:InitEPwm5Gpio</name>
         <load_address>0x826f0</load_address>
         <run_address>0x826f0</run_address>
         <size>0xb</size>
         <input_file_ref idref="fl-4"/>
      </object_component>
      <object_component id="oc-10e">
         <name>.text:ADCA1_ISR</name>
         <load_address>0x826fb</load_address>
         <run_address>0x826fb</run_address>
         <size>0xa</size>
         <input_file_ref idref="fl-3"/>
      </object_component>
      <object_component id="oc-222">
         <name>.text:ADCA2_ISR</name>
         <load_address>0x82705</load_address>
         <run_address>0x82705</run_address>
         <size>0xa</size>
         <input_file_ref idref="fl-3"/>
      </object_component>
      <object_component id="oc-228">
         <name>.text:ADCA3_ISR</name>
         <load_address>0x8270f</load_address>
         <run_address>0x8270f</run_address>
         <size>0xa</size>
         <input_file_ref idref="fl-3"/>
      </object_component>
      <object_component id="oc-22e">
         <name>.text:ADCA4_ISR</name>
         <load_address>0x82719</load_address>
         <run_address>0x82719</run_address>
         <size>0xa</size>
         <input_file_ref idref="fl-3"/>
      </object_component>
      <object_component id="oc-21c">
         <name>.text:ADCA_EVT_ISR</name>
         <load_address>0x82723</load_address>
         <run_address>0x82723</run_address>
         <size>0xa</size>
         <input_file_ref idref="fl-3"/>
      </object_component>
      <object_component id="oc-114">
         <name>.text:ADCC1_ISR</name>
         <load_address>0x8272d</load_address>
         <run_address>0x8272d</run_address>
         <size>0xa</size>
         <input_file_ref idref="fl-3"/>
      </object_component>
      <object_component id="oc-2b8">
         <name>.text:ADCC2_ISR</name>
         <load_address>0x82737</load_address>
         <run_address>0x82737</run_address>
         <size>0xa</size>
         <input_file_ref idref="fl-3"/>
      </object_component>
      <object_component id="oc-2be">
         <name>.text:ADCC3_ISR</name>
         <load_address>0x82741</load_address>
         <run_address>0x82741</run_address>
         <size>0xa</size>
         <input_file_ref idref="fl-3"/>
      </object_component>
      <object_component id="oc-2c4">
         <name>.text:ADCC4_ISR</name>
         <load_address>0x8274b</load_address>
         <run_address>0x8274b</run_address>
         <size>0xa</size>
         <input_file_ref idref="fl-3"/>
      </object_component>
      <object_component id="oc-2b2">
         <name>.text:ADCC_EVT_ISR</name>
         <load_address>0x82755</load_address>
         <run_address>0x82755</run_address>
         <size>0xa</size>
         <input_file_ref idref="fl-3"/>
      </object_component>
      <object_component id="oc-2a6">
         <name>.text:BGCRC_ISR</name>
         <load_address>0x8275f</load_address>
         <run_address>0x8275f</run_address>
         <size>0xa</size>
         <input_file_ref idref="fl-3"/>
      </object_component>
      <object_component id="oc-210">
         <name>.text:CANA0_ISR</name>
         <load_address>0x82769</load_address>
         <run_address>0x82769</run_address>
         <size>0xa</size>
         <input_file_ref idref="fl-3"/>
      </object_component>
      <object_component id="oc-216">
         <name>.text:CANA1_ISR</name>
         <load_address>0x82773</load_address>
         <run_address>0x82773</run_address>
         <size>0xa</size>
         <input_file_ref idref="fl-3"/>
      </object_component>
      <object_component id="oc-1a4">
         <name>.text:CLB1_ISR</name>
         <load_address>0x8277d</load_address>
         <run_address>0x8277d</run_address>
         <size>0xa</size>
         <input_file_ref idref="fl-3"/>
      </object_component>
      <object_component id="oc-1aa">
         <name>.text:CLB2_ISR</name>
         <load_address>0x82787</load_address>
         <run_address>0x82787</run_address>
         <size>0xa</size>
         <input_file_ref idref="fl-3"/>
      </object_component>
      <object_component id="oc-a8">
         <name>.text:DATALOG_ISR</name>
         <load_address>0x82791</load_address>
         <run_address>0x82791</run_address>
         <size>0xa</size>
         <input_file_ref idref="fl-3"/>
      </object_component>
      <object_component id="oc-27c">
         <name>.text:DCC0_ISR</name>
         <load_address>0x8279b</load_address>
         <run_address>0x8279b</run_address>
         <size>0xa</size>
         <input_file_ref idref="fl-3"/>
      </object_component>
      <object_component id="oc-2a0">
         <name>.text:DCC1_ISR</name>
         <load_address>0x827a5</load_address>
         <run_address>0x827a5</run_address>
         <size>0xa</size>
         <input_file_ref idref="fl-3"/>
      </object_component>
      <object_component id="oc-1c8">
         <name>.text:DMA_CH1_ISR</name>
         <load_address>0x827af</load_address>
         <run_address>0x827af</run_address>
         <size>0xa</size>
         <input_file_ref idref="fl-3"/>
      </object_component>
      <object_component id="oc-1ce">
         <name>.text:DMA_CH2_ISR</name>
         <load_address>0x827b9</load_address>
         <run_address>0x827b9</run_address>
         <size>0xa</size>
         <input_file_ref idref="fl-3"/>
      </object_component>
      <object_component id="oc-1d4">
         <name>.text:DMA_CH3_ISR</name>
         <load_address>0x827c3</load_address>
         <run_address>0x827c3</run_address>
         <size>0xa</size>
         <input_file_ref idref="fl-3"/>
      </object_component>
      <object_component id="oc-1da">
         <name>.text:DMA_CH4_ISR</name>
         <load_address>0x827cd</load_address>
         <run_address>0x827cd</run_address>
         <size>0xa</size>
         <input_file_ref idref="fl-3"/>
      </object_component>
      <object_component id="oc-1e0">
         <name>.text:DMA_CH5_ISR</name>
         <load_address>0x827d7</load_address>
         <run_address>0x827d7</run_address>
         <size>0xa</size>
         <input_file_ref idref="fl-3"/>
      </object_component>
      <object_component id="oc-1e6">
         <name>.text:DMA_CH6_ISR</name>
         <load_address>0x827e1</load_address>
         <run_address>0x827e1</run_address>
         <size>0xa</size>
         <input_file_ref idref="fl-3"/>
      </object_component>
      <object_component id="oc-186">
         <name>.text:ECAP1_ISR</name>
         <load_address>0x827eb</load_address>
         <run_address>0x827eb</run_address>
         <size>0xa</size>
         <input_file_ref idref="fl-3"/>
      </object_component>
      <object_component id="oc-18c">
         <name>.text:ECAP2_ISR</name>
         <load_address>0x827f5</load_address>
         <run_address>0x827f5</run_address>
         <size>0xa</size>
         <input_file_ref idref="fl-3"/>
      </object_component>
      <object_component id="oc-25e">
         <name>.text:ECAP3_2_ISR</name>
         <load_address>0x827ff</load_address>
         <run_address>0x827ff</run_address>
         <size>0xa</size>
         <input_file_ref idref="fl-3"/>
      </object_component>
      <object_component id="oc-192">
         <name>.text:ECAP3_ISR</name>
         <load_address>0x82809</load_address>
         <run_address>0x82809</run_address>
         <size>0xa</size>
         <input_file_ref idref="fl-3"/>
      </object_component>
      <object_component id="oc-b4">
         <name>.text:EMU_ISR</name>
         <load_address>0x82813</load_address>
         <run_address>0x82813</run_address>
         <size>0xa</size>
         <input_file_ref idref="fl-3"/>
      </object_component>
      <object_component id="oc-15c">
         <name>.text:EPWM1_ISR</name>
         <load_address>0x8281d</load_address>
         <run_address>0x8281d</run_address>
         <size>0xa</size>
         <input_file_ref idref="fl-3"/>
      </object_component>
      <object_component id="oc-132">
         <name>.text:EPWM1_TZ_ISR</name>
         <load_address>0x82827</load_address>
         <run_address>0x82827</run_address>
         <size>0xa</size>
         <input_file_ref idref="fl-3"/>
      </object_component>
      <object_component id="oc-162">
         <name>.text:EPWM2_ISR</name>
         <load_address>0x82831</load_address>
         <run_address>0x82831</run_address>
         <size>0xa</size>
         <input_file_ref idref="fl-3"/>
      </object_component>
      <object_component id="oc-138">
         <name>.text:EPWM2_TZ_ISR</name>
         <load_address>0x8283b</load_address>
         <run_address>0x8283b</run_address>
         <size>0xa</size>
         <input_file_ref idref="fl-3"/>
      </object_component>
      <object_component id="oc-168">
         <name>.text:EPWM3_ISR</name>
         <load_address>0x82845</load_address>
         <run_address>0x82845</run_address>
         <size>0xa</size>
         <input_file_ref idref="fl-3"/>
      </object_component>
      <object_component id="oc-13e">
         <name>.text:EPWM3_TZ_ISR</name>
         <load_address>0x8284f</load_address>
         <run_address>0x8284f</run_address>
         <size>0xa</size>
         <input_file_ref idref="fl-3"/>
      </object_component>
      <object_component id="oc-16e">
         <name>.text:EPWM4_ISR</name>
         <load_address>0x82859</load_address>
         <run_address>0x82859</run_address>
         <size>0xa</size>
         <input_file_ref idref="fl-3"/>
      </object_component>
      <object_component id="oc-144">
         <name>.text:EPWM4_TZ_ISR</name>
         <load_address>0x82863</load_address>
         <run_address>0x82863</run_address>
         <size>0xa</size>
         <input_file_ref idref="fl-3"/>
      </object_component>
      <object_component id="oc-174">
         <name>.text:EPWM5_ISR</name>
         <load_address>0x8286d</load_address>
         <run_address>0x8286d</run_address>
         <size>0xa</size>
         <input_file_ref idref="fl-3"/>
      </object_component>
      <object_component id="oc-14a">
         <name>.text:EPWM5_TZ_ISR</name>
         <load_address>0x82877</load_address>
         <run_address>0x82877</run_address>
         <size>0xa</size>
         <input_file_ref idref="fl-3"/>
      </object_component>
      <object_component id="oc-17a">
         <name>.text:EPWM6_ISR</name>
         <load_address>0x82881</load_address>
         <run_address>0x82881</run_address>
         <size>0xa</size>
         <input_file_ref idref="fl-3"/>
      </object_component>
      <object_component id="oc-150">
         <name>.text:EPWM6_TZ_ISR</name>
         <load_address>0x8288b</load_address>
         <run_address>0x8288b</run_address>
         <size>0xa</size>
         <input_file_ref idref="fl-3"/>
      </object_component>
      <object_component id="oc-180">
         <name>.text:EPWM7_ISR</name>
         <load_address>0x82895</load_address>
         <run_address>0x82895</run_address>
         <size>0xa</size>
         <input_file_ref idref="fl-3"/>
      </object_component>
      <object_component id="oc-156">
         <name>.text:EPWM7_TZ_ISR</name>
         <load_address>0x8289f</load_address>
         <run_address>0x8289f</run_address>
         <size>0xa</size>
         <input_file_ref idref="fl-3"/>
      </object_component>
      <object_component id="oc-198">
         <name>.text:EQEP1_ISR</name>
         <load_address>0x828a9</load_address>
         <run_address>0x828a9</run_address>
         <size>0xa</size>
         <input_file_ref idref="fl-3"/>
      </object_component>
      <object_component id="oc-19e">
         <name>.text:EQEP2_ISR</name>
         <load_address>0x828b3</load_address>
         <run_address>0x828b3</run_address>
         <size>0xa</size>
         <input_file_ref idref="fl-3"/>
      </object_component>
      <object_component id="oc-2d0">
         <name>.text:FLASH_CORR_ERR_ISR</name>
         <load_address>0x828bd</load_address>
         <run_address>0x828bd</run_address>
         <size>0xa</size>
         <input_file_ref idref="fl-3"/>
      </object_component>
      <object_component id="oc-24c">
         <name>.text:FMC_ISR</name>
         <load_address>0x828c7</load_address>
         <run_address>0x828c7</run_address>
         <size>0xa</size>
         <input_file_ref idref="fl-3"/>
      </object_component>
      <object_component id="oc-252">
         <name>.text:FPU_OVERFLOW_ISR</name>
         <load_address>0x828d1</load_address>
         <run_address>0x828d1</run_address>
         <size>0xa</size>
         <input_file_ref idref="fl-3"/>
      </object_component>
      <object_component id="oc-258">
         <name>.text:FPU_UNDERFLOW_ISR</name>
         <load_address>0x828db</load_address>
         <run_address>0x828db</run_address>
         <size>0xa</size>
         <input_file_ref idref="fl-3"/>
      </object_component>
      <object_component id="oc-270">
         <name>.text:FSIRXA1_ISR</name>
         <load_address>0x828e5</load_address>
         <run_address>0x828e5</run_address>
         <size>0xa</size>
         <input_file_ref idref="fl-3"/>
      </object_component>
      <object_component id="oc-276">
         <name>.text:FSIRXA2_ISR</name>
         <load_address>0x828ef</load_address>
         <run_address>0x828ef</run_address>
         <size>0xa</size>
         <input_file_ref idref="fl-3"/>
      </object_component>
      <object_component id="oc-264">
         <name>.text:FSITXA1_ISR</name>
         <load_address>0x828f9</load_address>
         <run_address>0x828f9</run_address>
         <size>0xa</size>
         <input_file_ref idref="fl-3"/>
      </object_component>
      <object_component id="oc-26a">
         <name>.text:FSITXA2_ISR</name>
         <load_address>0x82903</load_address>
         <run_address>0x82903</run_address>
         <size>0xa</size>
         <input_file_ref idref="fl-3"/>
      </object_component>
      <object_component id="oc-2ac">
         <name>.text:HICA_ISR</name>
         <load_address>0x8290d</load_address>
         <run_address>0x8290d</run_address>
         <size>0xa</size>
         <input_file_ref idref="fl-3"/>
      </object_component>
      <object_component id="oc-1f2">
         <name>.text:I2CA_FIFO_ISR</name>
         <load_address>0x82917</load_address>
         <run_address>0x82917</run_address>
         <size>0xa</size>
         <input_file_ref idref="fl-3"/>
      </object_component>
      <object_component id="oc-1ec">
         <name>.text:I2CA_ISR</name>
         <load_address>0x82921</load_address>
         <run_address>0x82921</run_address>
         <size>0xa</size>
         <input_file_ref idref="fl-3"/>
      </object_component>
      <object_component id="oc-1fe">
         <name>.text:I2CB_FIFO_ISR</name>
         <load_address>0x8292b</load_address>
         <run_address>0x8292b</run_address>
         <size>0xa</size>
         <input_file_ref idref="fl-3"/>
      </object_component>
      <object_component id="oc-1f8">
         <name>.text:I2CB_ISR</name>
         <load_address>0x82935</load_address>
         <run_address>0x82935</run_address>
         <size>0xa</size>
         <input_file_ref idref="fl-3"/>
      </object_component>
      <object_component id="oc-c0">
         <name>.text:ILLEGAL_ISR</name>
         <load_address>0x8293f</load_address>
         <run_address>0x8293f</run_address>
         <size>0xa</size>
         <input_file_ref idref="fl-3"/>
      </object_component>
      <object_component id="oc-282">
         <name>.text:LINA_0_ISR</name>
         <load_address>0x82949</load_address>
         <run_address>0x82949</run_address>
         <size>0xa</size>
         <input_file_ref idref="fl-3"/>
      </object_component>
      <object_component id="oc-288">
         <name>.text:LINA_1_ISR</name>
         <load_address>0x82953</load_address>
         <run_address>0x82953</run_address>
         <size>0xa</size>
         <input_file_ref idref="fl-3"/>
      </object_component>
      <object_component id="oc-28e">
         <name>.text:LINB_0_ISR</name>
         <load_address>0x8295d</load_address>
         <run_address>0x8295d</run_address>
         <size>0xa</size>
         <input_file_ref idref="fl-3"/>
      </object_component>
      <object_component id="oc-294">
         <name>.text:LINB_1_ISR</name>
         <load_address>0x82967</load_address>
         <run_address>0x82967</run_address>
         <size>0xa</size>
         <input_file_ref idref="fl-3"/>
      </object_component>
      <object_component id="oc-246">
         <name>.text:MPOST_ISR</name>
         <load_address>0x82971</load_address>
         <run_address>0x82971</run_address>
         <size>0xa</size>
         <input_file_ref idref="fl-3"/>
      </object_component>
      <object_component id="oc-ba">
         <name>.text:NMI_ISR</name>
         <load_address>0x8297b</load_address>
         <run_address>0x8297b</run_address>
         <size>0xa</size>
         <input_file_ref idref="fl-3"/>
      </object_component>
      <object_component id="oc-2ee">
         <name>.text:NOTUSED_ISR</name>
         <load_address>0x82985</load_address>
         <run_address>0x82985</run_address>
         <size>0xa</size>
         <input_file_ref idref="fl-3"/>
      </object_component>
      <object_component id="oc-2e2">
         <name>.text:PIE_RESERVED_ISR</name>
         <load_address>0x8298f</load_address>
         <run_address>0x8298f</run_address>
         <size>0xa</size>
         <input_file_ref idref="fl-3"/>
      </object_component>
      <object_component id="oc-29a">
         <name>.text:PMBUSA_ISR</name>
         <load_address>0x82999</load_address>
         <run_address>0x82999</run_address>
         <size>0xa</size>
         <input_file_ref idref="fl-3"/>
      </object_component>
      <object_component id="oc-2d6">
         <name>.text:RAM_ACC_VIOL_ISR</name>
         <load_address>0x829a3</load_address>
         <run_address>0x829a3</run_address>
         <size>0xa</size>
         <input_file_ref idref="fl-3"/>
      </object_component>
      <object_component id="oc-2ca">
         <name>.text:RAM_CORR_ERR_ISR</name>
         <load_address>0x829ad</load_address>
         <run_address>0x829ad</run_address>
         <size>0xa</size>
         <input_file_ref idref="fl-3"/>
      </object_component>
      <object_component id="oc-ae">
         <name>.text:RTOS_ISR</name>
         <load_address>0x829b7</load_address>
         <run_address>0x829b7</run_address>
         <size>0xa</size>
         <input_file_ref idref="fl-3"/>
      </object_component>
      <object_component id="oc-204">
         <name>.text:SCIA_RX_ISR</name>
         <load_address>0x829c1</load_address>
         <run_address>0x829c1</run_address>
         <size>0xa</size>
         <input_file_ref idref="fl-3"/>
      </object_component>
      <object_component id="oc-20a">
         <name>.text:SCIA_TX_ISR</name>
         <load_address>0x829cb</load_address>
         <run_address>0x829cb</run_address>
         <size>0xa</size>
         <input_file_ref idref="fl-3"/>
      </object_component>
      <object_component id="oc-1b0">
         <name>.text:SPIA_RX_ISR</name>
         <load_address>0x829d5</load_address>
         <run_address>0x829d5</run_address>
         <size>0xa</size>
         <input_file_ref idref="fl-3"/>
      </object_component>
      <object_component id="oc-1b6">
         <name>.text:SPIA_TX_ISR</name>
         <load_address>0x829df</load_address>
         <run_address>0x829df</run_address>
         <size>0xa</size>
         <input_file_ref idref="fl-3"/>
      </object_component>
      <object_component id="oc-1bc">
         <name>.text:SPIB_RX_ISR</name>
         <load_address>0x829e9</load_address>
         <run_address>0x829e9</run_address>
         <size>0xa</size>
         <input_file_ref idref="fl-3"/>
      </object_component>
      <object_component id="oc-1c2">
         <name>.text:SPIB_TX_ISR</name>
         <load_address>0x829f3</load_address>
         <run_address>0x829f3</run_address>
         <size>0xa</size>
         <input_file_ref idref="fl-3"/>
      </object_component>
      <object_component id="oc-2dc">
         <name>.text:SYS_PLL_SLIP_ISR</name>
         <load_address>0x829fd</load_address>
         <run_address>0x829fd</run_address>
         <size>0xa</size>
         <input_file_ref idref="fl-3"/>
      </object_component>
      <object_component id="oc-126">
         <name>.text:TIMER0_ISR</name>
         <load_address>0x82a07</load_address>
         <run_address>0x82a07</run_address>
         <size>0xa</size>
         <input_file_ref idref="fl-3"/>
      </object_component>
      <object_component id="oc-99">
         <name>.text:TIMER1_ISR</name>
         <load_address>0x82a11</load_address>
         <run_address>0x82a11</run_address>
         <size>0xa</size>
         <input_file_ref idref="fl-3"/>
      </object_component>
      <object_component id="oc-a2">
         <name>.text:TIMER2_ISR</name>
         <load_address>0x82a1b</load_address>
         <run_address>0x82a1b</run_address>
         <size>0xa</size>
         <input_file_ref idref="fl-3"/>
      </object_component>
      <object_component id="oc-fc">
         <name>.text:USER10_ISR</name>
         <load_address>0x82a25</load_address>
         <run_address>0x82a25</run_address>
         <size>0xa</size>
         <input_file_ref idref="fl-3"/>
      </object_component>
      <object_component id="oc-102">
         <name>.text:USER11_ISR</name>
         <load_address>0x82a2f</load_address>
         <run_address>0x82a2f</run_address>
         <size>0xa</size>
         <input_file_ref idref="fl-3"/>
      </object_component>
      <object_component id="oc-108">
         <name>.text:USER12_ISR</name>
         <load_address>0x82a39</load_address>
         <run_address>0x82a39</run_address>
         <size>0xa</size>
         <input_file_ref idref="fl-3"/>
      </object_component>
      <object_component id="oc-c6">
         <name>.text:USER1_ISR</name>
         <load_address>0x82a43</load_address>
         <run_address>0x82a43</run_address>
         <size>0xa</size>
         <input_file_ref idref="fl-3"/>
      </object_component>
      <object_component id="oc-cc">
         <name>.text:USER2_ISR</name>
         <load_address>0x82a4d</load_address>
         <run_address>0x82a4d</run_address>
         <size>0xa</size>
         <input_file_ref idref="fl-3"/>
      </object_component>
      <object_component id="oc-d2">
         <name>.text:USER3_ISR</name>
         <load_address>0x82a57</load_address>
         <run_address>0x82a57</run_address>
         <size>0xa</size>
         <input_file_ref idref="fl-3"/>
      </object_component>
      <object_component id="oc-d8">
         <name>.text:USER4_ISR</name>
         <load_address>0x82a61</load_address>
         <run_address>0x82a61</run_address>
         <size>0xa</size>
         <input_file_ref idref="fl-3"/>
      </object_component>
      <object_component id="oc-de">
         <name>.text:USER5_ISR</name>
         <load_address>0x82a6b</load_address>
         <run_address>0x82a6b</run_address>
         <size>0xa</size>
         <input_file_ref idref="fl-3"/>
      </object_component>
      <object_component id="oc-e4">
         <name>.text:USER6_ISR</name>
         <load_address>0x82a75</load_address>
         <run_address>0x82a75</run_address>
         <size>0xa</size>
         <input_file_ref idref="fl-3"/>
      </object_component>
      <object_component id="oc-ea">
         <name>.text:USER7_ISR</name>
         <load_address>0x82a7f</load_address>
         <run_address>0x82a7f</run_address>
         <size>0xa</size>
         <input_file_ref idref="fl-3"/>
      </object_component>
      <object_component id="oc-f0">
         <name>.text:USER8_ISR</name>
         <load_address>0x82a89</load_address>
         <run_address>0x82a89</run_address>
         <size>0xa</size>
         <input_file_ref idref="fl-3"/>
      </object_component>
      <object_component id="oc-f6">
         <name>.text:USER9_ISR</name>
         <load_address>0x82a93</load_address>
         <run_address>0x82a93</run_address>
         <size>0xa</size>
         <input_file_ref idref="fl-3"/>
      </object_component>
      <object_component id="oc-12c">
         <name>.text:WAKE_ISR</name>
         <load_address>0x82a9d</load_address>
         <run_address>0x82a9d</run_address>
         <size>0xa</size>
         <input_file_ref idref="fl-3"/>
      </object_component>
      <object_component id="oc-11a">
         <name>.text:XINT1_ISR</name>
         <load_address>0x82aa7</load_address>
         <run_address>0x82aa7</run_address>
         <size>0xa</size>
         <input_file_ref idref="fl-3"/>
      </object_component>
      <object_component id="oc-120">
         <name>.text:XINT2_ISR</name>
         <load_address>0x82ab1</load_address>
         <run_address>0x82ab1</run_address>
         <size>0xa</size>
         <input_file_ref idref="fl-3"/>
      </object_component>
      <object_component id="oc-234">
         <name>.text:XINT3_ISR</name>
         <load_address>0x82abb</load_address>
         <run_address>0x82abb</run_address>
         <size>0xa</size>
         <input_file_ref idref="fl-3"/>
      </object_component>
      <object_component id="oc-23a">
         <name>.text:XINT4_ISR</name>
         <load_address>0x82ac5</load_address>
         <run_address>0x82ac5</run_address>
         <size>0xa</size>
         <input_file_ref idref="fl-3"/>
      </object_component>
      <object_component id="oc-240">
         <name>.text:XINT5_ISR</name>
         <load_address>0x82acf</load_address>
         <run_address>0x82acf</run_address>
         <size>0xa</size>
         <input_file_ref idref="fl-3"/>
      </object_component>
      <object_component id="oc-508">
         <name>.text:SysIntOsc1Sel</name>
         <load_address>0x82ad9</load_address>
         <run_address>0x82ad9</run_address>
         <size>0x9</size>
         <input_file_ref idref="fl-9"/>
      </object_component>
      <object_component id="oc-48e">
         <name>.text</name>
         <load_address>0x82ae2</load_address>
         <run_address>0x82ae2</run_address>
         <size>0x9</size>
         <input_file_ref idref="fl-25"/>
      </object_component>
      <object_component id="oc-87">
         <name>.text:decompress:none</name>
         <load_address>0x82aeb</load_address>
         <run_address>0x82aeb</run_address>
         <size>0x8</size>
         <input_file_ref idref="fl-22"/>
      </object_component>
      <object_component id="oc-30b">
         <name>.text</name>
         <load_address>0x82af3</load_address>
         <run_address>0x82af3</run_address>
         <size>0x8</size>
         <input_file_ref idref="fl-2"/>
      </object_component>
      <object_component id="oc-50e">
         <name>.text:SysIntOsc2Sel</name>
         <load_address>0x82afb</load_address>
         <run_address>0x82afb</run_address>
         <size>0x7</size>
         <input_file_ref idref="fl-9"/>
      </object_component>
      <object_component id="oc-39e">
         <name>.text</name>
         <load_address>0x82b02</load_address>
         <run_address>0x82b02</run_address>
         <size>0x2</size>
         <input_file_ref idref="fl-1f"/>
      </object_component>
      <object_component id="oc-3fa">
         <name>.text</name>
         <load_address>0x82b04</load_address>
         <run_address>0x82b04</run_address>
         <size>0x1</size>
         <input_file_ref idref="fl-29"/>
      </object_component>
      <object_component id="oc-606">
         <name>.cinit..data.load</name>
         <load_address>0x811f0</load_address>
         <run_address>0x811f0</run_address>
         <size>0xb</size>
      </object_component>
      <object_component id="oc-604">
         <name>__TI_handler_table</name>
         <load_address>0x811fc</load_address>
         <run_address>0x811fc</run_address>
         <size>0x6</size>
      </object_component>
      <object_component id="oc-607">
         <name>.cinit.PieVectTableFile.load</name>
         <load_address>0x81202</load_address>
         <run_address>0x81202</run_address>
         <size>0x4</size>
      </object_component>
      <object_component id="oc-605">
         <name>__TI_cinit_table</name>
         <load_address>0x81206</load_address>
         <run_address>0x81206</run_address>
         <size>0x8</size>
      </object_component>
      <object_component id="oc-2f4">
         <name>.stack</name>
         <uninitialized>true</uninitialized>
         <run_address>0x400</run_address>
         <size>0x0</size>
         <input_file_ref idref="fl-1c"/>
      </object_component>
      <object_component id="oc-608">
         <name>.stack</name>
         <uninitialized>true</uninitialized>
         <run_address>0x400</run_address>
         <size>0x0</size>
      </object_component>
      <object_component id="oc-9f">
         <name>.const</name>
         <load_address>0x81000</load_address>
         <run_address>0x81000</run_address>
         <size>0x1c0</size>
         <input_file_ref idref="fl-8"/>
      </object_component>
      <object_component id="oc-472">
         <name>.data</name>
         <load_address>0xa006</load_address>
         <run_address>0xa006</run_address>
         <size>0x4</size>
         <input_file_ref idref="fl-b"/>
      </object_component>
      <object_component id="oc-3ef">
         <name>.data</name>
         <load_address>0xa000</load_address>
         <run_address>0xa000</run_address>
         <size>0x6</size>
         <input_file_ref idref="fl-24"/>
      </object_component>
      <object_component id="oc-3f2">
         <name>.data:_lock</name>
         <load_address>0xa00a</load_address>
         <run_address>0xa00a</run_address>
         <size>0x2</size>
         <input_file_ref idref="fl-25"/>
      </object_component>
      <object_component id="oc-4ed">
         <name>.data:_unlock</name>
         <load_address>0xa00c</load_address>
         <run_address>0xa00c</run_address>
         <size>0x2</size>
         <input_file_ref idref="fl-25"/>
      </object_component>
      <object_component id="oc-4a7">
         <name>.TI.ramfunc:InitFlash</name>
         <load_address>0x811c0</load_address>
         <run_address>0xc000</run_address>
         <size>0x25</size>
         <input_file_ref idref="fl-9"/>
      </object_component>
      <object_component id="oc-565">
         <name>.TI.ramfunc</name>
         <load_address>0x811e5</load_address>
         <run_address>0xc025</run_address>
         <size>0x4</size>
         <input_file_ref idref="fl-a"/>
      </object_component>
      <object_component id="oc-4c8">
         <name>PieVectTableFile</name>
         <uninitialized>true</uninitialized>
         <run_address>0xd00</run_address>
         <size>0x1c0</size>
         <input_file_ref idref="fl-5"/>
      </object_component>
      <object_component id="oc-505">
         <name>ClkCfgRegsFile</name>
         <uninitialized>true</uninitialized>
         <run_address>0x5d200</run_address>
         <size>0x3e</size>
         <input_file_ref idref="fl-5"/>
      </object_component>
      <object_component id="oc-46f">
         <name>CpuSysRegsFile</name>
         <uninitialized>true</uninitialized>
         <run_address>0x5d300</run_address>
         <size>0x82</size>
         <input_file_ref idref="fl-5"/>
      </object_component>
      <object_component id="oc-553">
         <name>Dcc0RegsFile</name>
         <uninitialized>true</uninitialized>
         <run_address>0x5e700</run_address>
         <size>0x2c</size>
         <input_file_ref idref="fl-5"/>
      </object_component>
      <object_component id="oc-556">
         <name>Dcc1RegsFile</name>
         <uninitialized>true</uninitialized>
         <run_address>0x5e740</run_address>
         <size>0x2c</size>
         <input_file_ref idref="fl-5"/>
      </object_component>
      <object_component id="oc-475">
         <name>EPwm1RegsFile</name>
         <uninitialized>true</uninitialized>
         <run_address>0x4000</run_address>
         <size>0x100</size>
         <input_file_ref idref="fl-5"/>
      </object_component>
      <object_component id="oc-478">
         <name>EPwm2RegsFile</name>
         <uninitialized>true</uninitialized>
         <run_address>0x4100</run_address>
         <size>0x100</size>
         <input_file_ref idref="fl-5"/>
      </object_component>
      <object_component id="oc-47b">
         <name>EPwm3RegsFile</name>
         <uninitialized>true</uninitialized>
         <run_address>0x4200</run_address>
         <size>0x100</size>
         <input_file_ref idref="fl-5"/>
      </object_component>
      <object_component id="oc-47e">
         <name>EPwm4RegsFile</name>
         <uninitialized>true</uninitialized>
         <run_address>0x4300</run_address>
         <size>0x100</size>
         <input_file_ref idref="fl-5"/>
      </object_component>
      <object_component id="oc-484">
         <name>EPwm5RegsFile</name>
         <uninitialized>true</uninitialized>
         <run_address>0x4400</run_address>
         <size>0x100</size>
         <input_file_ref idref="fl-5"/>
      </object_component>
      <object_component id="oc-481">
         <name>EPwm7RegsFile</name>
         <uninitialized>true</uninitialized>
         <run_address>0x4600</run_address>
         <size>0x100</size>
         <input_file_ref idref="fl-5"/>
      </object_component>
      <object_component id="oc-4fe">
         <name>Flash0CtrlRegsFile</name>
         <uninitialized>true</uninitialized>
         <run_address>0x5f800</run_address>
         <size>0x182</size>
         <input_file_ref idref="fl-5"/>
      </object_component>
      <object_component id="oc-501">
         <name>Flash0EccRegsFile</name>
         <uninitialized>true</uninitialized>
         <run_address>0x5fb00</run_address>
         <size>0x28</size>
         <input_file_ref idref="fl-5"/>
      </object_component>
      <object_component id="oc-4bb">
         <name>GpioCtrlRegsFile</name>
         <uninitialized>true</uninitialized>
         <run_address>0x7c00</run_address>
         <size>0x200</size>
         <input_file_ref idref="fl-5"/>
      </object_component>
      <object_component id="oc-4be">
         <name>GpioDataRegsFile</name>
         <uninitialized>true</uninitialized>
         <run_address>0x7f00</run_address>
         <size>0x3a</size>
         <input_file_ref idref="fl-5"/>
      </object_component>
      <object_component id="oc-4c3">
         <name>PieCtrlRegsFile</name>
         <uninitialized>true</uninitialized>
         <run_address>0xce0</run_address>
         <size>0x1a</size>
         <input_file_ref idref="fl-5"/>
      </object_component>
      <object_component id="oc-4fa">
         <name>WdRegsFile</name>
         <uninitialized>true</uninitialized>
         <run_address>0x7000</run_address>
         <size>0x2b</size>
         <input_file_ref idref="fl-5"/>
      </object_component>
      <object_component id="oc-91">
         <name>.debug_info</name>
         <load_address>0x0</load_address>
         <run_address>0x0</run_address>
         <size>0xff</size>
         <input_file_ref idref="fl-2"/>
      </object_component>
      <object_component id="oc-30e">
         <name>.debug_info</name>
         <load_address>0xff</load_address>
         <run_address>0xff</run_address>
         <size>0x100</size>
         <input_file_ref idref="fl-2"/>
      </object_component>
      <object_component id="oc-9a">
         <name>.debug_info</name>
         <load_address>0x1ff</load_address>
         <run_address>0x1ff</run_address>
         <size>0x110</size>
         <input_file_ref idref="fl-3"/>
      </object_component>
      <object_component id="oc-a3">
         <name>.debug_info</name>
         <load_address>0x30f</load_address>
         <run_address>0x30f</run_address>
         <size>0x110</size>
         <input_file_ref idref="fl-3"/>
      </object_component>
      <object_component id="oc-a9">
         <name>.debug_info</name>
         <load_address>0x41f</load_address>
         <run_address>0x41f</run_address>
         <size>0x112</size>
         <input_file_ref idref="fl-3"/>
      </object_component>
      <object_component id="oc-af">
         <name>.debug_info</name>
         <load_address>0x531</load_address>
         <run_address>0x531</run_address>
         <size>0x10c</size>
         <input_file_ref idref="fl-3"/>
      </object_component>
      <object_component id="oc-b5">
         <name>.debug_info</name>
         <load_address>0x63d</load_address>
         <run_address>0x63d</run_address>
         <size>0x10a</size>
         <input_file_ref idref="fl-3"/>
      </object_component>
      <object_component id="oc-bb">
         <name>.debug_info</name>
         <load_address>0x747</load_address>
         <run_address>0x747</run_address>
         <size>0x10a</size>
         <input_file_ref idref="fl-3"/>
      </object_component>
      <object_component id="oc-c1">
         <name>.debug_info</name>
         <load_address>0x851</load_address>
         <run_address>0x851</run_address>
         <size>0x112</size>
         <input_file_ref idref="fl-3"/>
      </object_component>
      <object_component id="oc-c7">
         <name>.debug_info</name>
         <load_address>0x963</load_address>
         <run_address>0x963</run_address>
         <size>0x10e</size>
         <input_file_ref idref="fl-3"/>
      </object_component>
      <object_component id="oc-cd">
         <name>.debug_info</name>
         <load_address>0xa71</load_address>
         <run_address>0xa71</run_address>
         <size>0x10e</size>
         <input_file_ref idref="fl-3"/>
      </object_component>
      <object_component id="oc-d3">
         <name>.debug_info</name>
         <load_address>0xb7f</load_address>
         <run_address>0xb7f</run_address>
         <size>0x10e</size>
         <input_file_ref idref="fl-3"/>
      </object_component>
      <object_component id="oc-d9">
         <name>.debug_info</name>
         <load_address>0xc8d</load_address>
         <run_address>0xc8d</run_address>
         <size>0x10e</size>
         <input_file_ref idref="fl-3"/>
      </object_component>
      <object_component id="oc-df">
         <name>.debug_info</name>
         <load_address>0xd9b</load_address>
         <run_address>0xd9b</run_address>
         <size>0x10e</size>
         <input_file_ref idref="fl-3"/>
      </object_component>
      <object_component id="oc-e5">
         <name>.debug_info</name>
         <load_address>0xea9</load_address>
         <run_address>0xea9</run_address>
         <size>0x110</size>
         <input_file_ref idref="fl-3"/>
      </object_component>
      <object_component id="oc-eb">
         <name>.debug_info</name>
         <load_address>0xfb9</load_address>
         <run_address>0xfb9</run_address>
         <size>0x110</size>
         <input_file_ref idref="fl-3"/>
      </object_component>
      <object_component id="oc-f1">
         <name>.debug_info</name>
         <load_address>0x10c9</load_address>
         <run_address>0x10c9</run_address>
         <size>0x110</size>
         <input_file_ref idref="fl-3"/>
      </object_component>
      <object_component id="oc-f7">
         <name>.debug_info</name>
         <load_address>0x11d9</load_address>
         <run_address>0x11d9</run_address>
         <size>0x110</size>
         <input_file_ref idref="fl-3"/>
      </object_component>
      <object_component id="oc-fd">
         <name>.debug_info</name>
         <load_address>0x12e9</load_address>
         <run_address>0x12e9</run_address>
         <size>0x112</size>
         <input_file_ref idref="fl-3"/>
      </object_component>
      <object_component id="oc-103">
         <name>.debug_info</name>
         <load_address>0x13fb</load_address>
         <run_address>0x13fb</run_address>
         <size>0x112</size>
         <input_file_ref idref="fl-3"/>
      </object_component>
      <object_component id="oc-109">
         <name>.debug_info</name>
         <load_address>0x150d</load_address>
         <run_address>0x150d</run_address>
         <size>0x112</size>
         <input_file_ref idref="fl-3"/>
      </object_component>
      <object_component id="oc-10f">
         <name>.debug_info</name>
         <load_address>0x161f</load_address>
         <run_address>0x161f</run_address>
         <size>0x110</size>
         <input_file_ref idref="fl-3"/>
      </object_component>
      <object_component id="oc-115">
         <name>.debug_info</name>
         <load_address>0x172f</load_address>
         <run_address>0x172f</run_address>
         <size>0x110</size>
         <input_file_ref idref="fl-3"/>
      </object_component>
      <object_component id="oc-11b">
         <name>.debug_info</name>
         <load_address>0x183f</load_address>
         <run_address>0x183f</run_address>
         <size>0x110</size>
         <input_file_ref idref="fl-3"/>
      </object_component>
      <object_component id="oc-121">
         <name>.debug_info</name>
         <load_address>0x194f</load_address>
         <run_address>0x194f</run_address>
         <size>0x110</size>
         <input_file_ref idref="fl-3"/>
      </object_component>
      <object_component id="oc-127">
         <name>.debug_info</name>
         <load_address>0x1a5f</load_address>
         <run_address>0x1a5f</run_address>
         <size>0x112</size>
         <input_file_ref idref="fl-3"/>
      </object_component>
      <object_component id="oc-12d">
         <name>.debug_info</name>
         <load_address>0x1b71</load_address>
         <run_address>0x1b71</run_address>
         <size>0x10e</size>
         <input_file_ref idref="fl-3"/>
      </object_component>
      <object_component id="oc-133">
         <name>.debug_info</name>
         <load_address>0x1c7f</load_address>
         <run_address>0x1c7f</run_address>
         <size>0x116</size>
         <input_file_ref idref="fl-3"/>
      </object_component>
      <object_component id="oc-139">
         <name>.debug_info</name>
         <load_address>0x1d95</load_address>
         <run_address>0x1d95</run_address>
         <size>0x116</size>
         <input_file_ref idref="fl-3"/>
      </object_component>
      <object_component id="oc-13f">
         <name>.debug_info</name>
         <load_address>0x1eab</load_address>
         <run_address>0x1eab</run_address>
         <size>0x116</size>
         <input_file_ref idref="fl-3"/>
      </object_component>
      <object_component id="oc-145">
         <name>.debug_info</name>
         <load_address>0x1fc1</load_address>
         <run_address>0x1fc1</run_address>
         <size>0x116</size>
         <input_file_ref idref="fl-3"/>
      </object_component>
      <object_component id="oc-14b">
         <name>.debug_info</name>
         <load_address>0x20d7</load_address>
         <run_address>0x20d7</run_address>
         <size>0x116</size>
         <input_file_ref idref="fl-3"/>
      </object_component>
      <object_component id="oc-151">
         <name>.debug_info</name>
         <load_address>0x21ed</load_address>
         <run_address>0x21ed</run_address>
         <size>0x116</size>
         <input_file_ref idref="fl-3"/>
      </object_component>
      <object_component id="oc-157">
         <name>.debug_info</name>
         <load_address>0x2303</load_address>
         <run_address>0x2303</run_address>
         <size>0x116</size>
         <input_file_ref idref="fl-3"/>
      </object_component>
      <object_component id="oc-15d">
         <name>.debug_info</name>
         <load_address>0x2419</load_address>
         <run_address>0x2419</run_address>
         <size>0x110</size>
         <input_file_ref idref="fl-3"/>
      </object_component>
      <object_component id="oc-163">
         <name>.debug_info</name>
         <load_address>0x2529</load_address>
         <run_address>0x2529</run_address>
         <size>0x110</size>
         <input_file_ref idref="fl-3"/>
      </object_component>
      <object_component id="oc-169">
         <name>.debug_info</name>
         <load_address>0x2639</load_address>
         <run_address>0x2639</run_address>
         <size>0x110</size>
         <input_file_ref idref="fl-3"/>
      </object_component>
      <object_component id="oc-16f">
         <name>.debug_info</name>
         <load_address>0x2749</load_address>
         <run_address>0x2749</run_address>
         <size>0x110</size>
         <input_file_ref idref="fl-3"/>
      </object_component>
      <object_component id="oc-175">
         <name>.debug_info</name>
         <load_address>0x2859</load_address>
         <run_address>0x2859</run_address>
         <size>0x110</size>
         <input_file_ref idref="fl-3"/>
      </object_component>
      <object_component id="oc-17b">
         <name>.debug_info</name>
         <load_address>0x2969</load_address>
         <run_address>0x2969</run_address>
         <size>0x110</size>
         <input_file_ref idref="fl-3"/>
      </object_component>
      <object_component id="oc-181">
         <name>.debug_info</name>
         <load_address>0x2a79</load_address>
         <run_address>0x2a79</run_address>
         <size>0x110</size>
         <input_file_ref idref="fl-3"/>
      </object_component>
      <object_component id="oc-187">
         <name>.debug_info</name>
         <load_address>0x2b89</load_address>
         <run_address>0x2b89</run_address>
         <size>0x110</size>
         <input_file_ref idref="fl-3"/>
      </object_component>
      <object_component id="oc-18d">
         <name>.debug_info</name>
         <load_address>0x2c99</load_address>
         <run_address>0x2c99</run_address>
         <size>0x110</size>
         <input_file_ref idref="fl-3"/>
      </object_component>
      <object_component id="oc-193">
         <name>.debug_info</name>
         <load_address>0x2da9</load_address>
         <run_address>0x2da9</run_address>
         <size>0x110</size>
         <input_file_ref idref="fl-3"/>
      </object_component>
      <object_component id="oc-199">
         <name>.debug_info</name>
         <load_address>0x2eb9</load_address>
         <run_address>0x2eb9</run_address>
         <size>0x110</size>
         <input_file_ref idref="fl-3"/>
      </object_component>
      <object_component id="oc-19f">
         <name>.debug_info</name>
         <load_address>0x2fc9</load_address>
         <run_address>0x2fc9</run_address>
         <size>0x110</size>
         <input_file_ref idref="fl-3"/>
      </object_component>
      <object_component id="oc-1a5">
         <name>.debug_info</name>
         <load_address>0x30d9</load_address>
         <run_address>0x30d9</run_address>
         <size>0x10e</size>
         <input_file_ref idref="fl-3"/>
      </object_component>
      <object_component id="oc-1ab">
         <name>.debug_info</name>
         <load_address>0x31e7</load_address>
         <run_address>0x31e7</run_address>
         <size>0x10e</size>
         <input_file_ref idref="fl-3"/>
      </object_component>
      <object_component id="oc-1b1">
         <name>.debug_info</name>
         <load_address>0x32f5</load_address>
         <run_address>0x32f5</run_address>
         <size>0x114</size>
         <input_file_ref idref="fl-3"/>
      </object_component>
      <object_component id="oc-1b7">
         <name>.debug_info</name>
         <load_address>0x3409</load_address>
         <run_address>0x3409</run_address>
         <size>0x114</size>
         <input_file_ref idref="fl-3"/>
      </object_component>
      <object_component id="oc-1bd">
         <name>.debug_info</name>
         <load_address>0x351d</load_address>
         <run_address>0x351d</run_address>
         <size>0x114</size>
         <input_file_ref idref="fl-3"/>
      </object_component>
      <object_component id="oc-1c3">
         <name>.debug_info</name>
         <load_address>0x3631</load_address>
         <run_address>0x3631</run_address>
         <size>0x114</size>
         <input_file_ref idref="fl-3"/>
      </object_component>
      <object_component id="oc-1c9">
         <name>.debug_info</name>
         <load_address>0x3745</load_address>
         <run_address>0x3745</run_address>
         <size>0x114</size>
         <input_file_ref idref="fl-3"/>
      </object_component>
      <object_component id="oc-1cf">
         <name>.debug_info</name>
         <load_address>0x3859</load_address>
         <run_address>0x3859</run_address>
         <size>0x114</size>
         <input_file_ref idref="fl-3"/>
      </object_component>
      <object_component id="oc-1d5">
         <name>.debug_info</name>
         <load_address>0x396d</load_address>
         <run_address>0x396d</run_address>
         <size>0x114</size>
         <input_file_ref idref="fl-3"/>
      </object_component>
      <object_component id="oc-1db">
         <name>.debug_info</name>
         <load_address>0x3a81</load_address>
         <run_address>0x3a81</run_address>
         <size>0x114</size>
         <input_file_ref idref="fl-3"/>
      </object_component>
      <object_component id="oc-1e1">
         <name>.debug_info</name>
         <load_address>0x3b95</load_address>
         <run_address>0x3b95</run_address>
         <size>0x114</size>
         <input_file_ref idref="fl-3"/>
      </object_component>
      <object_component id="oc-1e7">
         <name>.debug_info</name>
         <load_address>0x3ca9</load_address>
         <run_address>0x3ca9</run_address>
         <size>0x114</size>
         <input_file_ref idref="fl-3"/>
      </object_component>
      <object_component id="oc-1ed">
         <name>.debug_info</name>
         <load_address>0x3dbd</load_address>
         <run_address>0x3dbd</run_address>
         <size>0x10e</size>
         <input_file_ref idref="fl-3"/>
      </object_component>
      <object_component id="oc-1f3">
         <name>.debug_info</name>
         <load_address>0x3ecb</load_address>
         <run_address>0x3ecb</run_address>
         <size>0x118</size>
         <input_file_ref idref="fl-3"/>
      </object_component>
      <object_component id="oc-1f9">
         <name>.debug_info</name>
         <load_address>0x3fe3</load_address>
         <run_address>0x3fe3</run_address>
         <size>0x10e</size>
         <input_file_ref idref="fl-3"/>
      </object_component>
      <object_component id="oc-1ff">
         <name>.debug_info</name>
         <load_address>0x40f1</load_address>
         <run_address>0x40f1</run_address>
         <size>0x118</size>
         <input_file_ref idref="fl-3"/>
      </object_component>
      <object_component id="oc-205">
         <name>.debug_info</name>
         <load_address>0x4209</load_address>
         <run_address>0x4209</run_address>
         <size>0x114</size>
         <input_file_ref idref="fl-3"/>
      </object_component>
      <object_component id="oc-20b">
         <name>.debug_info</name>
         <load_address>0x431d</load_address>
         <run_address>0x431d</run_address>
         <size>0x114</size>
         <input_file_ref idref="fl-3"/>
      </object_component>
      <object_component id="oc-211">
         <name>.debug_info</name>
         <load_address>0x4431</load_address>
         <run_address>0x4431</run_address>
         <size>0x110</size>
         <input_file_ref idref="fl-3"/>
      </object_component>
      <object_component id="oc-217">
         <name>.debug_info</name>
         <load_address>0x4541</load_address>
         <run_address>0x4541</run_address>
         <size>0x110</size>
         <input_file_ref idref="fl-3"/>
      </object_component>
      <object_component id="oc-21d">
         <name>.debug_info</name>
         <load_address>0x4651</load_address>
         <run_address>0x4651</run_address>
         <size>0x116</size>
         <input_file_ref idref="fl-3"/>
      </object_component>
      <object_component id="oc-223">
         <name>.debug_info</name>
         <load_address>0x4767</load_address>
         <run_address>0x4767</run_address>
         <size>0x110</size>
         <input_file_ref idref="fl-3"/>
      </object_component>
      <object_component id="oc-229">
         <name>.debug_info</name>
         <load_address>0x4877</load_address>
         <run_address>0x4877</run_address>
         <size>0x110</size>
         <input_file_ref idref="fl-3"/>
      </object_component>
      <object_component id="oc-22f">
         <name>.debug_info</name>
         <load_address>0x4987</load_address>
         <run_address>0x4987</run_address>
         <size>0x110</size>
         <input_file_ref idref="fl-3"/>
      </object_component>
      <object_component id="oc-235">
         <name>.debug_info</name>
         <load_address>0x4a97</load_address>
         <run_address>0x4a97</run_address>
         <size>0x110</size>
         <input_file_ref idref="fl-3"/>
      </object_component>
      <object_component id="oc-23b">
         <name>.debug_info</name>
         <load_address>0x4ba7</load_address>
         <run_address>0x4ba7</run_address>
         <size>0x110</size>
         <input_file_ref idref="fl-3"/>
      </object_component>
      <object_component id="oc-241">
         <name>.debug_info</name>
         <load_address>0x4cb7</load_address>
         <run_address>0x4cb7</run_address>
         <size>0x110</size>
         <input_file_ref idref="fl-3"/>
      </object_component>
      <object_component id="oc-247">
         <name>.debug_info</name>
         <load_address>0x4dc7</load_address>
         <run_address>0x4dc7</run_address>
         <size>0x110</size>
         <input_file_ref idref="fl-3"/>
      </object_component>
      <object_component id="oc-24d">
         <name>.debug_info</name>
         <load_address>0x4ed7</load_address>
         <run_address>0x4ed7</run_address>
         <size>0x10c</size>
         <input_file_ref idref="fl-3"/>
      </object_component>
      <object_component id="oc-253">
         <name>.debug_info</name>
         <load_address>0x4fe3</load_address>
         <run_address>0x4fe3</run_address>
         <size>0x11e</size>
         <input_file_ref idref="fl-3"/>
      </object_component>
      <object_component id="oc-259">
         <name>.debug_info</name>
         <load_address>0x5101</load_address>
         <run_address>0x5101</run_address>
         <size>0x120</size>
         <input_file_ref idref="fl-3"/>
      </object_component>
      <object_component id="oc-25f">
         <name>.debug_info</name>
         <load_address>0x5221</load_address>
         <run_address>0x5221</run_address>
         <size>0x114</size>
         <input_file_ref idref="fl-3"/>
      </object_component>
      <object_component id="oc-265">
         <name>.debug_info</name>
         <load_address>0x5335</load_address>
         <run_address>0x5335</run_address>
         <size>0x114</size>
         <input_file_ref idref="fl-3"/>
      </object_component>
      <object_component id="oc-26b">
         <name>.debug_info</name>
         <load_address>0x5449</load_address>
         <run_address>0x5449</run_address>
         <size>0x114</size>
         <input_file_ref idref="fl-3"/>
      </object_component>
      <object_component id="oc-271">
         <name>.debug_info</name>
         <load_address>0x555d</load_address>
         <run_address>0x555d</run_address>
         <size>0x114</size>
         <input_file_ref idref="fl-3"/>
      </object_component>
      <object_component id="oc-277">
         <name>.debug_info</name>
         <load_address>0x5671</load_address>
         <run_address>0x5671</run_address>
         <size>0x114</size>
         <input_file_ref idref="fl-3"/>
      </object_component>
      <object_component id="oc-27d">
         <name>.debug_info</name>
         <load_address>0x5785</load_address>
         <run_address>0x5785</run_address>
         <size>0x10e</size>
         <input_file_ref idref="fl-3"/>
      </object_component>
      <object_component id="oc-283">
         <name>.debug_info</name>
         <load_address>0x5893</load_address>
         <run_address>0x5893</run_address>
         <size>0x112</size>
         <input_file_ref idref="fl-3"/>
      </object_component>
      <object_component id="oc-289">
         <name>.debug_info</name>
         <load_address>0x59a5</load_address>
         <run_address>0x59a5</run_address>
         <size>0x112</size>
         <input_file_ref idref="fl-3"/>
      </object_component>
      <object_component id="oc-28f">
         <name>.debug_info</name>
         <load_address>0x5ab7</load_address>
         <run_address>0x5ab7</run_address>
         <size>0x112</size>
         <input_file_ref idref="fl-3"/>
      </object_component>
      <object_component id="oc-295">
         <name>.debug_info</name>
         <load_address>0x5bc9</load_address>
         <run_address>0x5bc9</run_address>
         <size>0x112</size>
         <input_file_ref idref="fl-3"/>
      </object_component>
      <object_component id="oc-29b">
         <name>.debug_info</name>
         <load_address>0x5cdb</load_address>
         <run_address>0x5cdb</run_address>
         <size>0x112</size>
         <input_file_ref idref="fl-3"/>
      </object_component>
      <object_component id="oc-2a1">
         <name>.debug_info</name>
         <load_address>0x5ded</load_address>
         <run_address>0x5ded</run_address>
         <size>0x10e</size>
         <input_file_ref idref="fl-3"/>
      </object_component>
      <object_component id="oc-2a7">
         <name>.debug_info</name>
         <load_address>0x5efb</load_address>
         <run_address>0x5efb</run_address>
         <size>0x110</size>
         <input_file_ref idref="fl-3"/>
      </object_component>
      <object_component id="oc-2ad">
         <name>.debug_info</name>
         <load_address>0x600b</load_address>
         <run_address>0x600b</run_address>
         <size>0x10e</size>
         <input_file_ref idref="fl-3"/>
      </object_component>
      <object_component id="oc-2b3">
         <name>.debug_info</name>
         <load_address>0x6119</load_address>
         <run_address>0x6119</run_address>
         <size>0x116</size>
         <input_file_ref idref="fl-3"/>
      </object_component>
      <object_component id="oc-2b9">
         <name>.debug_info</name>
         <load_address>0x622f</load_address>
         <run_address>0x622f</run_address>
         <size>0x110</size>
         <input_file_ref idref="fl-3"/>
      </object_component>
      <object_component id="oc-2bf">
         <name>.debug_info</name>
         <load_address>0x633f</load_address>
         <run_address>0x633f</run_address>
         <size>0x110</size>
         <input_file_ref idref="fl-3"/>
      </object_component>
      <object_component id="oc-2c5">
         <name>.debug_info</name>
         <load_address>0x644f</load_address>
         <run_address>0x644f</run_address>
         <size>0x110</size>
         <input_file_ref idref="fl-3"/>
      </object_component>
      <object_component id="oc-2cb">
         <name>.debug_info</name>
         <load_address>0x655f</load_address>
         <run_address>0x655f</run_address>
         <size>0x11e</size>
         <input_file_ref idref="fl-3"/>
      </object_component>
      <object_component id="oc-2d1">
         <name>.debug_info</name>
         <load_address>0x667d</load_address>
         <run_address>0x667d</run_address>
         <size>0x122</size>
         <input_file_ref idref="fl-3"/>
      </object_component>
      <object_component id="oc-2d7">
         <name>.debug_info</name>
         <load_address>0x679f</load_address>
         <run_address>0x679f</run_address>
         <size>0x11e</size>
         <input_file_ref idref="fl-3"/>
      </object_component>
      <object_component id="oc-2dd">
         <name>.debug_info</name>
         <load_address>0x68bd</load_address>
         <run_address>0x68bd</run_address>
         <size>0x11e</size>
         <input_file_ref idref="fl-3"/>
      </object_component>
      <object_component id="oc-2e3">
         <name>.debug_info</name>
         <load_address>0x69db</load_address>
         <run_address>0x69db</run_address>
         <size>0x11e</size>
         <input_file_ref idref="fl-3"/>
      </object_component>
      <object_component id="oc-2e9">
         <name>.debug_info</name>
         <load_address>0x6af9</load_address>
         <run_address>0x6af9</run_address>
         <size>0x11a</size>
         <input_file_ref idref="fl-3"/>
      </object_component>
      <object_component id="oc-2ef">
         <name>.debug_info</name>
         <load_address>0x6c13</load_address>
         <run_address>0x6c13</run_address>
         <size>0x114</size>
         <input_file_ref idref="fl-3"/>
      </object_component>
      <object_component id="oc-429">
         <name>.debug_info</name>
         <load_address>0x6d27</load_address>
         <run_address>0x6d27</run_address>
         <size>0x114</size>
         <input_file_ref idref="fl-4"/>
      </object_component>
      <object_component id="oc-437">
         <name>.debug_info</name>
         <load_address>0x6e3b</load_address>
         <run_address>0x6e3b</run_address>
         <size>0x114</size>
         <input_file_ref idref="fl-4"/>
      </object_component>
      <object_component id="oc-441">
         <name>.debug_info</name>
         <load_address>0x6f4f</load_address>
         <run_address>0x6f4f</run_address>
         <size>0x114</size>
         <input_file_ref idref="fl-4"/>
      </object_component>
      <object_component id="oc-44e">
         <name>.debug_info</name>
         <load_address>0x7063</load_address>
         <run_address>0x7063</run_address>
         <size>0x114</size>
         <input_file_ref idref="fl-4"/>
      </object_component>
      <object_component id="oc-45a">
         <name>.debug_info</name>
         <load_address>0x7177</load_address>
         <run_address>0x7177</run_address>
         <size>0x114</size>
         <input_file_ref idref="fl-4"/>
      </object_component>
      <object_component id="oc-465">
         <name>.debug_info</name>
         <load_address>0x728b</load_address>
         <run_address>0x728b</run_address>
         <size>0x115</size>
         <input_file_ref idref="fl-4"/>
      </object_component>
      <object_component id="oc-4c4">
         <name>.debug_info</name>
         <load_address>0x73a0</load_address>
         <run_address>0x73a0</run_address>
         <size>0xfd</size>
         <input_file_ref idref="fl-5"/>
      </object_component>
      <object_component id="oc-502">
         <name>.debug_info</name>
         <load_address>0x749d</load_address>
         <run_address>0x749d</run_address>
         <size>0x101</size>
         <input_file_ref idref="fl-5"/>
      </object_component>
      <object_component id="oc-4fb">
         <name>.debug_info</name>
         <load_address>0x759e</load_address>
         <run_address>0x759e</run_address>
         <size>0xf3</size>
         <input_file_ref idref="fl-5"/>
[...]
         <object_component_ref idref="oc-102"/>
      </symbol>
      <symbol id="sm-3f9">
         <name>USER4_ISR</name>
         <value>0x82a61</value>
         <object_component_ref idref="oc-d8"/>
      </symbol>
      <symbol id="sm-3fa">
         <name>BGCRC_ISR</name>
         <value>0x8275f</value>
         <object_component_ref idref="oc-2a6"/>
      </symbol>
      <symbol id="sm-3fb">
         <name>SCIA_RX_ISR</name>
         <value>0x829c1</value>
         <object_component_ref idref="oc-204"/>
      </symbol>
      <symbol id="sm-3fc">
         <name>SCIA_TX_ISR</name>
         <value>0x829cb</value>
         <object_component_ref idref="oc-20a"/>
      </symbol>
      <symbol id="sm-3fd">
         <name>CLB2_ISR</name>
         <value>0x82787</value>
         <object_component_ref idref="oc-1aa"/>
      </symbol>
      <symbol id="sm-3fe">
         <name>ECAP1_ISR</name>
         <value>0x827eb</value>
         <object_component_ref idref="oc-186"/>
      </symbol>
      <symbol id="sm-3ff">
         <name>ADCA4_ISR</name>
         <value>0x82719</value>
         <object_component_ref idref="oc-22e"/>
      </symbol>
      <symbol id="sm-400">
         <name>FPU_OVERFLOW_ISR</name>
         <value>0x828d1</value>
         <object_component_ref idref="oc-252"/>
      </symbol>
      <symbol id="sm-401">
         <name>ADCC4_ISR</name>
         <value>0x8274b</value>
         <object_component_ref idref="oc-2c4"/>
      </symbol>
      <symbol id="sm-402">
         <name>FSITXA2_ISR</name>
         <value>0x82903</value>
         <object_component_ref idref="oc-26a"/>
      </symbol>
      <symbol id="sm-403">
         <name>EPWM7_ISR</name>
         <value>0x82895</value>
         <object_component_ref idref="oc-180"/>
      </symbol>
      <symbol id="sm-404">
         <name>USER10_ISR</name>
         <value>0x82a25</value>
         <object_component_ref idref="oc-fc"/>
      </symbol>
      <symbol id="sm-405">
         <name>XINT1_ISR</name>
         <value>0x82aa7</value>
         <object_component_ref idref="oc-11a"/>
      </symbol>
      <symbol id="sm-406">
         <name>USER7_ISR</name>
         <value>0x82a7f</value>
         <object_component_ref idref="oc-ea"/>
      </symbol>
      <symbol id="sm-407">
         <name>USER9_ISR</name>
         <value>0x82a93</value>
         <object_component_ref idref="oc-f6"/>
      </symbol>
      <symbol id="sm-408">
         <name>ECAP2_ISR</name>
         <value>0x827f5</value>
         <object_component_ref idref="oc-18c"/>
      </symbol>
      <symbol id="sm-409">
         <name>EPWM5_TZ_ISR</name>
         <value>0x82877</value>
         <object_component_ref idref="oc-14a"/>
      </symbol>
      <symbol id="sm-40a">
         <name>I2CB_FIFO_ISR</name>
         <value>0x8292b</value>
         <object_component_ref idref="oc-1fe"/>
      </symbol>
      <symbol id="sm-40b">
         <name>DMA_CH1_ISR</name>
         <value>0x827af</value>
         <object_component_ref idref="oc-1c8"/>
      </symbol>
      <symbol id="sm-40c">
         <name>USER6_ISR</name>
         <value>0x82a75</value>
         <object_component_ref idref="oc-e4"/>
      </symbol>
      <symbol id="sm-40d">
         <name>USER8_ISR</name>
         <value>0x82a89</value>
         <object_component_ref idref="oc-f0"/>
      </symbol>
      <symbol id="sm-40e">
         <name>SPIB_RX_ISR</name>
         <value>0x829e9</value>
         <object_component_ref idref="oc-1bc"/>
      </symbol>
      <symbol id="sm-40f">
         <name>SPIB_TX_ISR</name>
         <value>0x829f3</value>
         <object_component_ref idref="oc-1c2"/>
      </symbol>
      <symbol id="sm-410">
         <name>ECAP3_ISR</name>
         <value>0x82809</value>
         <object_component_ref idref="oc-192"/>
      </symbol>
      <symbol id="sm-411">
         <name>EPWM1_ISR</name>
         <value>0x8281d</value>
         <object_component_ref idref="oc-15c"/>
      </symbol>
      <symbol id="sm-412">
         <name>DMA_CH2_ISR</name>
         <value>0x827b9</value>
         <object_component_ref idref="oc-1ce"/>
      </symbol>
      <symbol id="sm-413">
         <name>USER12_ISR</name>
         <value>0x82a39</value>
         <object_component_ref idref="oc-108"/>
      </symbol>
      <symbol id="sm-414">
         <name>XINT3_ISR</name>
         <value>0x82abb</value>
         <object_component_ref idref="oc-234"/>
      </symbol>
      <symbol id="sm-415">
         <name>USER1_ISR</name>
         <value>0x82a43</value>
         <object_component_ref idref="oc-c6"/>
      </symbol>
      <symbol id="sm-416">
         <name>I2CA_ISR</name>
         <value>0x82921</value>
         <object_component_ref idref="oc-1ec"/>
      </symbol>
      <symbol id="sm-417">
         <name>HICA_ISR</name>
         <value>0x8290d</value>
         <object_component_ref idref="oc-2ac"/>
      </symbol>
      <symbol id="sm-418">
         <name>CANA0_ISR</name>
         <value>0x82769</value>
         <object_component_ref idref="oc-210"/>
      </symbol>
      <symbol id="sm-419">
         <name>LINB_0_ISR</name>
         <value>0x8295d</value>
         <object_component_ref idref="oc-28e"/>
      </symbol>
      <symbol id="sm-41a">
         <name>FSIRXA1_ISR</name>
         <value>0x828e5</value>
         <object_component_ref idref="oc-270"/>
      </symbol>
      <symbol id="sm-41b">
         <name>EPWM1_TZ_ISR</name>
         <value>0x82827</value>
         <object_component_ref idref="oc-132"/>
      </symbol>
      <symbol id="sm-41c">
         <name>I2CA_FIFO_ISR</name>
         <value>0x82917</value>
         <object_component_ref idref="oc-1f2"/>
      </symbol>
      <symbol id="sm-41d">
         <name>EPWM2_ISR</name>
         <value>0x82831</value>
         <object_component_ref idref="oc-162"/>
      </symbol>
      <symbol id="sm-41e">
         <name>DMA_CH3_ISR</name>
         <value>0x827c3</value>
         <object_component_ref idref="oc-1d4"/>
      </symbol>
      <symbol id="sm-41f">
         <name>FMC_ISR</name>
         <value>0x828c7</value>
         <object_component_ref idref="oc-24c"/>
      </symbol>
      <symbol id="sm-420">
         <name>ADCC_EVT_ISR</name>
         <value>0x82755</value>
         <object_component_ref idref="oc-2b2"/>
      </symbol>
      <symbol id="sm-421">
         <name>DATALOG_ISR</name>
         <value>0x82791</value>
         <object_component_ref idref="oc-a8"/>
      </symbol>
      <symbol id="sm-422">
         <name>XINT2_ISR</name>
         <value>0x82ab1</value>
         <object_component_ref idref="oc-120"/>
      </symbol>
      <symbol id="sm-423">
         <name>PIE_RESERVED_ISR</name>
         <value>0x8298f</value>
         <object_component_ref idref="oc-2e2"/>
      </symbol>
      <symbol id="sm-424">
         <name>FLASH_CORR_ERR_ISR</name>
         <value>0x828bd</value>
         <object_component_ref idref="oc-2d0"/>
      </symbol>
      <symbol id="sm-425">
         <name>I2CB_ISR</name>
         <value>0x82935</value>
         <object_component_ref idref="oc-1f8"/>
      </symbol>
      <symbol id="sm-426">
         <name>CANA1_ISR</name>
         <value>0x82773</value>
         <object_component_ref idref="oc-216"/>
      </symbol>
      <symbol id="sm-427">
         <name>LINB_1_ISR</name>
         <value>0x82967</value>
         <object_component_ref idref="oc-294"/>
      </symbol>
      <symbol id="sm-428">
         <name>FSIRXA2_ISR</name>
         <value>0x828ef</value>
         <object_component_ref idref="oc-276"/>
      </symbol>
      <symbol id="sm-429">
         <name>ILLEGAL_ISR</name>
         <value>0x8293f</value>
         <object_component_ref idref="oc-c0"/>
      </symbol>
      <symbol id="sm-42a">
         <name>EPWM3_ISR</name>
         <value>0x82845</value>
         <object_component_ref idref="oc-168"/>
      </symbol>
      <symbol id="sm-42b">
         <name>TIMER0_ISR</name>
         <value>0x82a07</value>
         <object_component_ref idref="oc-126"/>
      </symbol>
      <symbol id="sm-42c">
         <name>USER3_ISR</name>
         <value>0x82a57</value>
         <object_component_ref idref="oc-d2"/>
      </symbol>
      <symbol id="sm-45c">
         <name>InitEPwm7Gpio</name>
         <value>0x826ca</value>
         <object_component_ref idref="oc-463"/>
      </symbol>
      <symbol id="sm-45d">
         <name>InitEPwm1Gpio</name>
         <value>0x8268e</value>
         <object_component_ref idref="oc-427"/>
      </symbol>
      <symbol id="sm-45e">
         <name>InitEPwm2Gpio</name>
         <value>0x8269f</value>
         <object_component_ref idref="oc-433"/>
      </symbol>
      <symbol id="sm-45f">
         <name>InitEPwm3Gpio</name>
         <value>0x82668</value>
         <object_component_ref idref="oc-43f"/>
      </symbol>
      <symbol id="sm-460">
         <name>InitEPwm4Gpio</name>
         <value>0x8267b</value>
         <object_component_ref idref="oc-44b"/>
      </symbol>
      <symbol id="sm-461">
         <name>InitEPwm5Gpio</name>
         <value>0x826f0</value>
         <object_component_ref idref="oc-457"/>
      </symbol>
      <symbol id="sm-4bc">
         <name>EPwm2Regs</name>
         <value>0x4100</value>
         <object_component_ref idref="oc-478"/>
      </symbol>
      <symbol id="sm-4bd">
         <name>EPwm3Regs</name>
         <value>0x4200</value>
         <object_component_ref idref="oc-47b"/>
      </symbol>
      <symbol id="sm-4be">
         <name>ClkCfgRegs</name>
         <value>0x5d200</value>
         <object_component_ref idref="oc-505"/>
      </symbol>
      <symbol id="sm-4bf">
         <name>PieVectTable</name>
         <value>0xd00</value>
         <object_component_ref idref="oc-4c8"/>
      </symbol>
      <symbol id="sm-4c0">
         <name>EPwm4Regs</name>
         <value>0x4300</value>
         <object_component_ref idref="oc-47e"/>
      </symbol>
      <symbol id="sm-4c1">
         <name>GpioCtrlRegs</name>
         <value>0x7c00</value>
         <object_component_ref idref="oc-4bb"/>
      </symbol>
      <symbol id="sm-4c2">
         <name>Dcc0Regs</name>
         <value>0x5e700</value>
         <object_component_ref idref="oc-553"/>
      </symbol>
      <symbol id="sm-4c3">
         <name>CpuSysRegs</name>
         <value>0x5d300</value>
         <object_component_ref idref="oc-46f"/>
      </symbol>
      <symbol id="sm-4c4">
         <name>EPwm5Regs</name>
         <value>0x4400</value>
         <object_component_ref idref="oc-484"/>
      </symbol>
      <symbol id="sm-4c5">
         <name>Dcc1Regs</name>
         <value>0x5e740</value>
         <object_component_ref idref="oc-556"/>
      </symbol>
      <symbol id="sm-4c6">
         <name>Flash0CtrlRegs</name>
         <value>0x5f800</value>
         <object_component_ref idref="oc-4fe"/>
      </symbol>
      <symbol id="sm-4c7">
         <name>Flash0EccRegs</name>
         <value>0x5fb00</value>
         <object_component_ref idref="oc-501"/>
      </symbol>
      <symbol id="sm-4c8">
         <name>EPwm7Regs</name>
         <value>0x4600</value>
         <object_component_ref idref="oc-481"/>
      </symbol>
      <symbol id="sm-4c9">
         <name>PieCtrlRegs</name>
         <value>0xce0</value>
         <object_component_ref idref="oc-4c3"/>
      </symbol>
      <symbol id="sm-4ca">
         <name>WdRegs</name>
         <value>0x7000</value>
         <object_component_ref idref="oc-4fa"/>
      </symbol>
      <symbol id="sm-4cb">
         <name>GpioDataRegs</name>
         <value>0x7f00</value>
         <object_component_ref idref="oc-4be"/>
      </symbol>
      <symbol id="sm-4cc">
         <name>EPwm1Regs</name>
         <value>0x4000</value>
         <object_component_ref idref="oc-475"/>
      </symbol>
      <symbol id="sm-4de">
         <name>InitGpio</name>
         <value>0x82345</value>
         <object_component_ref idref="oc-415"/>
      </symbol>
      <symbol id="sm-4eb">
         <name>InitPieCtrl</name>
         <value>0x825c8</value>
         <object_component_ref idref="oc-41b"/>
      </symbol>
      <symbol id="sm-4ff">
         <name>InitPieVectTable</name>
         <value>0x82583</value>
         <object_component_ref idref="oc-421"/>
      </symbol>
      <symbol id="sm-500">
         <name>PieVectTableInit</name>
         <value>0x81000</value>
         <object_component_ref idref="oc-9f"/>
      </symbol>
      <symbol id="sm-584">
         <name>ComputeCntrSeedValue</name>
         <value>0x82186</value>
         <object_component_ref idref="oc-55e"/>
      </symbol>
      <symbol id="sm-585">
         <name>IsPLLValid</name>
         <value>0x820e6</value>
         <object_component_ref idref="oc-520"/>
      </symbol>
      <symbol id="sm-586">
         <name>InitPeripheralClocks</name>
         <value>0x822f4</value>
         <object_component_ref idref="oc-4b3"/>
      </symbol>
      <symbol id="sm-587">
         <name>SysIntOsc1Sel</name>
         <value>0x82ad9</value>
         <object_component_ref idref="oc-508"/>
      </symbol>
      <symbol id="sm-588">
         <name>SysXtalOscSel</name>
         <value>0x825a8</value>
         <object_component_ref idref="oc-514"/>
      </symbol>
      <symbol id="sm-589">
         <name>SysXtalOscSESel</name>
         <value>0x82653</value>
         <object_component_ref idref="oc-51a"/>
      </symbol>
      <symbol id="sm-58a">
         <name>InitSysCtrl</name>
         <value>0x825e7</value>
         <object_component_ref idref="oc-40f"/>
      </symbol>
      <symbol id="sm-58b">
         <name>InitFlash</name>
         <value>0xc000</value>
         <object_component_ref idref="oc-4a7"/>
      </symbol>
      <symbol id="sm-58c">
         <name>DisableDog</name>
         <value>0x826b0</value>
         <object_component_ref idref="oc-4a1"/>
      </symbol>
      <symbol id="sm-58d">
         <name>InitSysPll</name>
         <value>0x82000</value>
         <object_component_ref idref="oc-4ad"/>
      </symbol>
      <symbol id="sm-58e">
         <name>SysIntOsc2Sel</name>
         <value>0x82afb</value>
         <object_component_ref idref="oc-50e"/>
      </symbol>
      <symbol id="sm-596">
         <name>F28x_usDelay</name>
         <value>0xc025</value>
         <object_component_ref idref="oc-565"/>
      </symbol>
      <symbol id="sm-5d3">
         <name>initEPWM3</name>
         <value>0x823d2</value>
         <object_component_ref idref="oc-445"/>
      </symbol>
      <symbol id="sm-5d4">
         <name>initEPWM2</name>
         <value>0x82391</value>
         <object_component_ref idref="oc-439"/>
      </symbol>
      <symbol id="sm-5d5">
         <name>initEPWM1</name>
         <value>0x82495</value>
         <object_component_ref idref="oc-42d"/>
      </symbol>
      <symbol id="sm-5d6">
         <name>initEPWM7</name>
         <value>0x82454</value>
         <object_component_ref idref="oc-469"/>
      </symbol>
      <symbol id="sm-5d7">
         <name>initEPWM5</name>
         <value>0x82530</value>
         <object_component_ref idref="oc-45d"/>
      </symbol>
      <symbol id="sm-5d8">
         <name>initEPWM4</name>
         <value>0x82413</value>
         <object_component_ref idref="oc-451"/>
      </symbol>
      <symbol id="sm-5d9">
         <name>cnt</name>
         <value>0xa008</value>
         <object_component_ref idref="oc-472"/>
      </symbol>
      <symbol id="sm-5da">
         <name>main</name>
         <value>0x8229c</value>
         <object_component_ref idref="oc-3e7"/>
      </symbol>
      <symbol id="sm-5db">
         <name>duty_t</name>
         <value>0xa006</value>
         <object_component_ref idref="oc-472"/>
      </symbol>
      <symbol id="sm-5e5">
         <name>_c_int00</name>
         <value>0x8263c</value>
         <object_component_ref idref="oc-38a"/>
      </symbol>
      <symbol id="sm-5e6">
         <name>__stack</name>
         <value>0x400</value>
         <object_component_ref idref="oc-2f4"/>
      </symbol>
      <symbol id="sm-5f3">
         <name>__c28xabi_divf</name>
         <value>0x82214</value>
         <object_component_ref idref="oc-559"/>
      </symbol>
      <symbol id="sm-605">
         <name>memcpy</name>
         <value>0x82604</value>
         <object_component_ref idref="oc-2f7"/>
      </symbol>
      <symbol id="sm-612">
         <name>_system_pre_init</name>
         <value>0x82b02</value>
         <object_component_ref idref="oc-39e"/>
      </symbol>
      <symbol id="sm-621">
         <name>__TI_auto_init_nobinit_nopinit</name>
         <value>0x82505</value>
         <object_component_ref idref="oc-3b7"/>
      </symbol>
      <symbol id="sm-630">
         <name>__TI_zero_init_nomemset</name>
         <value>0x826d7</value>
         <object_component_ref idref="oc-2ff"/>
      </symbol>
      <symbol id="sm-63d">
         <name>__TI_decompress_none</name>
         <value>0x82aeb</value>
         <object_component_ref idref="oc-87"/>
      </symbol>
      <symbol id="sm-651">
         <name>__TI_decompress_lzss</name>
         <value>0x824d5</value>
         <object_component_ref idref="oc-81"/>
      </symbol>
      <symbol id="sm-667">
         <name>C$$EXIT</name>
         <value>0x8255a</value>
         <object_component_ref idref="oc-3ab"/>
      </symbol>
      <symbol id="sm-668">
         <name>abort</name>
         <value>0x8255a</value>
         <object_component_ref idref="oc-3ab"/>
      </symbol>
      <symbol id="sm-669">
         <name>exit</name>
         <value>0x8255c</value>
         <object_component_ref idref="oc-3ab"/>
      </symbol>
      <symbol id="sm-66a">
         <name>__TI_dtors_ptr</name>
         <value>0xa004</value>
         <object_component_ref idref="oc-3ef"/>
      </symbol>
      <symbol id="sm-66b">
         <name>__TI_cleanup_ptr</name>
         <value>0xa002</value>
         <object_component_ref idref="oc-3ef"/>
      </symbol>
      <symbol id="sm-66c">
         <name>__TI_enable_exit_profile_output</name>
         <value>0xa000</value>
         <object_component_ref idref="oc-3ef"/>
      </symbol>
      <symbol id="sm-683">
         <name>_nop</name>
         <value>0x82aea</value>
         <object_component_ref idref="oc-48e"/>
      </symbol>
      <symbol id="sm-684">
         <name>_lock</name>
         <value>0xa00a</value>
         <object_component_ref idref="oc-3f2"/>
      </symbol>
      <symbol id="sm-685">
         <name>_unlock</name>
         <value>0xa00c</value>
         <object_component_ref idref="oc-4ed"/>
      </symbol>
      <symbol id="sm-686">
         <name>_register_lock</name>
         <value>0x82ae6</value>
         <object_component_ref idref="oc-48e"/>
      </symbol>
      <symbol id="sm-687">
         <name>_register_unlock</name>
         <value>0x82ae2</value>
         <object_component_ref idref="oc-48e"/>
      </symbol>
      <symbol id="sm-696">
         <name>_args_main</name>
         <value>0x826e4</value>
         <object_component_ref idref="oc-3a5"/>
      </symbol>
      <symbol id="sm-6a5">
         <name>_system_post_cinit</name>
         <value>0x82b04</value>
         <object_component_ref idref="oc-3fa"/>
      </symbol>
      <symbol id="sm-6a7">
         <name>__c_args__</name>
         <value>0x0</value>
      </symbol>
   </symbol_table>
   <title>Link successful</title>
</link_info>
