<?xml version="1.0" encoding="ISO-8859-1" ?>
<link_info>
   <banner>TMS320C2000 Linker PC v22.6.1.LTS</banner>
   <copyright>Copyright (c) 1996-2018 Texas Instruments Incorporated</copyright>
   <link_time>0x674b629b</link_time>
   <link_errors>0x0</link_errors>
   <output_file>F280025_MPB5L.out</output_file>
   <entry_point>
      <name>code_start</name>
      <address>0x0</address>
   </entry_point>
   <input_file_list>
      <input_file id="fl-2">
         <path>.\</path>
         <kind>object</kind>
         <file>adc.obj</file>
         <name>adc.obj</name>
      </input_file>
      <input_file id="fl-3">
         <path>.\</path>
         <kind>object</kind>
         <file>control.obj</file>
         <name>control.obj</name>
      </input_file>
      <input_file id="fl-4">
         <path>.\</path>
         <kind>object</kind>
         <file>f28002x_codestartbranch.obj</file>
         <name>f28002x_codestartbranch.obj</name>
      </input_file>
      <input_file id="fl-5">
         <path>.\</path>
         <kind>object</kind>
         <file>f28002x_cputimers.obj</file>
         <name>f28002x_cputimers.obj</name>
      </input_file>
      <input_file id="fl-6">
         <path>.\</path>
         <kind>object</kind>
         <file>f28002x_defaultisr.obj</file>
         <name>f28002x_defaultisr.obj</name>
      </input_file>
      <input_file id="fl-7">
         <path>.\</path>
         <kind>object</kind>
         <file>f28002x_epwm.obj</file>
         <name>f28002x_epwm.obj</name>
      </input_file>
      <input_file id="fl-8">
         <path>.\</path>
         <kind>object</kind>
         <file>f28002x_globalvariabledefs.obj</file>
         <name>f28002x_globalvariabledefs.obj</name>
      </input_file>
      <input_file id="fl-9">
         <path>.\</path>
         <kind>object</kind>
         <file>f28002x_gpio.obj</file>
         <name>f28002x_gpio.obj</name>
      </input_file>
      <input_file id="fl-a">
         <path>.\</path>
         <kind>object</kind>
         <file>f28002x_piectrl.obj</file>
         <name>f28002x_piectrl.obj</name>
      </input_file>
      <input_file id="fl-b">
         <path>.\</path>
         <kind>object</kind>
         <file>f28002x_pievect.obj</file>
         <name>f28002x_pievect.obj</name>
      </input_file>
      <input_file id="fl-c">
         <path>.\</path>
         <kind>object</kind>
         <file>f28002x_sysctrl.obj</file>
         <name>f28002x_sysctrl.obj</name>
      </input_file>
      <input_file id="fl-d">
         <path>.\</path>
         <kind>object</kind>
         <file>f28002x_usdelay.obj</file>
         <name>f28002x_usdelay.obj</name>
      </input_file>
      <input_file id="fl-e">
         <path>.\</path>
         <kind>object</kind>
         <file>main.obj</file>
         <name>main.obj</name>
      </input_file>
      <input_file id="fl-f">
         <path>.\</path>
         <kind>object</kind>
         <file>pwm.obj</file>
         <name>pwm.obj</name>
      </input_file>
      <input_file id="fl-14">
         <kind>object</kind>
         <file>&lt;internal&gt;</file>
         <name>&lt;internal&gt;</name>
      </input_file>
      <input_file id="fl-20">
         <path>C:\ti\ccs1260\ccs\tools\compiler\ti-cgt-c2000_22.6.1.LTS\lib\</path>
         <kind>archive</kind>
         <file>rts2800_fpu32_eabi.lib</file>
         <name>boot28.asm.obj</name>
      </input_file>
      <input_file id="fl-21">
         <path>C:\ti\ccs1260\ccs\tools\compiler\ti-cgt-c2000_22.6.1.LTS\lib\</path>
         <kind>archive</kind>
         <file>rts2800_fpu32_eabi.lib</file>
         <name>ll_cmp28.asm.obj</name>
      </input_file>
      <input_file id="fl-22">
         <path>C:\ti\ccs1260\ccs\tools\compiler\ti-cgt-c2000_22.6.1.LTS\lib\</path>
         <kind>archive</kind>
         <file>rts2800_fpu32_eabi.lib</file>
         <name>pre_init.c.obj</name>
      </input_file>
      <input_file id="fl-23">
         <path>C:\ti\ccs1260\ccs\tools\compiler\ti-cgt-c2000_22.6.1.LTS\lib\</path>
         <kind>archive</kind>
         <file>rts2800_fpu32_eabi.lib</file>
         <name>autoinit.c.obj</name>
      </input_file>
      <input_file id="fl-24">
         <path>C:\ti\ccs1260\ccs\tools\compiler\ti-cgt-c2000_22.6.1.LTS\lib\</path>
         <kind>archive</kind>
         <file>rts2800_fpu32_eabi.lib</file>
         <name>copy_zero_init.c.obj</name>
      </input_file>
      <input_file id="fl-25">
         <path>C:\ti\ccs1260\ccs\tools\compiler\ti-cgt-c2000_22.6.1.LTS\lib\</path>
         <kind>archive</kind>
         <file>rts2800_fpu32_eabi.lib</file>
         <name>copy_decompress_none.c.obj</name>
      </input_file>
      <input_file id="fl-26">
         <path>C:\ti\ccs1260\ccs\tools\compiler\ti-cgt-c2000_22.6.1.LTS\lib\</path>
         <kind>archive</kind>
         <file>rts2800_fpu32_eabi.lib</file>
         <name>copy_decompress_lzss.c.obj</name>
      </input_file>
      <input_file id="fl-27">
         <path>C:\ti\ccs1260\ccs\tools\compiler\ti-cgt-c2000_22.6.1.LTS\lib\</path>
         <kind>archive</kind>
         <file>rts2800_fpu32_eabi.lib</file>
         <name>exit.c.obj</name>
      </input_file>
      <input_file id="fl-28">
         <path>C:\ti\ccs1260\ccs\tools\compiler\ti-cgt-c2000_22.6.1.LTS\lib\</path>
         <kind>archive</kind>
         <file>rts2800_fpu32_eabi.lib</file>
         <name>_lock.c.obj</name>
      </input_file>
      <input_file id="fl-29">
         <path>C:\ti\ccs1260\ccs\tools\compiler\ti-cgt-c2000_22.6.1.LTS\lib\</path>
         <kind>archive</kind>
         <file>rts2800_fpu32_eabi.lib</file>
         <name>args_main.c.obj</name>
      </input_file>
      <input_file id="fl-2a">
         <path>C:\ti\ccs1260\ccs\tools\compiler\ti-cgt-c2000_22.6.1.LTS\lib\</path>
         <kind>archive</kind>
         <file>rts2800_fpu32_eabi.lib</file>
         <name>memset.c.obj</name>
      </input_file>
      <input_file id="fl-2b">
         <path>C:\ti\ccs1260\ccs\tools\compiler\ti-cgt-c2000_22.6.1.LTS\lib\</path>
         <kind>archive</kind>
         <file>rts2800_fpu32_eabi.lib</file>
         <name>cpy_tbl.c.obj</name>
      </input_file>
      <input_file id="fl-2c">
         <path>C:\ti\ccs1260\ccs\tools\compiler\ti-cgt-c2000_22.6.1.LTS\lib\</path>
         <kind>archive</kind>
         <file>rts2800_fpu32_eabi.lib</file>
         <name>memcpy.c.obj</name>
      </input_file>
      <input_file id="fl-2d">
         <path>C:\ti\ccs1260\ccs\tools\compiler\ti-cgt-c2000_22.6.1.LTS\lib\</path>
         <kind>archive</kind>
         <file>rts2800_fpu32_eabi.lib</file>
         <name>startup.c.obj</name>
      </input_file>
   </input_file_list>
   <object_component_list>
      <object_component id="oc-54c">
         <name>.text:InitSysPll</name>
         <load_address>0xa200</load_address>
         <run_address>0xa200</run_address>
         <size>0x101</size>
         <input_file_ref idref="fl-c"/>
      </object_component>
      <object_component id="oc-3eb">
         <name>.text:SetupADC</name>
         <load_address>0xa301</load_address>
         <run_address>0xa301</run_address>
         <size>0xd3</size>
         <input_file_ref idref="fl-2"/>
      </object_component>
      <object_component id="oc-679">
         <name>.text:ComputeCntrSeedValue</name>
         <load_address>0xa3d4</load_address>
         <run_address>0xa3d4</run_address>
         <size>0x89</size>
         <input_file_ref idref="fl-c"/>
      </object_component>
      <object_component id="oc-5ff">
         <name>.text:IsPLLValid</name>
         <load_address>0xa45d</load_address>
         <run_address>0xa45d</run_address>
         <size>0x84</size>
         <input_file_ref idref="fl-c"/>
      </object_component>
      <object_component id="oc-552">
         <name>.text:InitPeripheralClocks</name>
         <load_address>0xa4e1</load_address>
         <run_address>0xa4e1</run_address>
         <size>0x72</size>
         <input_file_ref idref="fl-c"/>
      </object_component>
      <object_component id="oc-3e5">
         <name>.text:ePWM_ADC_Trig</name>
         <load_address>0xa553</load_address>
         <run_address>0xa553</run_address>
         <size>0x6f</size>
         <input_file_ref idref="fl-f"/>
      </object_component>
      <object_component id="oc-2ef">
         <name>.text:main</name>
         <load_address>0xa5c2</load_address>
         <run_address>0xa5c2</run_address>
         <size>0x6a</size>
         <input_file_ref idref="fl-e"/>
      </object_component>
      <object_component id="oc-40c">
         <name>.text:initEPWM1</name>
         <load_address>0xa62c</load_address>
         <run_address>0xa62c</run_address>
         <size>0x5b</size>
         <input_file_ref idref="fl-f"/>
      </object_component>
      <object_component id="oc-448">
         <name>.text:initEPWM7</name>
         <load_address>0xa687</load_address>
         <run_address>0xa687</run_address>
         <size>0x5a</size>
         <input_file_ref idref="fl-f"/>
      </object_component>
      <object_component id="oc-418">
         <name>.text:initEPWM2</name>
         <load_address>0xa6e1</load_address>
         <run_address>0xa6e1</run_address>
         <size>0x59</size>
         <input_file_ref idref="fl-f"/>
      </object_component>
      <object_component id="oc-424">
         <name>.text:initEPWM3</name>
         <load_address>0xa73a</load_address>
         <run_address>0xa73a</run_address>
         <size>0x59</size>
         <input_file_ref idref="fl-f"/>
      </object_component>
      <object_component id="oc-430">
         <name>.text:initEPWM4</name>
         <load_address>0xa793</load_address>
         <run_address>0xa793</run_address>
         <size>0x59</size>
         <input_file_ref idref="fl-f"/>
      </object_component>
      <object_component id="oc-3f7">
         <name>.text:InitCpuTimers</name>
         <load_address>0xa7ec</load_address>
         <run_address>0xa7ec</run_address>
         <size>0x3b</size>
         <input_file_ref idref="fl-5"/>
      </object_component>
      <object_component id="oc-81">
         <name>.text:decompress:lzss</name>
         <load_address>0xa827</load_address>
         <run_address>0xa827</run_address>
         <size>0x30</size>
         <input_file_ref idref="fl-26"/>
      </object_component>
      <object_component id="oc-3cd">
         <name>.text:InitGpio</name>
         <load_address>0xa857</load_address>
         <run_address>0xa857</run_address>
         <size>0x2c</size>
         <input_file_ref idref="fl-9"/>
      </object_component>
      <object_component id="oc-43c">
         <name>.text:initEPWM5</name>
         <load_address>0xa883</load_address>
         <run_address>0xa883</run_address>
         <size>0x2c</size>
         <input_file_ref idref="fl-f"/>
      </object_component>
      <object_component id="oc-62b">
         <name>.text:__TI_auto_init_nobinit_nopinit</name>
         <load_address>0xa8af</load_address>
         <run_address>0xa8af</run_address>
         <size>0x2b</size>
         <input_file_ref idref="fl-23"/>
      </object_component>
      <object_component id="oc-5f3">
         <name>.text:SysXtalOscSel</name>
         <load_address>0xa8da</load_address>
         <run_address>0xa8da</run_address>
         <size>0x29</size>
         <input_file_ref idref="fl-c"/>
      </object_component>
      <object_component id="oc-5ce">
         <name>.text</name>
         <load_address>0xa903</load_address>
         <run_address>0xa903</run_address>
         <size>0x29</size>
         <input_file_ref idref="fl-27"/>
      </object_component>
      <object_component id="oc-3c1">
         <name>.text:OverTemp</name>
         <load_address>0xa92c</load_address>
         <run_address>0xa92c</run_address>
         <size>0x22</size>
         <input_file_ref idref="fl-3"/>
      </object_component>
      <object_component id="oc-400">
         <name>.text:ConfigCpuTimer</name>
         <load_address>0xa94e</load_address>
         <run_address>0xa94e</run_address>
         <size>0x21</size>
         <input_file_ref idref="fl-5"/>
      </object_component>
      <object_component id="oc-3df">
         <name>.text:ConfigureADC</name>
         <load_address>0xa96f</load_address>
         <run_address>0xa96f</run_address>
         <size>0x21</size>
         <input_file_ref idref="fl-2"/>
      </object_component>
      <object_component id="oc-3d3">
         <name>.text:InitPieCtrl</name>
         <load_address>0xa990</load_address>
         <run_address>0xa990</run_address>
         <size>0x1f</size>
         <input_file_ref idref="fl-a"/>
      </object_component>
      <object_component id="oc-5e7">
         <name>.text:SysXtalOscSESel</name>
         <load_address>0xa9af</load_address>
         <run_address>0xa9af</run_address>
         <size>0x1d</size>
         <input_file_ref idref="fl-c"/>
      </object_component>
      <object_component id="oc-303">
         <name>.text</name>
         <load_address>0xa9cc</load_address>
         <run_address>0xa9cc</run_address>
         <size>0x1d</size>
         <input_file_ref idref="fl-2c"/>
      </object_component>
      <object_component id="oc-669">
         <name>.text:PollX1Counter</name>
         <load_address>0xa9e9</load_address>
         <run_address>0xa9e9</run_address>
         <size>0x18</size>
         <input_file_ref idref="fl-c"/>
      </object_component>
      <object_component id="oc-41e">
         <name>.text:InitEPwm3Gpio</name>
         <load_address>0xaa01</load_address>
         <run_address>0xaa01</run_address>
         <size>0x17</size>
         <input_file_ref idref="fl-7"/>
      </object_component>
      <object_component id="oc-42a">
         <name>.text:InitEPwm4Gpio</name>
         <load_address>0xaa18</load_address>
         <run_address>0xaa18</run_address>
         <size>0x17</size>
         <input_file_ref idref="fl-7"/>
      </object_component>
      <object_component id="oc-51a">
         <name>.text</name>
         <load_address>0xaa2f</load_address>
         <run_address>0xaa2f</run_address>
         <size>0x17</size>
         <input_file_ref idref="fl-20"/>
      </object_component>
      <object_component id="oc-406">
         <name>.text:InitEPwm1Gpio</name>
         <load_address>0xaa46</load_address>
         <run_address>0xaa46</run_address>
         <size>0x15</size>
         <input_file_ref idref="fl-7"/>
      </object_component>
      <object_component id="oc-412">
         <name>.text:InitEPwm2Gpio</name>
         <load_address>0xaa5b</load_address>
         <run_address>0xaa5b</run_address>
         <size>0x15</size>
         <input_file_ref idref="fl-7"/>
      </object_component>
      <object_component id="oc-436">
         <name>.text:InitEPwm5Gpio</name>
         <load_address>0xaa70</load_address>
         <run_address>0xaa70</run_address>
         <size>0x15</size>
         <input_file_ref idref="fl-7"/>
      </object_component>
      <object_component id="oc-3c7">
         <name>.text:InitSysCtrl</name>
         <load_address>0xaa85</load_address>
         <run_address>0xaa85</run_address>
         <size>0x14</size>
         <input_file_ref idref="fl-c"/>
      </object_component>
      <object_component id="oc-3f1">
         <name>.text:InitTestGpio</name>
         <load_address>0xaa99</load_address>
         <run_address>0xaa99</run_address>
         <size>0x13</size>
         <input_file_ref idref="fl-3"/>
      </object_component>
      <object_component id="oc-442">
         <name>.text:InitEPwm7Gpio</name>
         <load_address>0xaaac</load_address>
         <run_address>0xaaac</run_address>
         <size>0x12</size>
         <input_file_ref idref="fl-7"/>
      </object_component>
      <object_component id="oc-3d9">
         <name>.text:InitPieVectTable</name>
         <load_address>0xaabe</load_address>
         <run_address>0xaabe</run_address>
         <size>0x10</size>
         <input_file_ref idref="fl-b"/>
      </object_component>
      <object_component id="oc-240">
         <name>.text:EMPTY_ISR</name>
         <load_address>0xaace</load_address>
         <run_address>0xaace</run_address>
         <size>0xd</size>
         <input_file_ref idref="fl-6"/>
      </object_component>
      <object_component id="oc-4d8">
         <name>.text:TrigPointSel</name>
         <load_address>0xaadb</load_address>
         <run_address>0xaadb</run_address>
         <size>0xd</size>
         <input_file_ref idref="fl-f"/>
      </object_component>
      <object_component id="oc-30b">
         <name>.text:decompress:ZI:__TI_zero_init_nomemset</name>
         <load_address>0xaae8</load_address>
         <run_address>0xaae8</run_address>
         <size>0xd</size>
         <input_file_ref idref="fl-24"/>
      </object_component>
      <object_component id="oc-546">
         <name>.text:DisableDog</name>
         <load_address>0xaaf5</load_address>
         <run_address>0xaaf5</run_address>
         <size>0xc</size>
         <input_file_ref idref="fl-c"/>
      </object_component>
      <object_component id="oc-5c8">
         <name>.text</name>
         <load_address>0xab01</load_address>
         <run_address>0xab01</run_address>
         <size>0xc</size>
         <input_file_ref idref="fl-29"/>
      </object_component>
      <object_component id="oc-2e8">
         <name>.text:ADCA1_ISR</name>
         <load_address>0xab0d</load_address>
         <run_address>0xab0d</run_address>
         <size>0xa</size>
         <input_file_ref idref="fl-6"/>
      </object_component>
      <object_component id="oc-2e2">
         <name>.text:ADCA2_ISR</name>
         <load_address>0xab17</load_address>
         <run_address>0xab17</run_address>
         <size>0xa</size>
         <input_file_ref idref="fl-6"/>
      </object_component>
      <object_component id="oc-2dc">
         <name>.text:ADCA3_ISR</name>
         <load_address>0xab21</load_address>
         <run_address>0xab21</run_address>
         <size>0xa</size>
         <input_file_ref idref="fl-6"/>
      </object_component>
      <object_component id="oc-2d6">
         <name>.text:ADCA4_ISR</name>
         <load_address>0xab2b</load_address>
         <run_address>0xab2b</run_address>
         <size>0xa</size>
         <input_file_ref idref="fl-6"/>
      </object_component>
      <object_component id="oc-2d0">
         <name>.text:ADCA_EVT_ISR</name>
         <load_address>0xab35</load_address>
         <run_address>0xab35</run_address>
         <size>0xa</size>
         <input_file_ref idref="fl-6"/>
      </object_component>
      <object_component id="oc-2ca">
         <name>.text:ADCC1_ISR</name>
         <load_address>0xab3f</load_address>
         <run_address>0xab3f</run_address>
         <size>0xa</size>
         <input_file_ref idref="fl-6"/>
      </object_component>
      <object_component id="oc-2c4">
         <name>.text:ADCC2_ISR</name>
         <load_address>0xab49</load_address>
         <run_address>0xab49</run_address>
         <size>0xa</size>
         <input_file_ref idref="fl-6"/>
      </object_component>
      <object_component id="oc-2be">
         <name>.text:ADCC3_ISR</name>
         <load_address>0xab53</load_address>
         <run_address>0xab53</run_address>
         <size>0xa</size>
         <input_file_ref idref="fl-6"/>
      </object_component>
      <object_component id="oc-2b8">
         <name>.text:ADCC4_ISR</name>
         <load_address>0xab5d</load_address>
         <run_address>0xab5d</run_address>
         <size>0xa</size>
         <input_file_ref idref="fl-6"/>
      </object_component>
      <object_component id="oc-2b2">
         <name>.text:ADCC_EVT_ISR</name>
         <load_address>0xab67</load_address>
         <run_address>0xab67</run_address>
         <size>0xa</size>
         <input_file_ref idref="fl-6"/>
      </object_component>
      <object_component id="oc-2ac">
         <name>.text:BGCRC_ISR</name>
         <load_address>0xab71</load_address>
         <run_address>0xab71</run_address>
         <size>0xa</size>
         <input_file_ref idref="fl-6"/>
      </object_component>
      <object_component id="oc-2a6">
         <name>.text:CANA0_ISR</name>
         <load_address>0xab7b</load_address>
         <run_address>0xab7b</run_address>
         <size>0xa</size>
         <input_file_ref idref="fl-6"/>
      </object_component>
      <object_component id="oc-2a0">
         <name>.text:CANA1_ISR</name>
         <load_address>0xab85</load_address>
         <run_address>0xab85</run_address>
         <size>0xa</size>
         <input_file_ref idref="fl-6"/>
      </object_component>
      <object_component id="oc-29a">
         <name>.text:CLB1_ISR</name>
         <load_address>0xab8f</load_address>
         <run_address>0xab8f</run_address>
         <size>0xa</size>
         <input_file_ref idref="fl-6"/>
      </object_component>
      <object_component id="oc-294">
         <name>.text:CLB2_ISR</name>
         <load_address>0xab99</load_address>
         <run_address>0xab99</run_address>
         <size>0xa</size>
         <input_file_ref idref="fl-6"/>
      </object_component>
      <object_component id="oc-28e">
         <name>.text:DATALOG_ISR</name>
         <load_address>0xaba3</load_address>
         <run_address>0xaba3</run_address>
         <size>0xa</size>
         <input_file_ref idref="fl-6"/>
      </object_component>
      <object_component id="oc-288">
         <name>.text:DCC0_ISR</name>
         <load_address>0xabad</load_address>
         <run_address>0xabad</run_address>
         <size>0xa</size>
         <input_file_ref idref="fl-6"/>
      </object_component>
      <object_component id="oc-282">
         <name>.text:DCC1_ISR</name>
         <load_address>0xabb7</load_address>
         <run_address>0xabb7</run_address>
         <size>0xa</size>
         <input_file_ref idref="fl-6"/>
      </object_component>
      <object_component id="oc-27c">
         <name>.text:DMA_CH1_ISR</name>
         <load_address>0xabc1</load_address>
         <run_address>0xabc1</run_address>
         <size>0xa</size>
         <input_file_ref idref="fl-6"/>
      </object_component>
      <object_component id="oc-276">
         <name>.text:DMA_CH2_ISR</name>
         <load_address>0xabcb</load_address>
         <run_address>0xabcb</run_address>
         <size>0xa</size>
         <input_file_ref idref="fl-6"/>
      </object_component>
      <object_component id="oc-270">
         <name>.text:DMA_CH3_ISR</name>
         <load_address>0xabd5</load_address>
         <run_address>0xabd5</run_address>
         <size>0xa</size>
         <input_file_ref idref="fl-6"/>
      </object_component>
      <object_component id="oc-26a">
         <name>.text:DMA_CH4_ISR</name>
         <load_address>0xabdf</load_address>
         <run_address>0xabdf</run_address>
         <size>0xa</size>
         <input_file_ref idref="fl-6"/>
      </object_component>
      <object_component id="oc-264">
         <name>.text:DMA_CH5_ISR</name>
         <load_address>0xabe9</load_address>
         <run_address>0xabe9</run_address>
         <size>0xa</size>
         <input_file_ref idref="fl-6"/>
      </object_component>
      <object_component id="oc-25e">
         <name>.text:DMA_CH6_ISR</name>
         <load_address>0xabf3</load_address>
         <run_address>0xabf3</run_address>
         <size>0xa</size>
         <input_file_ref idref="fl-6"/>
      </object_component>
      <object_component id="oc-258">
         <name>.text:ECAP1_ISR</name>
         <load_address>0xabfd</load_address>
         <run_address>0xabfd</run_address>
         <size>0xa</size>
         <input_file_ref idref="fl-6"/>
      </object_component>
      <object_component id="oc-252">
         <name>.text:ECAP2_ISR</name>
         <load_address>0xac07</load_address>
         <run_address>0xac07</run_address>
         <size>0xa</size>
         <input_file_ref idref="fl-6"/>
      </object_component>
      <object_component id="oc-24c">
         <name>.text:ECAP3_2_ISR</name>
         <load_address>0xac11</load_address>
         <run_address>0xac11</run_address>
         <size>0xa</size>
         <input_file_ref idref="fl-6"/>
      </object_component>
      <object_component id="oc-246">
         <name>.text:ECAP3_ISR</name>
         <load_address>0xac1b</load_address>
         <run_address>0xac1b</run_address>
         <size>0xa</size>
         <input_file_ref idref="fl-6"/>
      </object_component>
      <object_component id="oc-23a">
         <name>.text:EMU_ISR</name>
         <load_address>0xac25</load_address>
         <run_address>0xac25</run_address>
         <size>0xa</size>
         <input_file_ref idref="fl-6"/>
      </object_component>
      <object_component id="oc-234">
         <name>.text:EPWM1_ISR</name>
         <load_address>0xac2f</load_address>
         <run_address>0xac2f</run_address>
         <size>0xa</size>
         <input_file_ref idref="fl-6"/>
      </object_component>
      <object_component id="oc-22e">
         <name>.text:EPWM1_TZ_ISR</name>
         <load_address>0xac39</load_address>
         <run_address>0xac39</run_address>
         <size>0xa</size>
         <input_file_ref idref="fl-6"/>
      </object_component>
      <object_component id="oc-228">
         <name>.text:EPWM2_ISR</name>
         <load_address>0xac43</load_address>
         <run_address>0xac43</run_address>
         <size>0xa</size>
         <input_file_ref idref="fl-6"/>
      </object_component>
      <object_component id="oc-222">
         <name>.text:EPWM2_TZ_ISR</name>
         <load_address>0xac4d</load_address>
         <run_address>0xac4d</run_address>
         <size>0xa</size>
         <input_file_ref idref="fl-6"/>
      </object_component>
      <object_component id="oc-21c">
         <name>.text:EPWM3_ISR</name>
         <load_address>0xac57</load_address>
         <run_address>0xac57</run_address>
         <size>0xa</size>
         <input_file_ref idref="fl-6"/>
      </object_component>
      <object_component id="oc-216">
         <name>.text:EPWM3_TZ_ISR</name>
         <load_address>0xac61</load_address>
         <run_address>0xac61</run_address>
         <size>0xa</size>
         <input_file_ref idref="fl-6"/>
      </object_component>
      <object_component id="oc-210">
         <name>.text:EPWM4_ISR</name>
         <load_address>0xac6b</load_address>
         <run_address>0xac6b</run_address>
         <size>0xa</size>
         <input_file_ref idref="fl-6"/>
      </object_component>
      <object_component id="oc-20a">
         <name>.text:EPWM4_TZ_ISR</name>
         <load_address>0xac75</load_address>
         <run_address>0xac75</run_address>
         <size>0xa</size>
         <input_file_ref idref="fl-6"/>
      </object_component>
      <object_component id="oc-204">
         <name>.text:EPWM5_ISR</name>
         <load_address>0xac7f</load_address>
         <run_address>0xac7f</run_address>
         <size>0xa</size>
         <input_file_ref idref="fl-6"/>
      </object_component>
      <object_component id="oc-1fe">
         <name>.text:EPWM5_TZ_ISR</name>
         <load_address>0xac89</load_address>
         <run_address>0xac89</run_address>
         <size>0xa</size>
         <input_file_ref idref="fl-6"/>
      </object_component>
      <object_component id="oc-1f8">
         <name>.text:EPWM6_ISR</name>
         <load_address>0xac93</load_address>
         <run_address>0xac93</run_address>
         <size>0xa</size>
         <input_file_ref idref="fl-6"/>
      </object_component>
      <object_component id="oc-1f2">
         <name>.text:EPWM6_TZ_ISR</name>
         <load_address>0xac9d</load_address>
         <run_address>0xac9d</run_address>
         <size>0xa</size>
         <input_file_ref idref="fl-6"/>
      </object_component>
      <object_component id="oc-1ec">
         <name>.text:EPWM7_ISR</name>
         <load_address>0xaca7</load_address>
         <run_address>0xaca7</run_address>
         <size>0xa</size>
         <input_file_ref idref="fl-6"/>
      </object_component>
      <object_component id="oc-1e6">
         <name>.text:EPWM7_TZ_ISR</name>
         <load_address>0xacb1</load_address>
         <run_address>0xacb1</run_address>
         <size>0xa</size>
         <input_file_ref idref="fl-6"/>
      </object_component>
      <object_component id="oc-1e0">
         <name>.text:EQEP1_ISR</name>
         <load_address>0xacbb</load_address>
         <run_address>0xacbb</run_address>
         <size>0xa</size>
         <input_file_ref idref="fl-6"/>
      </object_component>
      <object_component id="oc-1da">
         <name>.text:EQEP2_ISR</name>
         <load_address>0xacc5</load_address>
         <run_address>0xacc5</run_address>
         <size>0xa</size>
         <input_file_ref idref="fl-6"/>
      </object_component>
      <object_component id="oc-1d4">
         <name>.text:FLASH_CORR_ERR_ISR</name>
         <load_address>0xaccf</load_address>
         <run_address>0xaccf</run_address>
         <size>0xa</size>
         <input_file_ref idref="fl-6"/>
      </object_component>
      <object_component id="oc-1ce">
         <name>.text:FMC_ISR</name>
         <load_address>0xacd9</load_address>
         <run_address>0xacd9</run_address>
         <size>0xa</size>
         <input_file_ref idref="fl-6"/>
      </object_component>
      <object_component id="oc-1c8">
         <name>.text:FPU_OVERFLOW_ISR</name>
         <load_address>0xace3</load_address>
         <run_address>0xace3</run_address>
         <size>0xa</size>
         <input_file_ref idref="fl-6"/>
      </object_component>
      <object_component id="oc-1c2">
         <name>.text:FPU_UNDERFLOW_ISR</name>
         <load_address>0xaced</load_address>
         <run_address>0xaced</run_address>
         <size>0xa</size>
         <input_file_ref idref="fl-6"/>
      </object_component>
      <object_component id="oc-1bc">
         <name>.text:FSIRXA1_ISR</name>
         <load_address>0xacf7</load_address>
         <run_address>0xacf7</run_address>
         <size>0xa</size>
         <input_file_ref idref="fl-6"/>
      </object_component>
      <object_component id="oc-1b6">
         <name>.text:FSIRXA2_ISR</name>
         <load_address>0xad01</load_address>
         <run_address>0xad01</run_address>
         <size>0xa</size>
         <input_file_ref idref="fl-6"/>
      </object_component>
      <object_component id="oc-1b0">
         <name>.text:FSITXA1_ISR</name>
         <load_address>0xad0b</load_address>
         <run_address>0xad0b</run_address>
         <size>0xa</size>
         <input_file_ref idref="fl-6"/>
      </object_component>
      <object_component id="oc-1aa">
         <name>.text:FSITXA2_ISR</name>
         <load_address>0xad15</load_address>
         <run_address>0xad15</run_address>
         <size>0xa</size>
         <input_file_ref idref="fl-6"/>
      </object_component>
      <object_component id="oc-1a4">
         <name>.text:HICA_ISR</name>
         <load_address>0xad1f</load_address>
         <run_address>0xad1f</run_address>
         <size>0xa</size>
         <input_file_ref idref="fl-6"/>
      </object_component>
      <object_component id="oc-19e">
         <name>.text:I2CA_FIFO_ISR</name>
         <load_address>0xad29</load_address>
         <run_address>0xad29</run_address>
         <size>0xa</size>
         <input_file_ref idref="fl-6"/>
      </object_component>
      <object_component id="oc-198">
         <name>.text:I2CA_ISR</name>
         <load_address>0xad33</load_address>
         <run_address>0xad33</run_address>
         <size>0xa</size>
         <input_file_ref idref="fl-6"/>
      </object_component>
      <object_component id="oc-192">
         <name>.text:I2CB_FIFO_ISR</name>
         <load_address>0xad3d</load_address>
         <run_address>0xad3d</run_address>
         <size>0xa</size>
         <input_file_ref idref="fl-6"/>
      </object_component>
      <object_component id="oc-18c">
         <name>.text:I2CB_ISR</name>
         <load_address>0xad47</load_address>
         <run_address>0xad47</run_address>
         <size>0xa</size>
         <input_file_ref idref="fl-6"/>
      </object_component>
      <object_component id="oc-186">
         <name>.text:ILLEGAL_ISR</name>
         <load_address>0xad51</load_address>
         <run_address>0xad51</run_address>
         <size>0xa</size>
         <input_file_ref idref="fl-6"/>
      </object_component>
      <object_component id="oc-180">
         <name>.text:LINA_0_ISR</name>
         <load_address>0xad5b</load_address>
         <run_address>0xad5b</run_address>
         <size>0xa</size>
         <input_file_ref idref="fl-6"/>
      </object_component>
      <object_component id="oc-17a">
         <name>.text:LINA_1_ISR</name>
         <load_address>0xad65</load_address>
         <run_address>0xad65</run_address>
         <size>0xa</size>
         <input_file_ref idref="fl-6"/>
      </object_component>
      <object_component id="oc-174">
         <name>.text:LINB_0_ISR</name>
         <load_address>0xad6f</load_address>
         <run_address>0xad6f</run_address>
         <size>0xa</size>
         <input_file_ref idref="fl-6"/>
      </object_component>
      <object_component id="oc-16e">
         <name>.text:LINB_1_ISR</name>
         <load_address>0xad79</load_address>
         <run_address>0xad79</run_address>
         <size>0xa</size>
         <input_file_ref idref="fl-6"/>
      </object_component>
      <object_component id="oc-168">
         <name>.text:MPOST_ISR</name>
         <load_address>0xad83</load_address>
         <run_address>0xad83</run_address>
         <size>0xa</size>
         <input_file_ref idref="fl-6"/>
      </object_component>
      <object_component id="oc-162">
         <name>.text:NMI_ISR</name>
         <load_address>0xad8d</load_address>
         <run_address>0xad8d</run_address>
         <size>0xa</size>
         <input_file_ref idref="fl-6"/>
      </object_component>
      <object_component id="oc-15c">
         <name>.text:NOTUSED_ISR</name>
         <load_address>0xad97</load_address>
         <run_address>0xad97</run_address>
         <size>0xa</size>
         <input_file_ref idref="fl-6"/>
      </object_component>
      <object_component id="oc-156">
         <name>.text:PIE_RESERVED_ISR</name>
         <load_address>0xada1</load_address>
         <run_address>0xada1</run_address>
         <size>0xa</size>
         <input_file_ref idref="fl-6"/>
      </object_component>
      <object_component id="oc-150">
         <name>.text:PMBUSA_ISR</name>
         <load_address>0xadab</load_address>
         <run_address>0xadab</run_address>
         <size>0xa</size>
         <input_file_ref idref="fl-6"/>
      </object_component>
      <object_component id="oc-14a">
         <name>.text:RAM_ACC_VIOL_ISR</name>
         <load_address>0xadb5</load_address>
         <run_address>0xadb5</run_address>
         <size>0xa</size>
         <input_file_ref idref="fl-6"/>
      </object_component>
      <object_component id="oc-144">
         <name>.text:RAM_CORR_ERR_ISR</name>
         <load_address>0xadbf</load_address>
         <run_address>0xadbf</run_address>
         <size>0xa</size>
         <input_file_ref idref="fl-6"/>
      </object_component>
      <object_component id="oc-13e">
         <name>.text:RTOS_ISR</name>
         <load_address>0xadc9</load_address>
         <run_address>0xadc9</run_address>
         <size>0xa</size>
         <input_file_ref idref="fl-6"/>
      </object_component>
      <object_component id="oc-138">
         <name>.text:SCIA_RX_ISR</name>
         <load_address>0xadd3</load_address>
         <run_address>0xadd3</run_address>
         <size>0xa</size>
         <input_file_ref idref="fl-6"/>
      </object_component>
      <object_component id="oc-132">
         <name>.text:SCIA_TX_ISR</name>
         <load_address>0xaddd</load_address>
         <run_address>0xaddd</run_address>
         <size>0xa</size>
         <input_file_ref idref="fl-6"/>
      </object_component>
      <object_component id="oc-12c">
         <name>.text:SPIA_RX_ISR</name>
         <load_address>0xade7</load_address>
         <run_address>0xade7</run_address>
         <size>0xa</size>
         <input_file_ref idref="fl-6"/>
      </object_component>
      <object_component id="oc-126">
         <name>.text:SPIA_TX_ISR</name>
         <load_address>0xadf1</load_address>
         <run_address>0xadf1</run_address>
         <size>0xa</size>
         <input_file_ref idref="fl-6"/>
      </object_component>
      <object_component id="oc-120">
         <name>.text:SPIB_RX_ISR</name>
         <load_address>0xadfb</load_address>
         <run_address>0xadfb</run_address>
         <size>0xa</size>
         <input_file_ref idref="fl-6"/>
      </object_component>
      <object_component id="oc-11a">
         <name>.text:SPIB_TX_ISR</name>
         <load_address>0xae05</load_address>
         <run_address>0xae05</run_address>
         <size>0xa</size>
         <input_file_ref idref="fl-6"/>
      </object_component>
      <object_component id="oc-114">
         <name>.text:SYS_PLL_SLIP_ISR</name>
         <load_address>0xae0f</load_address>
         <run_address>0xae0f</run_address>
         <size>0xa</size>
         <input_file_ref idref="fl-6"/>
      </object_component>
      <object_component id="oc-10e">
         <name>.text:TIMER0_ISR</name>
         <load_address>0xae19</load_address>
         <run_address>0xae19</run_address>
         <size>0xa</size>
         <input_file_ref idref="fl-6"/>
      </object_component>
      <object_component id="oc-108">
         <name>.text:TIMER1_ISR</name>
         <load_address>0xae23</load_address>
         <run_address>0xae23</run_address>
         <size>0xa</size>
         <input_file_ref idref="fl-6"/>
      </object_component>
      <object_component id="oc-102">
         <name>.text:TIMER2_ISR</name>
         <load_address>0xae2d</load_address>
         <run_address>0xae2d</run_address>
         <size>0xa</size>
         <input_file_ref idref="fl-6"/>
      </object_component>
      <object_component id="oc-fc">
         <name>.text:USER10_ISR</name>
         <load_address>0xae37</load_address>
         <run_address>0xae37</run_address>
         <size>0xa</size>
         <input_file_ref idref="fl-6"/>
      </object_component>
      <object_component id="oc-f6">
         <name>.text:USER11_ISR</name>
         <load_address>0xae41</load_address>
         <run_address>0xae41</run_address>
         <size>0xa</size>
         <input_file_ref idref="fl-6"/>
      </object_component>
      <object_component id="oc-f0">
         <name>.text:USER12_ISR</name>
         <load_address>0xae4b</load_address>
         <run_address>0xae4b</run_address>
         <size>0xa</size>
         <input_file_ref idref="fl-6"/>
      </object_component>
      <object_component id="oc-ea">
         <name>.text:USER1_ISR</name>
         <load_address>0xae55</load_address>
         <run_address>0xae55</run_address>
         <size>0xa</size>
         <input_file_ref idref="fl-6"/>
      </object_component>
      <object_component id="oc-e4">
         <name>.text:USER2_ISR</name>
         <load_address>0xae5f</load_address>
         <run_address>0xae5f</run_address>
         <size>0xa</size>
         <input_file_ref idref="fl-6"/>
      </object_component>
      <object_component id="oc-de">
         <name>.text:USER3_ISR</name>
         <load_address>0xae69</load_address>
         <run_address>0xae69</run_address>
         <size>0xa</size>
         <input_file_ref idref="fl-6"/>
      </object_component>
      <object_component id="oc-d8">
         <name>.text:USER4_ISR</name>
         <load_address>0xae73</load_address>
         <run_address>0xae73</run_address>
         <size>0xa</size>
         <input_file_ref idref="fl-6"/>
      </object_component>
      <object_component id="oc-d2">
         <name>.text:USER5_ISR</name>
         <load_address>0xae7d</load_address>
         <run_address>0xae7d</run_address>
         <size>0xa</size>
         <input_file_ref idref="fl-6"/>
      </object_component>
      <object_component id="oc-cc">
         <name>.text:USER6_ISR</name>
         <load_address>0xae87</load_address>
         <run_address>0xae87</run_address>
         <size>0xa</size>
         <input_file_ref idref="fl-6"/>
      </object_component>
      <object_component id="oc-c6">
         <name>.text:USER7_ISR</name>
         <load_address>0xae91</load_address>
         <run_address>0xae91</run_address>
         <size>0xa</size>
         <input_file_ref idref="fl-6"/>
      </object_component>
      <object_component id="oc-c0">
         <name>.text:USER8_ISR</name>
         <load_address>0xae9b</load_address>
         <run_address>0xae9b</run_address>
         <size>0xa</size>
         <input_file_ref idref="fl-6"/>
      </object_component>
      <object_component id="oc-ba">
         <name>.text:USER9_ISR</name>
         <load_address>0xaea5</load_address>
         <run_address>0xaea5</run_address>
         <size>0xa</size>
         <input_file_ref idref="fl-6"/>
      </object_component>
      <object_component id="oc-b4">
         <name>.text:WAKE_ISR</name>
         <load_address>0xaeaf</load_address>
         <run_address>0xaeaf</run_address>
         <size>0xa</size>
         <input_file_ref idref="fl-6"/>
      </object_component>
      <object_component id="oc-ae">
         <name>.text:XINT1_ISR</name>
         <load_address>0xaeb9</load_address>
         <run_address>0xaeb9</run_address>
         <size>0xa</size>
         <input_file_ref idref="fl-6"/>
      </object_component>
      <object_component id="oc-a8">
         <name>.text:XINT2_ISR</name>
         <load_address>0xaec3</load_address>
         <run_address>0xaec3</run_address>
         <size>0xa</size>
         <input_file_ref idref="fl-6"/>
      </object_component>
      <object_component id="oc-a2">
         <name>.text:XINT3_ISR</name>
         <load_address>0xaecd</load_address>
         <run_address>0xaecd</run_address>
         <size>0xa</size>
         <input_file_ref idref="fl-6"/>
      </object_component>
      <object_component id="oc-9c">
         <name>.text:XINT4_ISR</name>
         <load_address>0xaed7</load_address>
         <run_address>0xaed7</run_address>
         <size>0xa</size>
         <input_file_ref idref="fl-6"/>
      </object_component>
      <object_component id="oc-93">
         <name>.text:XINT5_ISR</name>
         <load_address>0xaee1</load_address>
         <run_address>0xaee1</run_address>
         <size>0xa</size>
         <input_file_ref idref="fl-6"/>
      </object_component>
      <object_component id="oc-5ed">
         <name>.text:SysIntOsc1Sel</name>
         <load_address>0xaeeb</load_address>
         <run_address>0xaeeb</run_address>
         <size>0x9</size>
         <input_file_ref idref="fl-c"/>
      </object_component>
      <object_component id="oc-69d">
         <name>.text</name>
         <load_address>0xaef4</load_address>
         <run_address>0xaef4</run_address>
         <size>0x9</size>
         <input_file_ref idref="fl-28"/>
      </object_component>
      <object_component id="oc-87">
         <name>.text:decompress:none</name>
         <load_address>0xaefd</load_address>
         <run_address>0xaefd</run_address>
         <size>0x8</size>
         <input_file_ref idref="fl-25"/>
      </object_component>
      <object_component id="oc-317">
         <name>.text</name>
         <load_address>0xaf05</load_address>
         <run_address>0xaf05</run_address>
         <size>0x8</size>
         <input_file_ref idref="fl-4"/>
      </object_component>
      <object_component id="oc-5f9">
         <name>.text:SysIntOsc2Sel</name>
         <load_address>0xaf0d</load_address>
         <run_address>0xaf0d</run_address>
         <size>0x7</size>
         <input_file_ref idref="fl-c"/>
      </object_component>
      <object_component id="oc-5c1">
         <name>.text</name>
         <load_address>0xaf14</load_address>
         <run_address>0xaf14</run_address>
         <size>0x2</size>
         <input_file_ref idref="fl-22"/>
      </object_component>
      <object_component id="oc-683">
         <name>.text</name>
         <load_address>0xaf16</load_address>
         <run_address>0xaf16</run_address>
         <size>0x1</size>
         <input_file_ref idref="fl-2d"/>
      </object_component>
      <object_component id="oc-2fa">
         <name>.TI.ramfunc:adcA1ISR</name>
         <load_address>0xaf17</load_address>
         <run_address>0xaf17</run_address>
         <size>0x2ef</size>
         <input_file_ref idref="fl-e"/>
      </object_component>
      <object_component id="oc-2ee">
         <name>.TI.ramfunc:adcC1ISR</name>
         <load_address>0xb206</load_address>
         <run_address>0xb206</run_address>
         <size>0xb2</size>
         <input_file_ref idref="fl-e"/>
      </object_component>
      <object_component id="oc-3a3">
         <name>.TI.ramfunc:ConverterOFF</name>
         <load_address>0xb2b8</load_address>
         <run_address>0xb2b8</run_address>
         <size>0x3e</size>
         <input_file_ref idref="fl-3"/>
      </object_component>
      <object_component id="oc-3a9">
         <name>.TI.ramfunc:GetTemp1</name>
         <load_address>0xb2f6</load_address>
         <run_address>0xb2f6</run_address>
         <size>0x35</size>
         <input_file_ref idref="fl-2"/>
      </object_component>
      <object_component id="oc-3af">
         <name>.TI.ramfunc:GetTemp2</name>
         <load_address>0xb32b</load_address>
         <run_address>0xb32b</run_address>
         <size>0x35</size>
         <input_file_ref idref="fl-2"/>
      </object_component>
      <object_component id="oc-3b5">
         <name>.TI.ramfunc:GetTemp3</name>
         <load_address>0xb360</load_address>
         <run_address>0xb360</run_address>
         <size>0x35</size>
         <input_file_ref idref="fl-2"/>
      </object_component>
      <object_component id="oc-3bb">
         <name>.TI.ramfunc:GetTemp4</name>
         <load_address>0xb395</load_address>
         <run_address>0xb395</run_address>
         <size>0x35</size>
         <input_file_ref idref="fl-2"/>
      </object_component>
      <object_component id="oc-4de">
         <name>.TI.ramfunc:Ph1_ADC_Trig_Point</name>
         <load_address>0xb3ca</load_address>
         <run_address>0xb3ca</run_address>
         <size>0x35</size>
         <input_file_ref idref="fl-f"/>
      </object_component>
      <object_component id="oc-4e4">
         <name>.TI.ramfunc:Ph2_ADC_Trig_Point</name>
         <load_address>0xb3ff</load_address>
         <run_address>0xb3ff</run_address>
         <size>0x35</size>
         <input_file_ref idref="fl-f"/>
      </object_component>
      <object_component id="oc-4ea">
         <name>.TI.ramfunc:Ph3_ADC_Trig_Point</name>
         <load_address>0xb434</load_address>
         <run_address>0xb434</run_address>
         <size>0x35</size>
         <input_file_ref idref="fl-f"/>
      </object_component>
      <object_component id="oc-4f0">
         <name>.TI.ramfunc:Ph4_ADC_Trig_Point</name>
         <load_address>0xb469</load_address>
         <run_address>0xb469</run_address>
         <size>0x35</size>
         <input_file_ref idref="fl-f"/>
      </object_component>
      <object_component id="oc-4f6">
         <name>.TI.ramfunc:Ph5_ADC_Trig_Point</name>
         <load_address>0xb49e</load_address>
         <run_address>0xb49e</run_address>
         <size>0x35</size>
         <input_file_ref idref="fl-f"/>
      </object_component>
      <object_component id="oc-48a">
         <name>.TI.ramfunc:Ph1_En_Dis</name>
         <load_address>0xb4d3</load_address>
         <run_address>0xb4d3</run_address>
         <size>0x31</size>
         <input_file_ref idref="fl-f"/>
      </object_component>
      <object_component id="oc-490">
         <name>.TI.ramfunc:Ph2_En_Dis</name>
         <load_address>0xb504</load_address>
         <run_address>0xb504</run_address>
         <size>0x22</size>
         <input_file_ref idref="fl-f"/>
      </object_component>
      <object_component id="oc-496">
         <name>.TI.ramfunc:Ph3_En_Dis</name>
         <load_address>0xb526</load_address>
         <run_address>0xb526</run_address>
         <size>0x22</size>
         <input_file_ref idref="fl-f"/>
      </object_component>
      <object_component id="oc-49c">
         <name>.TI.ramfunc:Ph4_En_Dis</name>
         <load_address>0xb548</load_address>
         <run_address>0xb548</run_address>
         <size>0x22</size>
         <input_file_ref idref="fl-f"/>
      </object_component>
      <object_component id="oc-4a2">
         <name>.TI.ramfunc:Ph5_En_Dis</name>
         <load_address>0xb56a</load_address>
         <run_address>0xb56a</run_address>
         <size>0x22</size>
         <input_file_ref idref="fl-f"/>
      </object_component>
      <object_component id="oc-4ba">
         <name>.TI.ramfunc:DutyPh1</name>
         <load_address>0xb58c</load_address>
         <run_address>0xb58c</run_address>
         <size>0x17</size>
         <input_file_ref idref="fl-f"/>
      </object_component>
      <object_component id="oc-4c0">
         <name>.TI.ramfunc:DutyPh2</name>
         <load_address>0xb5a3</load_address>
         <run_address>0xb5a3</run_address>
         <size>0x17</size>
         <input_file_ref idref="fl-f"/>
      </object_component>
      <object_component id="oc-4c6">
         <name>.TI.ramfunc:DutyPh3</name>
         <load_address>0xb5ba</load_address>
         <run_address>0xb5ba</run_address>
         <size>0x17</size>
         <input_file_ref idref="fl-f"/>
      </object_component>
      <object_component id="oc-4cc">
         <name>.TI.ramfunc:DutyPh4</name>
         <load_address>0xb5d1</load_address>
         <run_address>0xb5d1</run_address>
         <size>0x17</size>
         <input_file_ref idref="fl-f"/>
      </object_component>
      <object_component id="oc-4d2">
         <name>.TI.ramfunc:DutyPh5</name>
         <load_address>0xb5e8</load_address>
         <run_address>0xb5e8</run_address>
         <size>0x17</size>
         <input_file_ref idref="fl-f"/>
      </object_component>
      <object_component id="oc-4ae">
         <name>.TI.ramfunc:PIcontroller</name>
         <load_address>0xb5ff</load_address>
         <run_address>0xb5ff</run_address>
         <size>0x14</size>
         <input_file_ref idref="fl-3"/>
      </object_component>
      <object_component id="oc-4fc">
         <name>.TI.ramfunc:shift</name>
         <load_address>0xb613</load_address>
         <run_address>0xb613</run_address>
         <size>0x12</size>
         <input_file_ref idref="fl-2"/>
      </object_component>
      <object_component id="oc-469">
         <name>.TI.ramfunc:GetIph1</name>
         <load_address>0xb625</load_address>
         <run_address>0xb625</run_address>
         <size>0x11</size>
         <input_file_ref idref="fl-2"/>
      </object_component>
      <object_component id="oc-46f">
         <name>.TI.ramfunc:GetIph2</name>
         <load_address>0xb636</load_address>
         <run_address>0xb636</run_address>
         <size>0x11</size>
         <input_file_ref idref="fl-2"/>
      </object_component>
      <object_component id="oc-475">
         <name>.TI.ramfunc:GetIph3</name>
         <load_address>0xb647</load_address>
         <run_address>0xb647</run_address>
         <size>0x11</size>
         <input_file_ref idref="fl-2"/>
      </object_component>
      <object_component id="oc-47b">
         <name>.TI.ramfunc:GetIph4</name>
         <load_address>0xb658</load_address>
         <run_address>0xb658</run_address>
         <size>0x11</size>
         <input_file_ref idref="fl-2"/>
      </object_component>
      <object_component id="oc-481">
         <name>.TI.ramfunc:GetIph5</name>
         <load_address>0xb669</load_address>
         <run_address>0xb669</run_address>
         <size>0x11</size>
         <input_file_ref idref="fl-2"/>
      </object_component>
      <object_component id="oc-463">
         <name>.TI.ramfunc:GetVin</name>
         <load_address>0xb67a</load_address>
         <run_address>0xb67a</run_address>
         <size>0xb</size>
         <input_file_ref idref="fl-2"/>
      </object_component>
      <object_component id="oc-45d">
         <name>.TI.ramfunc:GetVout</name>
         <load_address>0xb685</load_address>
         <run_address>0xb685</run_address>
         <size>0xb</size>
         <input_file_ref idref="fl-2"/>
      </object_component>
      <object_component id="oc-502">
         <name>.TI.ramfunc:CLR_Array</name>
         <load_address>0xb690</load_address>
         <run_address>0xb690</run_address>
         <size>0xa</size>
         <input_file_ref idref="fl-2"/>
      </object_component>
      <object_component id="oc-4b4">
         <name>.TI.ramfunc:saturator</name>
         <load_address>0xb69a</load_address>
         <run_address>0xb69a</run_address>
         <size>0x5</size>
         <input_file_ref idref="fl-3"/>
      </object_component>
      <object_component id="oc-568">
         <name>.TI.ramfunc</name>
         <load_address>0xb69f</load_address>
         <run_address>0xb69f</run_address>
         <size>0x4</size>
         <input_file_ref idref="fl-d"/>
      </object_component>
      <object_component id="oc-75a">
         <name>.cinit..data.load</name>
         <load_address>0x128</load_address>
         <run_address>0x128</run_address>
         <size>0x1c</size>
      </object_component>
      <object_component id="oc-757">
         <name>__TI_handler_table</name>
         <load_address>0x144</load_address>
         <run_address>0x144</run_address>
         <size>0x6</size>
      </object_component>
      <object_component id="oc-759">
         <name>.cinit..bss.load</name>
         <load_address>0x14a</load_address>
         <run_address>0x14a</run_address>
         <size>0x4</size>
      </object_component>
      <object_component id="oc-75b">
         <name>.cinit.PieVectTableFile.load</name>
         <load_address>0x14e</load_address>
         <run_address>0x14e</run_address>
         <size>0x4</size>
      </object_component>
      <object_component id="oc-758">
         <name>__TI_cinit_table</name>
         <load_address>0x152</load_address>
         <run_address>0x152</run_address>
         <size>0xc</size>
      </object_component>
      <object_component id="oc-8e">
         <name>codestart</name>
         <load_address>0x0</load_address>
         <run_address>0x0</run_address>
         <size>0x2</size>
         <input_file_ref idref="fl-4"/>
      </object_component>
      <object_component id="oc-300">
         <name>.stack</name>
         <uninitialized>true</uninitialized>
         <run_address>0x400</run_address>
         <size>0x0</size>
         <input_file_ref idref="fl-20"/>
      </object_component>
      <object_component id="oc-75c">
         <name>.stack</name>
         <uninitialized>true</uninitialized>
         <run_address>0x400</run_address>
         <size>0x0</size>
      </object_component>
      <object_component id="oc-3fd">
         <name>.bss</name>
         <uninitialized>true</uninitialized>
         <run_address>0xa026</run_address>
         <size>0x18</size>
         <input_file_ref idref="fl-5"/>
      </object_component>
      <object_component id="oc-385">
         <name>.bss</name>
         <uninitialized>true</uninitialized>
         <run_address>0xa000</run_address>
         <size>0x26</size>
         <input_file_ref idref="fl-e"/>
      </object_component>
      <object_component id="oc-99">
         <name>.const</name>
         <load_address>0xa040</load_address>
         <run_address>0xa040</run_address>
         <size>0x1c0</size>
         <input_file_ref idref="fl-b"/>
      </object_component>
      <object_component id="oc-388">
         <name>.data</name>
         <load_address>0xb6c0</load_address>
         <run_address>0xb6c0</run_address>
         <size>0x24</size>
         <input_file_ref idref="fl-e"/>
      </object_component>
      <object_component id="oc-4ab">
         <name>.data:dpi_Vout</name>
         <load_address>0xb6b0</load_address>
         <run_address>0xb6b0</run_address>
         <size>0x4</size>
         <input_file_ref idref="fl-e"/>
      </object_component>
      <object_component id="oc-4a8">
         <name>.data:epi_Vout</name>
         <load_address>0xb6b4</load_address>
         <run_address>0xb6b4</run_address>
         <size>0x4</size>
         <input_file_ref idref="fl-e"/>
      </object_component>
      <object_component id="oc-487">
         <name>.data:Ph_Status_L</name>
         <load_address>0xb6aa</load_address>
         <run_address>0xb6aa</run_address>
         <size>0x5</size>
         <input_file_ref idref="fl-e"/>
      </object_component>
      <object_component id="oc-65d">
         <name>.data</name>
         <load_address>0xb6a4</load_address>
         <run_address>0xb6a4</run_address>
         <size>0x6</size>
         <input_file_ref idref="fl-27"/>
      </object_component>
      <object_component id="oc-660">
         <name>.data:_lock</name>
         <load_address>0xb6b8</load_address>
         <run_address>0xb6b8</run_address>
         <size>0x2</size>
         <input_file_ref idref="fl-28"/>
      </object_component>
      <object_component id="oc-6b6">
         <name>.data:_unlock</name>
         <load_address>0xb6ba</load_address>
         <run_address>0xb6ba</run_address>
         <size>0x2</size>
         <input_file_ref idref="fl-28"/>
      </object_component>
      <object_component id="oc-44e">
         <name>PieVectTableFile</name>
         <uninitialized>true</uninitialized>
         <run_address>0xd00</run_address>
         <size>0x1c0</size>
         <input_file_ref idref="fl-8"/>
      </object_component>
      <object_component id="oc-39a">
         <name>AdcaRegsFile</name>
         <uninitialized>true</uninitialized>
         <run_address>0x7400</run_address>
         <size>0x76</size>
         <input_file_ref idref="fl-8"/>
      </object_component>
      <object_component id="oc-39d">
         <name>AdccRegsFile</name>
         <uninitialized>true</uninitialized>
         <run_address>0x7500</run_address>
         <size>0x76</size>
         <input_file_ref idref="fl-8"/>
      </object_component>
      <object_component id="oc-595">
         <name>AdcaResultRegsFile</name>
         <uninitialized>true</uninitialized>
         <run_address>0xb00</run_address>
         <size>0x18</size>
         <input_file_ref idref="fl-8"/>
      </object_component>
      <object_component id="oc-53d">
         <name>AdccResultRegsFile</name>
         <uninitialized>true</uninitialized>
         <run_address>0xb40</run_address>
         <size>0x18</size>
         <input_file_ref idref="fl-8"/>
      </object_component>
      <object_component id="oc-565">
         <name>AnalogSubsysRegsFile</name>
         <uninitialized>true</uninitialized>
         <run_address>0x5d700</run_address>
         <size>0x90</size>
         <input_file_ref idref="fl-8"/>
      </object_component>
      <object_component id="oc-5e4">
         <name>ClkCfgRegsFile</name>
         <uninitialized>true</uninitialized>
         <run_address>0x5d200</run_address>
         <size>0x3e</size>
         <input_file_ref idref="fl-8"/>
      </object_component>
      <object_component id="oc-451">
         <name>CpuTimer0RegsFile</name>
         <uninitialized>true</uninitialized>
         <run_address>0xc00</run_address>
         <size>0x8</size>
         <input_file_ref idref="fl-8"/>
      </object_component>
      <object_component id="oc-454">
         <name>CpuTimer1RegsFile</name>
         <uninitialized>true</uninitialized>
         <run_address>0xc08</run_address>
         <size>0x8</size>
         <input_file_ref idref="fl-8"/>
      </object_component>
      <object_component id="oc-572">
         <name>CpuTimer2RegsFile</name>
         <uninitialized>true</uninitialized>
         <run_address>0xc10</run_address>
         <size>0x8</size>
         <input_file_ref idref="fl-8"/>
      </object_component>
      <object_component id="oc-457">
         <name>CpuSysRegsFile</name>
         <uninitialized>true</uninitialized>
         <run_address>0x5d300</run_address>
         <size>0x82</size>
         <input_file_ref idref="fl-8"/>
      </object_component>
      <object_component id="oc-676">
         <name>Dcc0RegsFile</name>
         <uninitialized>true</uninitialized>
         <run_address>0x5e700</run_address>
         <size>0x2c</size>
         <input_file_ref idref="fl-8"/>
      </object_component>
      <object_component id="oc-673">
         <name>Dcc1RegsFile</name>
         <uninitialized>true</uninitialized>
         <run_address>0x5e740</run_address>
         <size>0x2c</size>
         <input_file_ref idref="fl-8"/>
      </object_component>
      <object_component id="oc-38b">
         <name>EPwm1RegsFile</name>
         <uninitialized>true</uninitialized>
         <run_address>0x4000</run_address>
         <size>0x100</size>
         <input_file_ref idref="fl-8"/>
      </object_component>
      <object_component id="oc-38e">
         <name>EPwm2RegsFile</name>
         <uninitialized>true</uninitialized>
         <run_address>0x4100</run_address>
         <size>0x100</size>
         <input_file_ref idref="fl-8"/>
      </object_component>
      <object_component id="oc-391">
         <name>EPwm3RegsFile</name>
         <uninitialized>true</uninitialized>
         <run_address>0x4200</run_address>
         <size>0x100</size>
         <input_file_ref idref="fl-8"/>
      </object_component>
      <object_component id="oc-394">
         <name>EPwm4RegsFile</name>
         <uninitialized>true</uninitialized>
         <run_address>0x4300</run_address>
         <size>0x100</size>
         <input_file_ref idref="fl-8"/>
      </object_component>
      <object_component id="oc-584">
         <name>EPwm5RegsFile</name>
         <uninitialized>true</uninitialized>
         <run_address>0x4400</run_address>
         <size>0x100</size>
         <input_file_ref idref="fl-8"/>
      </object_component>
      <object_component id="oc-397">
         <name>EPwm7RegsFile</name>
         <uninitialized>true</uninitialized>
         <run_address>0x4600</run_address>
         <size>0x100</size>
         <input_file_ref idref="fl-8"/>
      </object_component>
      <object_component id="oc-55a">
         <name>GpioCtrlRegsFile</name>
         <uninitialized>true</uninitialized>
         <run_address>0x7c00</run_address>
         <size>0x200</size>
         <input_file_ref idref="fl-8"/>
      </object_component>
      <object_component id="oc-55d">
         <name>GpioDataRegsFile</name>
         <uninitialized>true</uninitialized>
         <run_address>0x7f00</run_address>
         <size>0x3a</size>
         <input_file_ref idref="fl-8"/>
      </object_component>
      <object_component id="oc-3a0">
         <name>PieCtrlRegsFile</name>
         <uninitialized>true</uninitialized>
         <run_address>0xce0</run_address>
         <size>0x1a</size>
         <input_file_ref idref="fl-8"/>
      </object_component>
      <object_component id="oc-5e0">
         <name>WdRegsFile</name>
         <uninitialized>true</uninitialized>
         <run_address>0x7000</run_address>
         <size>0x2b</size>
         <input_file_ref idref="fl-8"/>
      </object_component>
      <object_component id="oc-541">
         <name>.debug_types</name>
         <load_address>0x0</load_address>
         <run_address>0x0</run_address>
         <size>0x6873</size>
         <input_file_ref idref="fl-2"/>
      </object_component>
      <object_component id="oc-53c">
         <name>.debug_types</name>
         <load_address>0x6873</load_address>
         <run_address>0x6873</run_address>
         <size>0xeed1</size>
         <input_file_ref idref="fl-3"/>
      </object_component>
      <object_component id="oc-576">
         <name>.debug_types</name>
         <load_address>0x15744</load_address>
         <run_address>0x15744</run_address>
         <size>0x611</size>
         <input_file_ref idref="fl-5"/>
      </object_component>
      <object_component id="oc-31e">
         <name>.debug_types</name>
         <load_address>0x0</load_address>
         <run_address>0x0</run_address>
         <size>0x0</size>
         <input_file_ref idref="fl-6"/>
      </object_component>
      <object_component id="oc-57b">
         <name>.debug_types</name>
         <load_address>0x0</load_address>
         <run_address>0x0</run_address>
         <size>0x0</size>
         <input_file_ref idref="fl-7"/>
      </object_component>
      <object_component id="oc-52c">
         <name>.debug_types</name>
         <load_address>0x15d55</load_address>
         <run_address>0x15d55</run_address>
         <size>0x460be</size>
         <input_file_ref idref="fl-8"/>
      </object_component>
      <object_component id="oc-561">
         <name>.debug_types</name>
         <load_address>0x5be13</load_address>
         <run_address>0x5be13</run_address>
         <size>0x89</size>
         <input_file_ref idref="fl-9"/>
      </object_component>
      <object_component id="oc-563">
         <name>.debug_types</name>
         <load_address>0x0</load_address>
         <run_address>0x0</run_address>
         <size>0x0</size>
         <input_file_ref idref="fl-a"/>
      </object_component>
      <object_component id="oc-321">
         <name>.debug_types</name>
         <load_address>0x5be9c</load_address>
         <run_address>0x5be9c</run_address>
         <size>0x5a</size>
         <input_file_ref idref="fl-b"/>
      </object_component>
      <object_component id="oc-559">
         <name>.debug_types</name>
         <load_address>0x5bef6</load_address>
         <run_address>0x5bef6</run_address>
         <size>0x89</size>
         <input_file_ref idref="fl-c"/>
      </object_component>
      <object_component id="oc-45b">
         <name>.debug_types</name>
         <load_address>0x5bf7f</load_address>
         <run_address>0x5bf7f</run_address>
         <size>0x64</size>
         <input_file_ref idref="fl-e"/>
      </object_component>
      <object_component id="oc-56f">
         <name>.debug_types</name>
         <load_address>0x0</load_address>
         <run_address>0x0</run_address>
         <size>0x0</size>
         <input_file_ref idref="fl-f"/>
      </object_component>
      <object_component id="oc-62a">
         <name>.debug_types</name>
         <load_address>0x0</load_address>
         <run_address>0x0</run_address>
         <size>0x0</size>
         <input_file_ref idref="fl-22"/>
      </object_component>
      <object_component id="oc-68a">
         <name>.debug_types</name>
         <load_address>0x5bfe3</load_address>
         <run_address>0x5bfe3</run_address>
         <size>0x4f5</size>
         <input_file_ref idref="fl-23"/>
      </object_component>
      <object_component id="oc-512">
         <name>.debug_types</name>
         <load_address>0x5c4d8</load_address>
         <run_address>0x5c4d8</run_address>
         <size>0x1f3</size>
         <input_file_ref idref="fl-24"/>
      </object_component>
      <object_component id="oc-30a">
         <name>.debug_types</name>
         <load_address>0x0</load_address>
         <run_address>0x0</run_address>
         <size>0x0</size>
         <input_file_ref idref="fl-25"/>
      </object_component>
      <object_component id="oc-302">
         <name>.debug_types</name>
         <load_address>0x5c6cb</load_address>
         <run_address>0x5c6cb</run_address>
         <size>0x191</size>
         <input_file_ref idref="fl-26"/>
      </object_component>
      <object_component id="oc-664">
         <name>.debug_types</name>
         <load_address>0x5c85c</load_address>
         <run_address>0x5c85c</run_address>
         <size>0x90</size>
         <input_file_ref idref="fl-27"/>
      </object_component>
      <object_component id="oc-6a5">
         <name>.debug_types</name>
         <load_address>0x5c8ec</load_address>
         <run_address>0x5c8ec</run_address>
         <size>0x2f</size>
         <input_file_ref idref="fl-28"/>
      </object_component>
      <object_component id="oc-65c">
         <name>.debug_types</name>
         <load_address>0x5c91b</load_address>
         <run_address>0x5c91b</run_address>
         <size>0xe1</size>
         <input_file_ref idref="fl-29"/>
      </object_component>
      <object_component id="oc-50d">
         <name>.debug_types</name>
         <load_address>0x5c9fc</load_address>
         <run_address>0x5c9fc</run_address>
         <size>0xb8</size>
         <input_file_ref idref="fl-2c"/>
      </object_component>
      <object_component id="oc-6b0">
         <name>.debug_types</name>
         <load_address>0x0</load_address>
         <run_address>0x0</run_address>
         <size>0x0</size>
         <input_file_ref idref="fl-2d"/>
      </object_component>
      <object_component id="oc-4fd">
         <name>.debug_info</name>
         <load_address>0x0</load_address>
         <run_address>0x0</run_address>
         <size>0x154</size>
         <input_file_ref idref="fl-2"/>
      </object_component>
      <object_component id="oc-3ec">
         <name>.debug_info</name>
         <load_address>0x154</load_address>
         <run_address>0x154</run_address>
         <size>0x114</size>
         <input_file_ref idref="fl-2"/>
      </object_component>
      <object_component id="oc-45e">
         <name>.debug_info</name>
         <load_address>0x268</load_address>
         <run_address>0x268</run_address>
         <size>0x12a</size>
         <input_file_ref idref="fl-2"/>
      </object_component>
      <object_component id="oc-464">
         <name>.debug_info</name>
         <load_address>0x392</load_address>
         <run_address>0x392</run_address>
         <size>0x128</size>
         <input_file_ref idref="fl-2"/>
      </object_component>
      <object_component id="oc-3bc">
         <name>.debug_info</name>
         <load_address>0x4ba</load_address>
         <run_address>0x4ba</run_address>
         <size>0x13f</size>
         <input_file_ref idref="fl-2"/>
      </object_component>
      <object_component id="oc-3b6">
         <name>.debug_info</name>
         <load_address>0x5f9</load_address>
         <run_address>0x5f9</run_address>
         <size>0x13f</size>
         <input_file_ref idref="fl-2"/>
      </object_component>
      <object_component id="oc-3b0">
         <name>.debug_info</name>
         <load_address>0x738</load_address>
         <run_address>0x738</run_address>
         <size>0x13f</size>
         <input_file_ref idref="fl-2"/>
      </object_component>
      <object_component id="oc-3aa">
         <name>.debug_info</name>
         <load_address>0x877</load_address>
         <run_address>0x877</run_address>
         <size>0x13f</size>
         <input_file_ref idref="fl-2"/>
      </object_component>
      <object_component id="oc-482">
         <name>.debug_info</name>
         <load_address>0x9b6</load_address>
         <run_address>0x9b6</run_address>
         <size>0x12a</size>
         <input_file_ref idref="fl-2"/>
      </object_component>
      <object_component id="oc-47c">
         <name>.debug_info</name>
         <load_address>0xae0</load_address>
         <run_address>0xae0</run_address>
         <size>0x12a</size>
         <input_file_ref idref="fl-2"/>
      </object_component>
      <object_component id="oc-476">
         <name>.debug_info</name>
         <load_address>0xc0a</load_address>
         <run_address>0xc0a</run_address>
         <size>0x12a</size>
         <input_file_ref idref="fl-2"/>
      </object_component>
      <object_component id="oc-471">
         <name>.debug_info</name>
         <load_address>0xd34</load_address>
         <run_address>0xd34</run_address>
         <size>0x12a</size>
         <input_file_ref idref="fl-2"/>
      </object_component>
      <object_component id="oc-46a">
         <name>.debug_info</name>
         <load_address>0xe5e</load_address>
         <run_address>0xe5e</run_address>
         <size>0x12a</size>
         <input_file_ref idref="fl-2"/>
      </object_component>
      <object_component id="oc-3e0">
         <name>.debug_info</name>
         <load_address>0xf88</load_address>
         <run_address>0xf88</run_address>
         <size>0x12e</size>
         <input_file_ref idref="fl-2"/>
      </object_component>
      <object_component id="oc-503">
         <name>.debug_info</name>
         <load_address>0x10b6</load_address>
         <run_address>0x10b6</run_address>
         <size>0x14b</size>
         <input_file_ref idref="fl-2"/>
      </object_component>
      <object_component id="oc-4b5">
         <name>.debug_info</name>
         <load_address>0x1201</load_address>
         <run_address>0x1201</run_address>
         <size>0x18a</size>
         <input_file_ref idref="fl-3"/>
      </object_component>
      <object_component id="oc-4af">
         <name>.debug_info</name>
         <load_address>0x138b</load_address>
         <run_address>0x138b</run_address>
         <size>0x1d8</size>
         <input_file_ref idref="fl-3"/>
      </object_component>
      <object_component id="oc-3c2">
         <name>.debug_info</name>
         <load_address>0x1563</load_address>
         <run_address>0x1563</run_address>
         <size>0x1da</size>
         <input_file_ref idref="fl-3"/>
      </object_component>
      <object_component id="oc-3f2">
         <name>.debug_info</name>
         <load_address>0x173d</load_address>
         <run_address>0x173d</run_address>
         <size>0x124</size>
         <input_file_ref idref="fl-3"/>
      </object_component>
      <object_component id="oc-3a4">
         <name>.debug_info</name>
         <load_address>0x1861</load_address>
         <run_address>0x1861</run_address>
         <size>0x124</size>
         <input_file_ref idref="fl-3"/>
      </object_component>
      <object_component id="oc-8f">
         <name>.debug_info</name>
         <load_address>0x1985</load_address>
         <run_address>0x1985</run_address>
         <size>0x11b</size>
         <input_file_ref idref="fl-4"/>
      </object_component>
      <object_component id="oc-319">
         <name>.debug_info</name>
         <load_address>0x1aa0</load_address>
         <run_address>0x1aa0</run_address>
         <size>0x11c</size>
         <input_file_ref idref="fl-4"/>
      </object_component>
      <object_component id="oc-3fe">
         <name>.debug_info</name>
         <load_address>0x1bbc</load_address>
         <run_address>0x1bbc</run_address>
         <size>0x158</size>
         <input_file_ref idref="fl-5"/>
      </object_component>
      <object_component id="oc-3fb">
         <name>.debug_info</name>
         <load_address>0x1d14</load_address>
         <run_address>0x1d14</run_address>
         <size>0x13a</size>
         <input_file_ref idref="fl-5"/>
      </object_component>
      <object_component id="oc-401">
         <name>.debug_info</name>
         <load_address>0x1e4e</load_address>
         <run_address>0x1e4e</run_address>
         <size>0x1a6</size>
         <input_file_ref idref="fl-5"/>
      </object_component>
      <object_component id="oc-94">
         <name>.debug_info</name>
         <load_address>0x1ff4</load_address>
         <run_address>0x1ff4</run_address>
         <size>0x12c</size>
         <input_file_ref idref="fl-6"/>
      </object_component>
      <object_component id="oc-9d">
         <name>.debug_info</name>
         <load_address>0x2120</load_address>
         <run_address>0x2120</run_address>
         <size>0x12c</size>
         <input_file_ref idref="fl-6"/>
      </object_component>
      <object_component id="oc-a3">
         <name>.debug_info</name>
         <load_address>0x224c</load_address>
         <run_address>0x224c</run_address>
         <size>0x12c</size>
         <input_file_ref idref="fl-6"/>
      </object_component>
      <object_component id="oc-a9">
         <name>.debug_info</name>
         <load_address>0x2378</load_address>
         <run_address>0x2378</run_address>
         <size>0x12c</size>
         <input_file_ref idref="fl-6"/>
      </object_component>
      <object_component id="oc-af">
         <name>.debug_info</name>
         <load_address>0x24a4</load_address>
         <run_address>0x24a4</run_address>
         <size>0x12c</size>
         <input_file_ref idref="fl-6"/>
      </object_component>
      <object_component id="oc-b5">
         <name>.debug_info</name>
         <load_address>0x25d0</load_address>
         <run_address>0x25d0</run_address>
         <size>0x12a</size>
         <input_file_ref idref="fl-6"/>
      </object_component>
      <object_component id="oc-bb">
         <name>.debug_info</name>
         <load_address>0x26fa</load_address>
         <run_address>0x26fa</run_address>
         <size>0x12c</size>
         <input_file_ref idref="fl-6"/>
      </object_component>
      <object_component id="oc-c1">
         <name>.debug_info</name>
         <load_address>0x2826</load_address>
         <run_address>0x2826</run_address>
         <size>0x12c</size>
         <input_file_ref idref="fl-6"/>
      </object_component>
      <object_component id="oc-c7">
         <name>.debug_info</name>
         <load_address>0x2952</load_address>
         <run_address>0x2952</run_address>
         <size>0x12c</size>
         <input_file_ref idref="fl-6"/>
      </object_component>
      <object_component id="oc-cd">
         <name>.debug_info</name>
         <load_address>0x2a7e</load_address>
         <run_address>0x2a7e</run_address>
         <size>0x12c</size>
         <input_file_ref idref="fl-6"/>
      </object_component>
      <object_component id="oc-d3">
[...]
         <name>CpuTimer0Regs</name>
         <value>0xc00</value>
         <object_component_ref idref="oc-451"/>
      </symbol>
      <symbol id="sm-5b4">
         <name>Dcc1Regs</name>
         <value>0x5e740</value>
         <object_component_ref idref="oc-673"/>
      </symbol>
      <symbol id="sm-5b5">
         <name>CpuTimer1Regs</name>
         <value>0xc08</value>
         <object_component_ref idref="oc-454"/>
      </symbol>
      <symbol id="sm-5b6">
         <name>EPwm7Regs</name>
         <value>0x4600</value>
         <object_component_ref idref="oc-397"/>
      </symbol>
      <symbol id="sm-5b7">
         <name>AdcaResultRegs</name>
         <value>0xb00</value>
         <object_component_ref idref="oc-595"/>
      </symbol>
      <symbol id="sm-5b8">
         <name>AdccResultRegs</name>
         <value>0xb40</value>
         <object_component_ref idref="oc-53d"/>
      </symbol>
      <symbol id="sm-5b9">
         <name>PieCtrlRegs</name>
         <value>0xce0</value>
         <object_component_ref idref="oc-3a0"/>
      </symbol>
      <symbol id="sm-5ba">
         <name>WdRegs</name>
         <value>0x7000</value>
         <object_component_ref idref="oc-5e0"/>
      </symbol>
      <symbol id="sm-5bb">
         <name>GpioDataRegs</name>
         <value>0x7f00</value>
         <object_component_ref idref="oc-55d"/>
      </symbol>
      <symbol id="sm-5bc">
         <name>EPwm1Regs</name>
         <value>0x4000</value>
         <object_component_ref idref="oc-38b"/>
      </symbol>
      <symbol id="sm-5bd">
         <name>AnalogSubsysRegs</name>
         <value>0x5d700</value>
         <object_component_ref idref="oc-565"/>
      </symbol>
      <symbol id="sm-5be">
         <name>AdcaRegs</name>
         <value>0x7400</value>
         <object_component_ref idref="oc-39a"/>
      </symbol>
      <symbol id="sm-5ce">
         <name>InitGpio</name>
         <value>0xa857</value>
         <object_component_ref idref="oc-3cd"/>
      </symbol>
      <symbol id="sm-5db">
         <name>InitPieCtrl</name>
         <value>0xa990</value>
         <object_component_ref idref="oc-3d3"/>
      </symbol>
      <symbol id="sm-5ee">
         <name>InitPieVectTable</name>
         <value>0xaabe</value>
         <object_component_ref idref="oc-3d9"/>
      </symbol>
      <symbol id="sm-5ef">
         <name>PieVectTableInit</name>
         <value>0xa040</value>
         <object_component_ref idref="oc-99"/>
      </symbol>
      <symbol id="sm-666">
         <name>ComputeCntrSeedValue</name>
         <value>0xa3d4</value>
         <object_component_ref idref="oc-679"/>
      </symbol>
      <symbol id="sm-667">
         <name>IsPLLValid</name>
         <value>0xa45d</value>
         <object_component_ref idref="oc-5ff"/>
      </symbol>
      <symbol id="sm-668">
         <name>InitPeripheralClocks</name>
         <value>0xa4e1</value>
         <object_component_ref idref="oc-552"/>
      </symbol>
      <symbol id="sm-669">
         <name>SysIntOsc1Sel</name>
         <value>0xaeeb</value>
         <object_component_ref idref="oc-5ed"/>
      </symbol>
      <symbol id="sm-66a">
         <name>SysXtalOscSel</name>
         <value>0xa8da</value>
         <object_component_ref idref="oc-5f3"/>
      </symbol>
      <symbol id="sm-66b">
         <name>SysXtalOscSESel</name>
         <value>0xa9af</value>
         <object_component_ref idref="oc-5e7"/>
      </symbol>
      <symbol id="sm-66c">
         <name>InitSysCtrl</name>
         <value>0xaa85</value>
         <object_component_ref idref="oc-3c7"/>
      </symbol>
      <symbol id="sm-66d">
         <name>DisableDog</name>
         <value>0xaaf5</value>
         <object_component_ref idref="oc-546"/>
      </symbol>
      <symbol id="sm-66e">
         <name>InitSysPll</name>
         <value>0xa200</value>
         <object_component_ref idref="oc-54c"/>
      </symbol>
      <symbol id="sm-66f">
         <name>SysIntOsc2Sel</name>
         <value>0xaf0d</value>
         <object_component_ref idref="oc-5f9"/>
      </symbol>
      <symbol id="sm-677">
         <name>F28x_usDelay</name>
         <value>0xb69f</value>
         <object_component_ref idref="oc-568"/>
      </symbol>
      <symbol id="sm-6c3">
         <name>Ph4_Status</name>
         <value>0xb6c5</value>
         <object_component_ref idref="oc-388"/>
      </symbol>
      <symbol id="sm-6c4">
         <name>OCP_Cnt_Ph1</name>
         <value>0xa003</value>
         <object_component_ref idref="oc-385"/>
      </symbol>
      <symbol id="sm-6c5">
         <name>OCP_Cnt_Ph3</name>
         <value>0xa005</value>
         <object_component_ref idref="oc-385"/>
      </symbol>
      <symbol id="sm-6c6">
         <name>OCP_Cnt_Ph2</name>
         <value>0xa004</value>
         <object_component_ref idref="oc-385"/>
      </symbol>
      <symbol id="sm-6c7">
         <name>OCP_Cnt_Ph5</name>
         <value>0xa007</value>
         <object_component_ref idref="oc-385"/>
      </symbol>
      <symbol id="sm-6c8">
         <name>OCP_Cnt_Ph4</name>
         <value>0xa006</value>
         <object_component_ref idref="oc-385"/>
      </symbol>
      <symbol id="sm-6c9">
         <name>Ph1_Status</name>
         <value>0xb6c2</value>
         <object_component_ref idref="oc-388"/>
      </symbol>
      <symbol id="sm-6ca">
         <name>Ph4_d</name>
         <value>0xb6dc</value>
         <object_component_ref idref="oc-388"/>
      </symbol>
      <symbol id="sm-6cb">
         <name>Vin</name>
         <value>0xa00a</value>
         <object_component_ref idref="oc-385"/>
      </symbol>
      <symbol id="sm-6cc">
         <name>epi_Vout</name>
         <value>0xb6b4</value>
         <object_component_ref idref="oc-4a8"/>
      </symbol>
      <symbol id="sm-6cd">
         <name>UpdateStatus</name>
         <value>0xa001</value>
         <object_component_ref idref="oc-385"/>
      </symbol>
      <symbol id="sm-6ce">
         <name>VoutRef</name>
         <value>0xb6e2</value>
         <object_component_ref idref="oc-388"/>
      </symbol>
      <symbol id="sm-6cf">
         <name>adcA1ISR</name>
         <value>0xaf17</value>
         <object_component_ref idref="oc-2fa"/>
      </symbol>
      <symbol id="sm-6d0">
         <name>Ts</name>
         <value>0xb6d4</value>
         <object_component_ref idref="oc-388"/>
      </symbol>
      <symbol id="sm-6d1">
         <name>testout</name>
         <value>0xa01a</value>
         <object_component_ref idref="oc-385"/>
      </symbol>
      <symbol id="sm-6d2">
         <name>select</name>
         <value>0xa000</value>
         <object_component_ref idref="oc-385"/>
      </symbol>
      <symbol id="sm-6d3">
         <name>Ph_Status_L</name>
         <value>0xb6aa</value>
         <object_component_ref idref="oc-487"/>
      </symbol>
      <symbol id="sm-6d4">
         <name>StartUP_cnt</name>
         <value>0xb6ca</value>
         <object_component_ref idref="oc-388"/>
      </symbol>
      <symbol id="sm-6d5">
         <name>dpi_Vout_Sat</name>
         <value>0xa016</value>
         <object_component_ref idref="oc-385"/>
      </symbol>
      <symbol id="sm-6d6">
         <name>Ph3_d</name>
         <value>0xb6da</value>
         <object_component_ref idref="oc-388"/>
      </symbol>
      <symbol id="sm-6d7">
         <name>adcC1ISR</name>
         <value>0xb206</value>
         <object_component_ref idref="oc-2ee"/>
      </symbol>
      <symbol id="sm-6d8">
         <name>cnt</name>
         <value>0xb6c1</value>
         <object_component_ref idref="oc-388"/>
      </symbol>
      <symbol id="sm-6d9">
         <name>duty</name>
         <value>0xb6ce</value>
         <object_component_ref idref="oc-388"/>
      </symbol>
      <symbol id="sm-6da">
         <name>Conv_EN</name>
         <value>0xb6c8</value>
         <object_component_ref idref="oc-388"/>
      </symbol>
      <symbol id="sm-6db">
         <name>OVP_Cnt</name>
         <value>0xa002</value>
         <object_component_ref idref="oc-385"/>
      </symbol>
      <symbol id="sm-6dc">
         <name>D_total</name>
         <value>0xa01c</value>
         <object_component_ref idref="oc-385"/>
      </symbol>
      <symbol id="sm-6dd">
         <name>Ph3_Status</name>
         <value>0xb6c4</value>
         <object_component_ref idref="oc-388"/>
      </symbol>
      <symbol id="sm-6de">
         <name>OVT</name>
         <value>0xb6cb</value>
         <object_component_ref idref="oc-388"/>
      </symbol>
      <symbol id="sm-6df">
         <name>Vout</name>
         <value>0xa008</value>
         <object_component_ref idref="oc-385"/>
      </symbol>
      <symbol id="sm-6e0">
         <name>main</name>
         <value>0xa5c2</value>
         <object_component_ref idref="oc-2ef"/>
      </symbol>
      <symbol id="sm-6e1">
         <name>AvgErr</name>
         <value>0xb6e0</value>
         <object_component_ref idref="oc-388"/>
      </symbol>
      <symbol id="sm-6e2">
         <name>Ph2_d</name>
         <value>0xb6d8</value>
         <object_component_ref idref="oc-388"/>
      </symbol>
      <symbol id="sm-6e3">
         <name>duty_t</name>
         <value>0xb6c0</value>
         <object_component_ref idref="oc-388"/>
      </symbol>
      <symbol id="sm-6e4">
         <name>kp</name>
         <value>0xb6d0</value>
         <object_component_ref idref="oc-388"/>
      </symbol>
      <symbol id="sm-6e5">
         <name>ki</name>
         <value>0xb6d2</value>
         <object_component_ref idref="oc-388"/>
      </symbol>
      <symbol id="sm-6e6">
         <name>Ph2_Status</name>
         <value>0xb6c3</value>
         <object_component_ref idref="oc-388"/>
      </symbol>
      <symbol id="sm-6e7">
         <name>Iout_Ph1</name>
         <value>0xa00c</value>
         <object_component_ref idref="oc-385"/>
      </symbol>
      <symbol id="sm-6e8">
         <name>Iout_Ph2</name>
         <value>0xa00e</value>
         <object_component_ref idref="oc-385"/>
      </symbol>
      <symbol id="sm-6e9">
         <name>Iout_Ph3</name>
         <value>0xa010</value>
         <object_component_ref idref="oc-385"/>
      </symbol>
      <symbol id="sm-6ea">
         <name>Iout_Ph4</name>
         <value>0xa012</value>
         <object_component_ref idref="oc-385"/>
      </symbol>
      <symbol id="sm-6eb">
         <name>Iout_Ph5</name>
         <value>0xa014</value>
         <object_component_ref idref="oc-385"/>
      </symbol>
      <symbol id="sm-6ec">
         <name>Conv_SS</name>
         <value>0xb6c9</value>
         <object_component_ref idref="oc-388"/>
      </symbol>
      <symbol id="sm-6ed">
         <name>Ph5_d</name>
         <value>0xb6de</value>
         <object_component_ref idref="oc-388"/>
      </symbol>
      <symbol id="sm-6ee">
         <name>CL_Latch</name>
         <value>0xb6c7</value>
         <object_component_ref idref="oc-388"/>
      </symbol>
      <symbol id="sm-6ef">
         <name>OVT_Prot_Latch</name>
         <value>0xb6cc</value>
         <object_component_ref idref="oc-388"/>
      </symbol>
      <symbol id="sm-6f0">
         <name>Ph5_Status</name>
         <value>0xb6c6</value>
         <object_component_ref idref="oc-388"/>
      </symbol>
      <symbol id="sm-6f1">
         <name>dpi_Vout</name>
         <value>0xb6b0</value>
         <object_component_ref idref="oc-4ab"/>
      </symbol>
      <symbol id="sm-6f2">
         <name>Ph1_d</name>
         <value>0xb6d6</value>
         <object_component_ref idref="oc-388"/>
      </symbol>
      <symbol id="sm-6f3">
         <name>Temp2</name>
         <value>0xa020</value>
         <object_component_ref idref="oc-385"/>
      </symbol>
      <symbol id="sm-6f4">
         <name>Temp3</name>
         <value>0xa022</value>
         <object_component_ref idref="oc-385"/>
      </symbol>
      <symbol id="sm-6f5">
         <name>Temp1</name>
         <value>0xa01e</value>
         <object_component_ref idref="oc-385"/>
      </symbol>
      <symbol id="sm-6f6">
         <name>Temp4</name>
         <value>0xa024</value>
         <object_component_ref idref="oc-385"/>
      </symbol>
      <symbol id="sm-6f7">
         <name>test</name>
         <value>0xa018</value>
         <object_component_ref idref="oc-385"/>
      </symbol>
      <symbol id="sm-7b7">
         <name>DutyPh1</name>
         <value>0xb58c</value>
         <object_component_ref idref="oc-4ba"/>
      </symbol>
      <symbol id="sm-7b8">
         <name>DutyPh2</name>
         <value>0xb5a3</value>
         <object_component_ref idref="oc-4c0"/>
      </symbol>
      <symbol id="sm-7b9">
         <name>DutyPh3</name>
         <value>0xb5ba</value>
         <object_component_ref idref="oc-4c6"/>
      </symbol>
      <symbol id="sm-7ba">
         <name>DutyPh4</name>
         <value>0xb5d1</value>
         <object_component_ref idref="oc-4cc"/>
      </symbol>
      <symbol id="sm-7bb">
         <name>DutyPh5</name>
         <value>0xb5e8</value>
         <object_component_ref idref="oc-4d2"/>
      </symbol>
      <symbol id="sm-7bc">
         <name>Ph3_En_Dis</name>
         <value>0xb526</value>
         <object_component_ref idref="oc-496"/>
      </symbol>
      <symbol id="sm-7bd">
         <name>initEPWM3</name>
         <value>0xa73a</value>
         <object_component_ref idref="oc-424"/>
      </symbol>
      <symbol id="sm-7be">
         <name>initEPWM2</name>
         <value>0xa6e1</value>
         <object_component_ref idref="oc-418"/>
      </symbol>
      <symbol id="sm-7bf">
         <name>initEPWM1</name>
         <value>0xa62c</value>
         <object_component_ref idref="oc-40c"/>
      </symbol>
      <symbol id="sm-7c0">
         <name>initEPWM7</name>
         <value>0xa687</value>
         <object_component_ref idref="oc-448"/>
      </symbol>
      <symbol id="sm-7c1">
         <name>initEPWM5</name>
         <value>0xa883</value>
         <object_component_ref idref="oc-43c"/>
      </symbol>
      <symbol id="sm-7c2">
         <name>initEPWM4</name>
         <value>0xa793</value>
         <object_component_ref idref="oc-430"/>
      </symbol>
      <symbol id="sm-7c3">
         <name>ePWM_ADC_Trig</name>
         <value>0xa553</value>
         <object_component_ref idref="oc-3e5"/>
      </symbol>
      <symbol id="sm-7c4">
         <name>Ph1_ADC_Trig_Point</name>
         <value>0xb3ca</value>
         <object_component_ref idref="oc-4de"/>
      </symbol>
      <symbol id="sm-7c5">
         <name>Ph2_En_Dis</name>
         <value>0xb504</value>
         <object_component_ref idref="oc-490"/>
      </symbol>
      <symbol id="sm-7c6">
         <name>Ph2_ADC_Trig_Point</name>
         <value>0xb3ff</value>
         <object_component_ref idref="oc-4e4"/>
      </symbol>
      <symbol id="sm-7c7">
         <name>Ph3_ADC_Trig_Point</name>
         <value>0xb434</value>
         <object_component_ref idref="oc-4ea"/>
      </symbol>
      <symbol id="sm-7c8">
         <name>TrigPointSel</name>
         <value>0xaadb</value>
         <object_component_ref idref="oc-4d8"/>
      </symbol>
      <symbol id="sm-7c9">
         <name>Ph1_En_Dis</name>
         <value>0xb4d3</value>
         <object_component_ref idref="oc-48a"/>
      </symbol>
      <symbol id="sm-7ca">
         <name>Ph4_ADC_Trig_Point</name>
         <value>0xb469</value>
         <object_component_ref idref="oc-4f0"/>
      </symbol>
      <symbol id="sm-7cb">
         <name>Ph5_ADC_Trig_Point</name>
         <value>0xb49e</value>
         <object_component_ref idref="oc-4f6"/>
      </symbol>
      <symbol id="sm-7cc">
         <name>Ph5_En_Dis</name>
         <value>0xb56a</value>
         <object_component_ref idref="oc-4a2"/>
      </symbol>
      <symbol id="sm-7cd">
         <name>Ph4_En_Dis</name>
         <value>0xb548</value>
         <object_component_ref idref="oc-49c"/>
      </symbol>
      <symbol id="sm-7d7">
         <name>_c_int00</name>
         <value>0xaa2f</value>
         <object_component_ref idref="oc-51a"/>
      </symbol>
      <symbol id="sm-7d8">
         <name>__stack</name>
         <value>0x400</value>
         <object_component_ref idref="oc-300"/>
      </symbol>
      <symbol id="sm-7e6">
         <name>_system_pre_init</name>
         <value>0xaf14</value>
         <object_component_ref idref="oc-5c1"/>
      </symbol>
      <symbol id="sm-7f5">
         <name>__TI_auto_init_nobinit_nopinit</name>
         <value>0xa8af</value>
         <object_component_ref idref="oc-62b"/>
      </symbol>
      <symbol id="sm-804">
         <name>__TI_zero_init_nomemset</name>
         <value>0xaae8</value>
         <object_component_ref idref="oc-30b"/>
      </symbol>
      <symbol id="sm-811">
         <name>__TI_decompress_none</name>
         <value>0xaefd</value>
         <object_component_ref idref="oc-87"/>
      </symbol>
      <symbol id="sm-825">
         <name>__TI_decompress_lzss</name>
         <value>0xa827</value>
         <object_component_ref idref="oc-81"/>
      </symbol>
      <symbol id="sm-83b">
         <name>C$$EXIT</name>
         <value>0xa903</value>
         <object_component_ref idref="oc-5ce"/>
      </symbol>
      <symbol id="sm-83c">
         <name>abort</name>
         <value>0xa903</value>
         <object_component_ref idref="oc-5ce"/>
      </symbol>
      <symbol id="sm-83d">
         <name>exit</name>
         <value>0xa905</value>
         <object_component_ref idref="oc-5ce"/>
      </symbol>
      <symbol id="sm-83e">
         <name>__TI_dtors_ptr</name>
         <value>0xb6a8</value>
         <object_component_ref idref="oc-65d"/>
      </symbol>
      <symbol id="sm-83f">
         <name>__TI_cleanup_ptr</name>
         <value>0xb6a6</value>
         <object_component_ref idref="oc-65d"/>
      </symbol>
      <symbol id="sm-840">
         <name>__TI_enable_exit_profile_output</name>
         <value>0xb6a4</value>
         <object_component_ref idref="oc-65d"/>
      </symbol>
      <symbol id="sm-857">
         <name>_nop</name>
         <value>0xaefc</value>
         <object_component_ref idref="oc-69d"/>
      </symbol>
      <symbol id="sm-858">
         <name>_lock</name>
         <value>0xb6b8</value>
         <object_component_ref idref="oc-660"/>
      </symbol>
      <symbol id="sm-859">
         <name>_unlock</name>
         <value>0xb6ba</value>
         <object_component_ref idref="oc-6b6"/>
      </symbol>
      <symbol id="sm-85a">
         <name>_register_lock</name>
         <value>0xaef8</value>
         <object_component_ref idref="oc-69d"/>
      </symbol>
      <symbol id="sm-85b">
         <name>_register_unlock</name>
         <value>0xaef4</value>
         <object_component_ref idref="oc-69d"/>
      </symbol>
      <symbol id="sm-86a">
         <name>_args_main</name>
         <value>0xab01</value>
         <object_component_ref idref="oc-5c8"/>
      </symbol>
      <symbol id="sm-87e">
         <name>memcpy</name>
         <value>0xa9cc</value>
         <object_component_ref idref="oc-303"/>
      </symbol>
      <symbol id="sm-88b">
         <name>_system_post_cinit</name>
         <value>0xaf16</value>
         <object_component_ref idref="oc-683"/>
      </symbol>
      <symbol id="sm-88d">
         <name>__c_args__</name>
         <value>0x0</value>
      </symbol>
   </symbol_table>
   <title>Link successful</title>
</link_info>
