******************************************************************************
             TMS320C2000 Linker PC v22.6.1                     
******************************************************************************
>> Linked Sat Mar 22 11:03:06 2025

OUTPUT FILE NAME:   <F280025_BB2SW_Regen.out>
ENTRY POINT SYMBOL: "code_start"  address: 00000000


MEMORY CONFIGURATION

         name            origin    length      used     unused   attr    fill
----------------------  --------  ---------  --------  --------  ----  --------
PAGE 0:
  BEGIN                 00000000   00000002  00000002  00000000  RWIX
  BOOT_RSVD             00000002   00000126  00000000  00000126  RWIX
  RAMM0                 00000128   000002d8  0000004a  0000028e  RWIX
  RAMM1                 00000400   000003f8  00000200  000001f8  RWIX
  RAMLS4567             0000a000   00002000  0000175f  000008a1  RWIX
  RAMGS0                0000c000   000007f8  00000000  000007f8  RWIX
  FLASH_BANK0_SEC0      00080002   00000ffe  00000000  00000ffe  RWIX
  FLASH_BANK0_SEC1      00081000   00001000  00000000  00001000  RWIX
  FLASH_BANK0_SEC2      00082000   00001000  00000000  00001000  RWIX
  FLASH_BANK0_SEC3      00083000   00001000  00000000  00001000  RWIX
  FLASH_BANK0_SEC4      00084000   00001000  00000000  00001000  RWIX
  FLASH_BANK0_SEC5      00085000   00001000  00000000  00001000  RWIX
  FLASH_BANK0_SEC6      00086000   00001000  00000000  00001000  RWIX
  FLASH_BANK0_SEC7      00087000   00001000  00000000  00001000  RWIX
  FLASH_BANK0_SEC8      00088000   00001000  00000000  00001000  RWIX
  FLASH_BANK0_SEC9      00089000   00001000  00000000  00001000  RWIX
  FLASH_BANK0_SEC10     0008a000   00001000  00000000  00001000  RWIX
  FLASH_BANK0_SEC11     0008b000   00001000  00000000  00001000  RWIX
  FLASH_BANK0_SEC12     0008c000   00001000  00000000  00001000  RWIX
  FLASH_BANK0_SEC13     0008d000   00001000  00000000  00001000  RWIX
  FLASH_BANK0_SEC14     0008e000   00001000  00000000  00001000  RWIX
  FLASH_BANK0_SEC15     0008f000   00000ff8  00000000  00000ff8  RWIX
  BOOTROM               003f0000   00008000  00000000  00008000  RWIX
  BOOTROM_EXT           003f8000   00007fc0  00000000  00007fc0  RWIX
  RESET                 003fffc0   00000002  00000000  00000002  RWIX

PAGE 1:
  ADCARESULT            00000b00   00000018  00000018  00000000  RWIX
  ADCCRESULT            00000b40   00000018  00000018  00000000  RWIX
  CPUTIMER0             00000c00   00000008  00000008  00000000  RWIX
  CPUTIMER1             00000c08   00000008  00000008  00000000  RWIX
  CPUTIMER2             00000c10   00000008  00000008  00000000  RWIX
  PIECTRL               00000ce0   0000001a  0000001a  00000000  RWIX
  PIEVECTTABLE          00000d00   00000200  000001c0  00000040  RWIX
  DMA                   00001000   00000200  00000000  00000200  RWIX
  CLB1LOGICCFG          00003000   00000052  00000000  00000052  RWIX
  CLB1LOGICCTRL         00003100   00000040  00000000  00000040  RWIX
  CLB1DATAEXCH          00003180   00000080  00000000  00000080  RWIX
  CLB2LOGICCFG          00003400   00000052  00000000  00000052  RWIX
  CLB2LOGICCTRL         00003500   00000040  00000000  00000040  RWIX
  CLB2DATAEXCH          00003580   00000080  00000000  00000080  RWIX
  EPWM1                 00004000   00000100  00000100  00000000  RWIX
  EPWM2                 00004100   00000100  00000100  00000000  RWIX
  EPWM3                 00004200   00000100  00000000  00000100  RWIX
  EPWM4                 00004300   00000100  00000000  00000100  RWIX
  EPWM5                 00004400   00000100  00000100  00000000  RWIX
  EPWM6                 00004500   00000100  00000000  00000100  RWIX
  EPWM7                 00004600   00000100  00000000  00000100  RWIX
  EQEP1                 00005100   00000040  00000000  00000040  RWIX
  EQEP2                 00005140   00000040  00000000  00000040  RWIX
  ECAP1                 00005200   00000020  00000000  00000020  RWIX
  ECAP2                 00005240   00000020  00000000  00000020  RWIX
  ECAP3                 00005280   00000020  00000000  00000020  RWIX
  HRCAP3                000052a0   00000020  00000000  00000020  RWIX
  CMPSS1                00005c80   00000020  00000000  00000020  RWIX
  CMPSS2                00005ca0   00000020  00000000  00000020  RWIX
  CMPSS3                00005cc0   00000020  00000000  00000020  RWIX
  CMPSS4                00005ce0   00000020  00000000  00000020  RWIX
  SPIA                  00006100   00000010  00000000  00000010  RWIX
  SPIB                  00006110   00000010  00000000  00000010  RWIX
  BGCRCCPU              00006340   00000040  00000000  00000040  RWIX
  PMBUSA                00006400   00000020  00000000  00000020  RWIX
  HIC                   00006500   00000080  00000000  00000080  RWIX
  FSITXA                00006600   00000050  00000000  00000050  RWIX
  FSIRXA                00006680   00000050  00000000  00000050  RWIX
  LINA                  00006a00   000000ec  00000000  000000ec  RWIX
  LINB                  00006b00   000000ec  00000000  000000ec  RWIX
  WD                    00007000   0000002c  0000002b  00000001  RWIX
  NMIINTRUPT            00007060   00000010  00000000  00000010  RWIX
  XINT                  00007070   0000000c  00000000  0000000c  RWIX
  SCIA                  00007200   00000010  00000000  00000010  RWIX
  I2CA                  00007300   00000022  00000000  00000022  RWIX
  I2CB                  00007340   00000022  00000000  00000022  RWIX
  ADCA                  00007400   00000080  00000076  0000000a  RWIX
  ADCC                  00007500   00000080  00000076  0000000a  RWIX
  INPUTXBAR             00007900   00000020  00000000  00000020  RWIX
  XBAR                  00007920   00000020  00000000  00000020  RWIX
  SYNCSOC               00007940   00000006  00000000  00000006  RWIX
  CLBINPUTXBAR          00007960   00000020  00000000  00000020  RWIX
  DMACLASRCSEL          00007980   0000001a  00000000  0000001a  RWIX
  EPWMXBAR              00007a00   00000040  00000000  00000040  RWIX
  CLBXBAR               00007a40   00000040  00000000  00000040  RWIX
  OUTPUTXBAR            00007a80   00000040  00000000  00000040  RWIX
  CLBOUTPUTXBAR         00007bc0   00000040  00000000  00000040  RWIX
  GPIOCTRL              00007c00   00000200  00000200  00000000  RWIX
  GPIODATA              00007f00   00000040  0000003a  00000006  RWIX
  GPIODATAREAD          00007f80   00000010  00000000  00000010  RWIX
  CANA                  00048000   00000200  00000000  00000200  RWIX
  DEVCFG                0005d000   000001ac  00000000  000001ac  RWIX
  CLKCFG                0005d200   00000100  0000003e  000000c2  RWIX
  CPUSYS                0005d300   000000a0  00000082  0000001e  RWIX
  SYSPERIPHAC           0005d500   00000200  00000000  00000200  RWIX
  ANALOGSUBSYS          0005d700   00000100  00000090  00000070  RWIX
  DCC0                  0005e700   00000038  0000002c  0000000c  RWIX
  DCC1                  0005e740   00000038  0000002c  0000000c  RWIX
  ERADGLOBAL            0005e800   00000014  00000000  00000014  RWIX
  ERADHWBP1             0005e900   00000008  00000000  00000008  RWIX
  ERADHWBP2             0005e908   00000008  00000000  00000008  RWIX
  ERADHWBP3             0005e910   00000008  00000000  00000008  RWIX
  ERADHWBP4             0005e918   00000008  00000000  00000008  RWIX
  ERADHWBP5             0005e920   00000008  00000000  00000008  RWIX
  ERADHWBP6             0005e928   00000008  00000000  00000008  RWIX
  ERADHWBP7             0005e930   00000008  00000000  00000008  RWIX
  ERADHWBP8             0005e938   00000008  00000000  00000008  RWIX
  ERADCOUNTER1          0005e980   00000010  00000000  00000010  RWIX
  ERADCOUNTER2          0005e990   00000010  00000000  00000010  RWIX
  ERADCOUNTER3          0005e9a0   00000010  00000000  00000010  RWIX
  ERADCOUNTER4          0005e9b0   00000010  00000000  00000010  RWIX
  ERADCRCGLOBAL         0005ea00   00000010  00000000  00000010  RWIX
  ERADCRC1              0005ea10   00000010  00000000  00000010  RWIX
  ERADCRC2              0005ea20   00000010  00000000  00000010  RWIX
  ERADCRC3              0005ea30   00000010  00000000  00000010  RWIX
  ERADCRC4              0005ea40   00000010  00000000  00000010  RWIX
  ERADCRC5              0005ea50   00000010  00000000  00000010  RWIX
  ERADCRC6              0005ea60   00000010  00000000  00000010  RWIX
  ERADCRC7              0005ea70   00000010  00000000  00000010  RWIX
  ERADCRC8              0005ea80   00000010  00000000  00000010  RWIX
  DCSMBANK0Z1           0005f000   00000024  00000000  00000024  RWIX
  DCSMBANK0Z2           0005f040   00000024  00000000  00000024  RWIX
  DCSMCOMMON            0005f070   00000010  00000000  00000010  RWIX
  MEMCFG                0005f400   000000c0  00000000  000000c0  RWIX
  ACCESSPROTECTION      0005f500   0000003e  00000000  0000003e  RWIX
  MEMORYERROR           0005f540   00000040  00000000  00000040  RWIX
  TESTERROR             0005f590   00000010  00000000  00000010  RWIX
  FLASH0CTRL            0005f800   00000182  00000000  00000182  RWIX
  FLASH0ECC             0005fb00   00000028  00000000  00000028  RWIX
  DCSMBANK0Z1OTP        00078000   00000020  00000000  00000020  RWIX
  DCSMBANK0Z2OTP        00078200   00000020  00000000  00000020  RWIX


SECTION ALLOCATION MAP

 output                                  attributes/
section   page    origin      length       input sections
--------  ----  ----------  ----------   ----------------
.cinit     0    00000128    0000004a     
                  00000128    0000002f     (.cinit..data.load) [load image, compression = lzss]
                  00000157    00000001     --HOLE-- [fill = 0]
                  00000158    00000006     (__TI_handler_table)
                  0000015e    00000004     (.cinit..bss.load) [load image, compression = zero_init]
                  00000162    00000004     (.cinit.PieVectTableFile.load) [load image, compression = zero_init]
                  00000166    0000000c     (__TI_cinit_table)

.text      0    0000a240    00000e1b     
                  0000a240    000001be     SFO_v8_fpu_lib_build_c28_eabi.lib : SFO_v8_fpu_lib_build_c28.obj (.text)
                  0000a3fe    00000101     f28002x_sysctrl.obj (.text:InitSysPll)
                  0000a4ff    00000089     f28002x_sysctrl.obj (.text:ComputeCntrSeedValue)
                  0000a588    00000088     rts2800_fpu32_eabi.lib : fs_div28.asm.obj (.text)
                  0000a610    00000084     f28002x_sysctrl.obj (.text:IsPLLValid)
                  0000a694    0000007d     adc.obj (.text:SetupADC)
                  0000a711    00000073     main.obj (.text:main)
                  0000a784    00000072     f28002x_sysctrl.obj (.text:InitPeripheralClocks)
                  0000a7f6    0000006e     pwm.obj (.text:initEPWM1)
                  0000a864    0000006d     pwm.obj (.text:initEPWM2)
                  0000a8d1    00000046     adc.obj (.text:secfilt)
                  0000a917    0000003b     f28002x_cputimers.obj (.text:InitCpuTimers)
                  0000a952    00000030     rts2800_fpu32_eabi.lib : copy_decompress_lzss.c.obj (.text:decompress:lzss)
                  0000a982    0000002d     pwm.obj (.text:ePWM_ADC_Trig)
                  0000a9af    0000002d     pwm.obj (.text:initEPWM5)
                  0000a9dc    0000002c     f28002x_gpio.obj (.text:InitGpio)
                  0000aa08    0000002b     rts2800_fpu32_eabi.lib : autoinit.c.obj (.text:__TI_auto_init_nobinit_nopinit)
                  0000aa33    00000029     f28002x_sysctrl.obj (.text:SysXtalOscSel)
                  0000aa5c    00000029     rts2800_fpu32_eabi.lib : exit.c.obj (.text)
                  0000aa85    00000023     adc.obj (.text:ConfigureADC)
                  0000aaa8    00000021     f28002x_cputimers.obj (.text:ConfigCpuTimer)
                  0000aac9    0000001f     f28002x_piectrl.obj (.text:InitPieCtrl)
                  0000aae8    0000001d     control.obj (.text:InitLEDGPIOs)
                  0000ab05    0000001d     f28002x_sysctrl.obj (.text:SysXtalOscSESel)
                  0000ab22    0000001d     rts2800_fpu32_eabi.lib : memcpy.c.obj (.text)
                  0000ab3f    00000018     f28002x_sysctrl.obj (.text:PollX1Counter)
                  0000ab57    00000017     rts2800_fpu32_eabi.lib : boot28.asm.obj (.text)
                  0000ab6e    00000015     f28002x_epwm.obj (.text:InitEPwm1Gpio)
                  0000ab83    00000015     f28002x_epwm.obj (.text:InitEPwm2Gpio)
                  0000ab98    00000015     f28002x_epwm.obj (.text:InitEPwm5Gpio)
                  0000abad    00000015     pwm.obj (.text:TrigPointSel)
                  0000abc2    00000014     f28002x_sysctrl.obj (.text:InitSysCtrl)
                  0000abd6    00000010     f28002x_pievect.obj (.text:InitPieVectTable)
                  0000abe6    0000000e     pwm.obj (.text:FanDuty)
                  0000abf4    0000000d     f28002x_defaultisr.obj (.text:EMPTY_ISR)
                  0000ac01    0000000d     rts2800_fpu32_eabi.lib : copy_zero_init.c.obj (.text:decompress:ZI:__TI_zero_init_nomemset)
                  0000ac0e    0000000c     f28002x_sysctrl.obj (.text:DisableDog)
                  0000ac1a    0000000c     rts2800_fpu32_eabi.lib : args_main.c.obj (.text)
                  0000ac26    0000000a     f28002x_defaultisr.obj (.text:ADCA1_ISR)
                  0000ac30    0000000a     f28002x_defaultisr.obj (.text:ADCA2_ISR)
                  0000ac3a    0000000a     f28002x_defaultisr.obj (.text:ADCA3_ISR)
                  0000ac44    0000000a     f28002x_defaultisr.obj (.text:ADCA4_ISR)
                  0000ac4e    0000000a     f28002x_defaultisr.obj (.text:ADCA_EVT_ISR)
                  0000ac58    0000000a     f28002x_defaultisr.obj (.text:ADCC1_ISR)
                  0000ac62    0000000a     f28002x_defaultisr.obj (.text:ADCC2_ISR)
                  0000ac6c    0000000a     f28002x_defaultisr.obj (.text:ADCC3_ISR)
                  0000ac76    0000000a     f28002x_defaultisr.obj (.text:ADCC4_ISR)
                  0000ac80    0000000a     f28002x_defaultisr.obj (.text:ADCC_EVT_ISR)
                  0000ac8a    0000000a     f28002x_defaultisr.obj (.text:BGCRC_ISR)
                  0000ac94    0000000a     f28002x_defaultisr.obj (.text:CANA0_ISR)
                  0000ac9e    0000000a     f28002x_defaultisr.obj (.text:CANA1_ISR)
                  0000aca8    0000000a     f28002x_defaultisr.obj (.text:CLB1_ISR)
                  0000acb2    0000000a     f28002x_defaultisr.obj (.text:CLB2_ISR)
                  0000acbc    0000000a     f28002x_defaultisr.obj (.text:DATALOG_ISR)
                  0000acc6    0000000a     f28002x_defaultisr.obj (.text:DCC0_ISR)
                  0000acd0    0000000a     f28002x_defaultisr.obj (.text:DCC1_ISR)
                  0000acda    0000000a     f28002x_defaultisr.obj (.text:DMA_CH1_ISR)
                  0000ace4    0000000a     f28002x_defaultisr.obj (.text:DMA_CH2_ISR)
                  0000acee    0000000a     f28002x_defaultisr.obj (.text:DMA_CH3_ISR)
                  0000acf8    0000000a     f28002x_defaultisr.obj (.text:DMA_CH4_ISR)
                  0000ad02    0000000a     f28002x_defaultisr.obj (.text:DMA_CH5_ISR)
                  0000ad0c    0000000a     f28002x_defaultisr.obj (.text:DMA_CH6_ISR)
                  0000ad16    0000000a     f28002x_defaultisr.obj (.text:ECAP1_ISR)
                  0000ad20    0000000a     f28002x_defaultisr.obj (.text:ECAP2_ISR)
                  0000ad2a    0000000a     f28002x_defaultisr.obj (.text:ECAP3_2_ISR)
                  0000ad34    0000000a     f28002x_defaultisr.obj (.text:ECAP3_ISR)
                  0000ad3e    0000000a     f28002x_defaultisr.obj (.text:EMU_ISR)
                  0000ad48    0000000a     f28002x_defaultisr.obj (.text:EPWM1_ISR)
                  0000ad52    0000000a     f28002x_defaultisr.obj (.text:EPWM1_TZ_ISR)
                  0000ad5c    0000000a     f28002x_defaultisr.obj (.text:EPWM2_ISR)
                  0000ad66    0000000a     f28002x_defaultisr.obj (.text:EPWM2_TZ_ISR)
                  0000ad70    0000000a     f28002x_defaultisr.obj (.text:EPWM3_ISR)
                  0000ad7a    0000000a     f28002x_defaultisr.obj (.text:EPWM3_TZ_ISR)
                  0000ad84    0000000a     f28002x_defaultisr.obj (.text:EPWM4_ISR)
                  0000ad8e    0000000a     f28002x_defaultisr.obj (.text:EPWM4_TZ_ISR)
                  0000ad98    0000000a     f28002x_defaultisr.obj (.text:EPWM5_ISR)
                  0000ada2    0000000a     f28002x_defaultisr.obj (.text:EPWM5_TZ_ISR)
                  0000adac    0000000a     f28002x_defaultisr.obj (.text:EPWM6_ISR)
                  0000adb6    0000000a     f28002x_defaultisr.obj (.text:EPWM6_TZ_ISR)
                  0000adc0    0000000a     f28002x_defaultisr.obj (.text:EPWM7_ISR)
                  0000adca    0000000a     f28002x_defaultisr.obj (.text:EPWM7_TZ_ISR)
                  0000add4    0000000a     f28002x_defaultisr.obj (.text:EQEP1_ISR)
                  0000adde    0000000a     f28002x_defaultisr.obj (.text:EQEP2_ISR)
                  0000ade8    0000000a     f28002x_defaultisr.obj (.text:FLASH_CORR_ERR_ISR)
                  0000adf2    0000000a     f28002x_defaultisr.obj (.text:FMC_ISR)
                  0000adfc    0000000a     f28002x_defaultisr.obj (.text:FPU_OVERFLOW_ISR)
                  0000ae06    0000000a     f28002x_defaultisr.obj (.text:FPU_UNDERFLOW_ISR)
                  0000ae10    0000000a     f28002x_defaultisr.obj (.text:FSIRXA1_ISR)
                  0000ae1a    0000000a     f28002x_defaultisr.obj (.text:FSIRXA2_ISR)
                  0000ae24    0000000a     f28002x_defaultisr.obj (.text:FSITXA1_ISR)
                  0000ae2e    0000000a     f28002x_defaultisr.obj (.text:FSITXA2_ISR)
                  0000ae38    0000000a     f28002x_defaultisr.obj (.text:HICA_ISR)
                  0000ae42    0000000a     f28002x_defaultisr.obj (.text:I2CA_FIFO_ISR)
                  0000ae4c    0000000a     f28002x_defaultisr.obj (.text:I2CA_ISR)
                  0000ae56    0000000a     f28002x_defaultisr.obj (.text:I2CB_FIFO_ISR)
                  0000ae60    0000000a     f28002x_defaultisr.obj (.text:I2CB_ISR)
                  0000ae6a    0000000a     f28002x_defaultisr.obj (.text:ILLEGAL_ISR)
                  0000ae74    0000000a     control.obj (.text:LED_Green_Toggle)
                  0000ae7e    0000000a     control.obj (.text:LED_Red_Toggle)
                  0000ae88    0000000a     f28002x_defaultisr.obj (.text:LINA_0_ISR)
                  0000ae92    0000000a     f28002x_defaultisr.obj (.text:LINA_1_ISR)
                  0000ae9c    0000000a     f28002x_defaultisr.obj (.text:LINB_0_ISR)
                  0000aea6    0000000a     f28002x_defaultisr.obj (.text:LINB_1_ISR)
                  0000aeb0    0000000a     f28002x_defaultisr.obj (.text:MPOST_ISR)
                  0000aeba    0000000a     f28002x_defaultisr.obj (.text:NMI_ISR)
                  0000aec4    0000000a     f28002x_defaultisr.obj (.text:NOTUSED_ISR)
                  0000aece    0000000a     f28002x_defaultisr.obj (.text:PIE_RESERVED_ISR)
                  0000aed8    0000000a     f28002x_defaultisr.obj (.text:PMBUSA_ISR)
                  0000aee2    0000000a     f28002x_defaultisr.obj (.text:RAM_ACC_VIOL_ISR)
                  0000aeec    0000000a     f28002x_defaultisr.obj (.text:RAM_CORR_ERR_ISR)
                  0000aef6    0000000a     f28002x_defaultisr.obj (.text:RTOS_ISR)
                  0000af00    0000000a     f28002x_defaultisr.obj (.text:SCIA_RX_ISR)
                  0000af0a    0000000a     f28002x_defaultisr.obj (.text:SCIA_TX_ISR)
                  0000af14    0000000a     f28002x_defaultisr.obj (.text:SPIA_RX_ISR)
                  0000af1e    0000000a     f28002x_defaultisr.obj (.text:SPIA_TX_ISR)
                  0000af28    0000000a     f28002x_defaultisr.obj (.text:SPIB_RX_ISR)
                  0000af32    0000000a     f28002x_defaultisr.obj (.text:SPIB_TX_ISR)
                  0000af3c    0000000a     f28002x_defaultisr.obj (.text:SYS_PLL_SLIP_ISR)
                  0000af46    0000000a     f28002x_defaultisr.obj (.text:TIMER0_ISR)
                  0000af50    0000000a     f28002x_defaultisr.obj (.text:TIMER1_ISR)
                  0000af5a    0000000a     f28002x_defaultisr.obj (.text:TIMER2_ISR)
                  0000af64    0000000a     f28002x_defaultisr.obj (.text:USER10_ISR)
                  0000af6e    0000000a     f28002x_defaultisr.obj (.text:USER11_ISR)
                  0000af78    0000000a     f28002x_defaultisr.obj (.text:USER12_ISR)
                  0000af82    0000000a     f28002x_defaultisr.obj (.text:USER1_ISR)
                  0000af8c    0000000a     f28002x_defaultisr.obj (.text:USER2_ISR)
                  0000af96    0000000a     f28002x_defaultisr.obj (.text:USER3_ISR)
                  0000afa0    0000000a     f28002x_defaultisr.obj (.text:USER4_ISR)
                  0000afaa    0000000a     f28002x_defaultisr.obj (.text:USER5_ISR)
                  0000afb4    0000000a     f28002x_defaultisr.obj (.text:USER6_ISR)
                  0000afbe    0000000a     f28002x_defaultisr.obj (.text:USER7_ISR)
                  0000afc8    0000000a     f28002x_defaultisr.obj (.text:USER8_ISR)
                  0000afd2    0000000a     f28002x_defaultisr.obj (.text:USER9_ISR)
                  0000afdc    0000000a     f28002x_defaultisr.obj (.text:WAKE_ISR)
                  0000afe6    0000000a     f28002x_defaultisr.obj (.text:XINT1_ISR)
                  0000aff0    0000000a     f28002x_defaultisr.obj (.text:XINT2_ISR)
                  0000affa    0000000a     f28002x_defaultisr.obj (.text:XINT3_ISR)
                  0000b004    0000000a     f28002x_defaultisr.obj (.text:XINT4_ISR)
                  0000b00e    0000000a     f28002x_defaultisr.obj (.text:XINT5_ISR)
                  0000b018    00000009     f28002x_sysctrl.obj (.text:SysIntOsc1Sel)
                  0000b021    00000009     rts2800_fpu32_eabi.lib : _lock.c.obj (.text)
                  0000b02a    00000008                            : copy_decompress_none.c.obj (.text:decompress:none)
                  0000b032    00000008     f28002x_codestartbranch.obj (.text)
                  0000b03a    00000007     f28002x_sysctrl.obj (.text:SysIntOsc2Sel)
                  0000b041    00000005     control.obj (.text:LED_GREEN_OFF)
                  0000b046    00000005     control.obj (.text:LED_GREEN_ON)
                  0000b04b    00000005     control.obj (.text:LED_RED_OFF)
                  0000b050    00000005     control.obj (.text:LED_RED_ON)
                  0000b055    00000003     main.obj (.text:error)
                  0000b058    00000002     rts2800_fpu32_eabi.lib : pre_init.c.obj (.text)
                  0000b05a    00000001                            : startup.c.obj (.text)

.TI.ramfunc 
*          0    0000b05b    000006be     
                  0000b05b    000002bf     main.obj (.TI.ramfunc:adcA1ISR)
                  0000b31a    000001c7     main.obj (.TI.ramfunc:adcC1ISR)
                  0000b4e1    0000004d     adc.obj (.TI.ramfunc:GetTemp1)
                  0000b52e    0000004d     adc.obj (.TI.ramfunc:GetTemp2)
                  0000b57b    0000003c     pwm.obj (.TI.ramfunc:Ph2_En_Dis)
                  0000b5b7    00000030     pwm.obj (.TI.ramfunc:Ph1_En_Dis)
                  0000b5e7    0000002a     pwm.obj (.TI.ramfunc:Ph1_ADC_Trig_Point)
                  0000b611    0000002a     pwm.obj (.TI.ramfunc:Ph2_ADC_Trig_Point)
                  0000b63b    00000028     pwm.obj (.TI.ramfunc:DutyPh1)
                  0000b663    00000028     pwm.obj (.TI.ramfunc:DutyPh2)
                  0000b68b    00000023     control.obj (.TI.ramfunc:ConverterOFF)
                  0000b6ae    00000014     control.obj (.TI.ramfunc:PIcontroller)
                  0000b6c2    00000012     adc.obj (.TI.ramfunc:shift)
                  0000b6d4    0000000e     adc.obj (.TI.ramfunc:GetIph1)
                  0000b6e2    0000000e     adc.obj (.TI.ramfunc:GetIph2)
                  0000b6f0    0000000b     adc.obj (.TI.ramfunc:GetV_HS)
                  0000b6fb    0000000b     adc.obj (.TI.ramfunc:GetV_LS)
                  0000b706    0000000a     adc.obj (.TI.ramfunc:CLR_Array)
                  0000b710    00000005     control.obj (.TI.ramfunc:saturator)
                  0000b715    00000004     f28002x_usdelay.obj (.TI.ramfunc)

.reset     0    003fffc0    00000000     DSECT

codestart 
*          0    00000000    00000002     
                  00000000    00000002     f28002x_codestartbranch.obj (codestart)

.stack     0    00000400    00000200     UNINITIALIZED
                  00000400    00000200     --HOLE--

.bss       0    0000a000    0000005d     UNINITIALIZED
                  0000a000    0000003a     main.obj (.bss)
                  0000a03a    00000005     SFO_v8_fpu_lib_build_c28_eabi.lib : SFO_v8_fpu_lib_build_c28.obj (.bss:MEP_SF)
                  0000a03f    00000001     --HOLE--
                  0000a040    00000018     f28002x_cputimers.obj (.bss)
                  0000a058    00000005     SFO_v8_fpu_lib_build_c28_eabi.lib : SFO_v8_fpu_lib_build_c28.obj (.bss)

.init_array 
*          0    00000128    00000000     UNINITIALIZED

.const     0    0000a080    000001c0     
                  0000a080    000001c0     f28002x_pievect.obj (.const)

.data      0    0000b71a    00000069     UNINITIALIZED
                  0000b71a    0000001a     main.obj (.data)
                  0000b734    00000006     main.obj (.data:Temp1_x)
                  0000b73a    00000006     main.obj (.data:Temp1_y)
                  0000b740    00000006     main.obj (.data:Temp2_x)
                  0000b746    00000006     main.obj (.data:Temp2_y)
                  0000b74c    00000006     main.obj (.data:af)
                  0000b752    00000006     main.obj (.data:bf)
                  0000b758    00000006     main.obj (.data:ePWM)
                  0000b75e    00000006     rts2800_fpu32_eabi.lib : exit.c.obj (.data)
                  0000b764    00000004     main.obj (.data:dpi_Iph1)
                  0000b768    00000004     main.obj (.data:dpi_Iph2)
                  0000b76c    00000004     main.obj (.data:dpi_Vout)
                  0000b770    00000004     main.obj (.data:epi_Iph1)
                  0000b774    00000004     main.obj (.data:epi_Iph2)
                  0000b778    00000004     main.obj (.data:epi_Vout)
                  0000b77c    00000002     main.obj (.data:Ph_Status_L)
                  0000b77e    00000002     rts2800_fpu32_eabi.lib : _lock.c.obj (.data:_lock)
                  0000b780    00000002                            : _lock.c.obj (.data:_unlock)
                  0000b782    00000001     SFO_v8_fpu_lib_build_c28_eabi.lib : SFO_v8_fpu_lib_build_c28.obj (.data)

AdcaResultRegsFile 
*          1    00000b00    00000018     UNINITIALIZED
                  00000b00    00000018     f28002x_globalvariabledefs.obj (AdcaResultRegsFile)

AdccResultRegsFile 
*          1    00000b40    00000018     UNINITIALIZED
                  00000b40    00000018     f28002x_globalvariabledefs.obj (AdccResultRegsFile)

PieVectTableFile 
*          1    00000d00    000001c0     UNINITIALIZED
                  00000d00    000001c0     f28002x_globalvariabledefs.obj (PieVectTableFile)

EmuKeyVar 
*          1    00000d00    00000000     UNINITIALIZED

EmuBModeVar 
*          1    00000d00    00000000     UNINITIALIZED

EmuBootPinsVar 
*          1    00000d00    00000000     UNINITIALIZED

FlashCallbackVar 
*          1    00000d00    00000000     UNINITIALIZED

FlashScalingVar 
*          1    00000d00    00000000     UNINITIALIZED

AdcaRegsFile 
*          1    00007400    00000076     UNINITIALIZED
                  00007400    00000076     f28002x_globalvariabledefs.obj (AdcaRegsFile)

AdccRegsFile 
*          1    00007500    00000076     UNINITIALIZED
                  00007500    00000076     f28002x_globalvariabledefs.obj (AdccRegsFile)

AnalogSubsysRegsFile 
*          1    0005d700    00000090     UNINITIALIZED
                  0005d700    00000090     f28002x_globalvariabledefs.obj (AnalogSubsysRegsFile)

ClkCfgRegsFile 
*          1    0005d200    0000003e     UNINITIALIZED
                  0005d200    0000003e     f28002x_globalvariabledefs.obj (ClkCfgRegsFile)

CpuTimer0RegsFile 
*          1    00000c00    00000008     UNINITIALIZED
                  00000c00    00000008     f28002x_globalvariabledefs.obj (CpuTimer0RegsFile)

CpuTimer1RegsFile 
*          1    00000c08    00000008     UNINITIALIZED
                  00000c08    00000008     f28002x_globalvariabledefs.obj (CpuTimer1RegsFile)

CpuTimer2RegsFile 
*          1    00000c10    00000008     UNINITIALIZED
                  00000c10    00000008     f28002x_globalvariabledefs.obj (CpuTimer2RegsFile)

CpuSysRegsFile 
*          1    0005d300    00000082     UNINITIALIZED
                  0005d300    00000082     f28002x_globalvariabledefs.obj (CpuSysRegsFile)

Dcc0RegsFile 
*          1    0005e700    0000002c     UNINITIALIZED
                  0005e700    0000002c     f28002x_globalvariabledefs.obj (Dcc0RegsFile)

Dcc1RegsFile 
*          1    0005e740    0000002c     UNINITIALIZED
                  0005e740    0000002c     f28002x_globalvariabledefs.obj (Dcc1RegsFile)

EPwm1RegsFile 
*          1    00004000    00000100     UNINITIALIZED
                  00004000    00000100     f28002x_globalvariabledefs.obj (EPwm1RegsFile)

EPwm2RegsFile 
*          1    00004100    00000100     UNINITIALIZED
                  00004100    00000100     f28002x_globalvariabledefs.obj (EPwm2RegsFile)

EPwm5RegsFile 
*          1    00004400    00000100     UNINITIALIZED
                  00004400    00000100     f28002x_globalvariabledefs.obj (EPwm5RegsFile)

GpioCtrlRegsFile 
*          1    00007c00    00000200     UNINITIALIZED
                  00007c00    00000200     f28002x_globalvariabledefs.obj (GpioCtrlRegsFile)

GpioDataRegsFile 
*          1    00007f00    0000003a     UNINITIALIZED
                  00007f00    0000003a     f28002x_globalvariabledefs.obj (GpioDataRegsFile)

PieCtrlRegsFile 
*          1    00000ce0    0000001a     UNINITIALIZED
                  00000ce0    0000001a     f28002x_globalvariabledefs.obj (PieCtrlRegsFile)

WdRegsFile 
*          1    00007000    0000002b     UNINITIALIZED
                  00007000    0000002b     f28002x_globalvariabledefs.obj (WdRegsFile)

MODULE SUMMARY

       Module                           code   ro data   rw data
       ------                           ----   -------   -------
    .\
       f28002x_globalvariabledefs.obj   0      0         2587   
       main.obj                         1276   0         152    
       f28002x_defaultisr.obj           1003   0         0      
       f28002x_sysctrl.obj              782    0         0      
       pwm.obj                          616    0         0      
       f28002x_pievect.obj              16     448       0      
       adc.obj                          462    0         0      
       control.obj                      129    0         0      
       f28002x_cputimers.obj            92     0         24     
       f28002x_epwm.obj                 63     0         0      
       f28002x_gpio.obj                 44     0         0      
       f28002x_piectrl.obj              31     0         0      
       f28002x_codestartbranch.obj      10     0         0      
       f28002x_usdelay.obj              4      0         0      
    +--+--------------------------------+------+---------+---------+
       Total:                           4528   448       2763   
                                                                
    C:\ti\c2000\C2000Ware_5_01_00_00\libraries\calibration\hrpwm\f28002x\lib\SFO_v8_fpu_lib_build_c28_eabi.lib
       SFO_v8_fpu_lib_build_c28.obj     446    0         11     
    +--+--------------------------------+------+---------+---------+
       Total:                           446    0         11     
                                                                
    C:\ti\ccs1280\ccs\tools\compiler\ti-cgt-c2000_22.6.1.LTS\lib\rts2800_fpu32_eabi.lib
       fs_div28.asm.obj                 136    0         0      
       copy_decompress_lzss.c.obj       48     0         0      
       exit.c.obj                       41     0         6      
       autoinit.c.obj                   43     0         0      
       memcpy.c.obj                     29     0         0      
       boot28.asm.obj                   23     0         0      
       _lock.c.obj                      9      0         4      
       copy_zero_init.c.obj             13     0         0      
       args_main.c.obj                  12     0         0      
       copy_decompress_none.c.obj       8      0         0      
       pre_init.c.obj                   2      0         0      
       startup.c.obj                    1      0         0      
    +--+--------------------------------+------+---------+---------+
       Total:                           365    0         10     
                                                                
       Stack:                           0      0         512    
       Linker Generated:                0      73        0      
    +--+--------------------------------+------+---------+---------+
       Grand Total:                     5339   521       3296   


LINKER GENERATED COPY TABLES

__TI_cinit_table @ 00000166 records: 3, size/record: 4, table size: 12
	.data: load addr=00000128, load size=0000002f bytes, run addr=0000b71a, run size=00000069 bytes, compression=lzss
	.bss: load addr=0000015e, load size=00000004 bytes, run addr=0000a000, run size=0000005d bytes, compression=zero_init
	PieVectTableFile: load addr=00000162, load size=00000004 bytes, run addr=00000d00, run size=000001c0 bytes, compression=zero_init


LINKER GENERATED HANDLER TABLE

__TI_handler_table @ 00000158 records: 3, size/record: 2, table size: 6
	index: 0, handler: __TI_zero_init
	index: 1, handler: __TI_decompress_lzss
	index: 2, handler: __TI_decompress_none


GLOBAL DATA SYMBOLS: SORTED BY DATA PAGE

address     data page           name
--------    ----------------    ----
00000400      10 (00000400)     __stack

00000b00      2c (00000b00)     AdcaResultRegs

00000b40      2d (00000b40)     AdccResultRegs

00000c00      30 (00000c00)     CpuTimer0Regs
00000c08      30 (00000c00)     CpuTimer1Regs
00000c10      30 (00000c00)     CpuTimer2Regs

00000ce0      33 (00000cc0)     PieCtrlRegs

00000d00      34 (00000d00)     PieVectTable

00004000     100 (00004000)     EPwm1Regs

00004100     104 (00004100)     EPwm2Regs

00004400     110 (00004400)     EPwm5Regs

00007000     1c0 (00007000)     WdRegs

00007400     1d0 (00007400)     AdcaRegs

00007500     1d4 (00007500)     AdccRegs

00007c00     1f0 (00007c00)     GpioCtrlRegs

00007f00     1fc (00007f00)     GpioDataRegs

0000a000     280 (0000a000)     MEP_ScaleFactor
0000a001     280 (0000a000)     status_HR
0000a002     280 (0000a000)     select
0000a003     280 (0000a000)     UpdateStatus
0000a004     280 (0000a000)     OVP_Cnt
0000a005     280 (0000a000)     OCP_Cnt_Ph1_H
0000a006     280 (0000a000)     OCP_Cnt_Ph2_H
0000a007     280 (0000a000)     OCP_Cnt_Ph1_L
0000a008     280 (0000a000)     OCP_Cnt_Ph2_L
0000a009     280 (0000a000)     I_prot
0000a00a     280 (0000a000)     Vprot_OVP
0000a00b     280 (0000a000)     TempProt
0000a00c     280 (0000a000)     NoRetries
0000a00d     280 (0000a000)     TempLatch_Fault
0000a00e     280 (0000a000)     OVP_Faults
0000a00f     280 (0000a000)     UVP_Cnt
0000a010     280 (0000a000)     Latch_Fault
0000a011     280 (0000a000)     Vprot_UVP
0000a012     280 (0000a000)     UVP_Faults
0000a013     280 (0000a000)     HardLatch_UVP
0000a014     280 (0000a000)     UVP_Cnt_R
0000a015     280 (0000a000)     UVL_Cnt
0000a016     280 (0000a000)     MEP_Cnt
0000a017     280 (0000a000)     CLR_Fault
0000a018     280 (0000a000)     OVP_Cnt_R
0000a019     280 (0000a000)     HardLatch_OVP
0000a01a     280 (0000a000)     LED_CNT
0000a01b     280 (0000a000)     TOG1_CNT
0000a01c     280 (0000a000)     TOG2_CNT
0000a01d     280 (0000a000)     Vin_OVP
0000a01e     280 (0000a000)     Vin_UVP
0000a020     280 (0000a000)     V_LowSide
0000a022     280 (0000a000)     V_HighSide
0000a024     280 (0000a000)     Iout_Ph1
0000a026     280 (0000a000)     Iout_Ph2
0000a028     280 (0000a000)     D_total
0000a02a     280 (0000a000)     D_Ex_SS
0000a02c     280 (0000a000)     D_Thresh_SS
0000a02e     280 (0000a000)     dpi_Vout_Sat
0000a030     280 (0000a000)     D_Iph1_Sat
0000a032     280 (0000a000)     D_Iph2_Sat
0000a034     280 (0000a000)     Temp1
0000a036     280 (0000a000)     Temp2
0000a038     280 (0000a000)     MaxTemp
0000a03a     280 (0000a000)     MEP_SF

0000a040     281 (0000a040)     CpuTimer0
0000a048     281 (0000a040)     CpuTimer1
0000a050     281 (0000a040)     CpuTimer2
0000a058     281 (0000a040)     SFO_CAL

0000a080     282 (0000a080)     PieVectTableInit

0000b71a     2dc (0000b700)     duty_t
0000b71b     2dc (0000b700)     cnt
0000b71c     2dc (0000b700)     Ph1_Status
0000b71d     2dc (0000b700)     Ph2_Status
0000b71e     2dc (0000b700)     CL_Latch
0000b71f     2dc (0000b700)     Conv_EN
0000b720     2dc (0000b700)     Conv_SS
0000b721     2dc (0000b700)     StartUP_cnt
0000b722     2dc (0000b700)     Latch_Fault_OVP
0000b724     2dc (0000b700)     duty
0000b726     2dc (0000b700)     kp
0000b728     2dc (0000b700)     ki
0000b72a     2dc (0000b700)     Ts
0000b72c     2dc (0000b700)     kp_I
0000b72e     2dc (0000b700)     ki_I
0000b730     2dc (0000b700)     Ph1_d
0000b732     2dc (0000b700)     Ph2_d
0000b734     2dc (0000b700)     Temp1_x
0000b73a     2dc (0000b700)     Temp1_y

0000b740     2dd (0000b740)     Temp2_x
0000b746     2dd (0000b740)     Temp2_y
0000b74c     2dd (0000b740)     af
0000b752     2dd (0000b740)     bf
0000b758     2dd (0000b740)     ePWM
0000b75e     2dd (0000b740)     __TI_enable_exit_profile_output
0000b760     2dd (0000b740)     __TI_cleanup_ptr
0000b762     2dd (0000b740)     __TI_dtors_ptr
0000b764     2dd (0000b740)     dpi_Iph1
0000b768     2dd (0000b740)     dpi_Iph2
0000b76c     2dd (0000b740)     dpi_Vout
0000b770     2dd (0000b740)     epi_Iph1
0000b774     2dd (0000b740)     epi_Iph2
0000b778     2dd (0000b740)     epi_Vout
0000b77c     2dd (0000b740)     Ph_Status_L
0000b77e     2dd (0000b740)     _lock

0000b780     2de (0000b780)     _unlock

0005d200    1748 (0005d200)     ClkCfgRegs

0005d300    174c (0005d300)     CpuSysRegs

0005d700    175c (0005d700)     AnalogSubsysRegs

0005e700    179c (0005e700)     Dcc0Regs

0005e740    179d (0005e740)     Dcc1Regs


GLOBAL SYMBOLS: SORTED ALPHABETICALLY BY Name 

page  address   name                           
----  -------   ----                           
0     0000ac26  ADCA1_ISR                      
0     0000ac30  ADCA2_ISR                      
0     0000ac3a  ADCA3_ISR                      
0     0000ac44  ADCA4_ISR                      
0     0000ac4e  ADCA_EVT_ISR                   
0     0000ac58  ADCC1_ISR                      
0     0000ac62  ADCC2_ISR                      
0     0000ac6c  ADCC3_ISR                      
0     0000ac76  ADCC4_ISR                      
0     0000ac80  ADCC_EVT_ISR                   
1     00007400  AdcaRegs                       
1     00000b00  AdcaResultRegs                 
1     00007500  AdccRegs                       
1     00000b40  AdccResultRegs                 
1     0005d700  AnalogSubsysRegs               
0     0000ac8a  BGCRC_ISR                      
0     0000aa5c  C$$EXIT                        
0     0000ac94  CANA0_ISR                      
0     0000ac9e  CANA1_ISR                      
0     0000aca8  CLB1_ISR                       
0     0000acb2  CLB2_ISR                       
0     0000b706  CLR_Array                      
0     0000a017  CLR_Fault                      
0     0000b71e  CL_Latch                       
1     0005d200  ClkCfgRegs                     
0     0000a4ff  ComputeCntrSeedValue           
0     0000aaa8  ConfigCpuTimer                 
0     0000aa85  ConfigureADC                   
0     0000b71f  Conv_EN                        
0     0000b720  Conv_SS                        
0     0000b68b  ConverterOFF                   
1     0005d300  CpuSysRegs                     
0     0000a040  CpuTimer0                      
1     00000c00  CpuTimer0Regs                  
0     0000a048  CpuTimer1                      
1     00000c08  CpuTimer1Regs                  
0     0000a050  CpuTimer2                      
1     00000c10  CpuTimer2Regs                  
0     0000acbc  DATALOG_ISR                    
0     0000acc6  DCC0_ISR                       
0     0000acd0  DCC1_ISR                       
0     0000acda  DMA_CH1_ISR                    
0     0000ace4  DMA_CH2_ISR                    
0     0000acee  DMA_CH3_ISR                    
0     0000acf8  DMA_CH4_ISR                    
0     0000ad02  DMA_CH5_ISR                    
0     0000ad0c  DMA_CH6_ISR                    
0     0000a02a  D_Ex_SS                        
0     0000a030  D_Iph1_Sat                     
0     0000a032  D_Iph2_Sat                     
0     0000a02c  D_Thresh_SS                    
0     0000a028  D_total                        
1     0005e700  Dcc0Regs                       
1     0005e740  Dcc1Regs                       
0     0000ac0e  DisableDog                     
0     0000b63b  DutyPh1                        
0     0000b663  DutyPh2                        
0     0000ad16  ECAP1_ISR                      
0     0000ad20  ECAP2_ISR                      
0     0000ad2a  ECAP3_2_ISR                    
0     0000ad34  ECAP3_ISR                      
0     0000abf4  EMPTY_ISR                      
0     0000ad3e  EMU_ISR                        
0     0000ad48  EPWM1_ISR                      
0     0000ad52  EPWM1_TZ_ISR                   
0     0000ad5c  EPWM2_ISR                      
0     0000ad66  EPWM2_TZ_ISR                   
0     0000ad70  EPWM3_ISR                      
0     0000ad7a  EPWM3_TZ_ISR                   
0     0000ad84  EPWM4_ISR                      
0     0000ad8e  EPWM4_TZ_ISR                   
0     0000ad98  EPWM5_ISR                      
0     0000ada2  EPWM5_TZ_ISR                   
0     0000adac  EPWM6_ISR                      
0     0000adb6  EPWM6_TZ_ISR                   
0     0000adc0  EPWM7_ISR                      
0     0000adca  EPWM7_TZ_ISR                   
1     00004000  EPwm1Regs                      
1     00004100  EPwm2Regs                      
1     00004400  EPwm5Regs                      
0     0000add4  EQEP1_ISR                      
0     0000adde  EQEP2_ISR                      
0     0000b715  F28x_usDelay                   
0     0000ade8  FLASH_CORR_ERR_ISR             
0     0000adf2  FMC_ISR                        
0     0000adfc  FPU_OVERFLOW_ISR               
0     0000ae06  FPU_UNDERFLOW_ISR              
0     0000ae10  FSIRXA1_ISR                    
0     0000ae1a  FSIRXA2_ISR                    
0     0000ae24  FSITXA1_ISR                    
0     0000ae2e  FSITXA2_ISR                    
0     0000abe6  FanDuty                        
0     0000b6d4  GetIph1                        
0     0000b6e2  GetIph2                        
0     0000b4e1  GetTemp1                       
0     0000b52e  GetTemp2                       
0     0000b6f0  GetV_HS                        
0     0000b6fb  GetV_LS                        
1     00007c00  GpioCtrlRegs                   
1     00007f00  GpioDataRegs                   
0     0000ae38  HICA_ISR                       
0     0000a019  HardLatch_OVP                  
0     0000a013  HardLatch_UVP                  
0     0000ae42  I2CA_FIFO_ISR                  
0     0000ae4c  I2CA_ISR                       
0     0000ae56  I2CB_FIFO_ISR                  
0     0000ae60  I2CB_ISR                       
0     0000ae6a  ILLEGAL_ISR                    
0     0000a009  I_prot                         
0     0000a917  InitCpuTimers                  
0     0000ab6e  InitEPwm1Gpio                  
0     0000ab83  InitEPwm2Gpio                  
0     0000ab98  InitEPwm5Gpio                  
0     0000a9dc  InitGpio                       
0     0000aae8  InitLEDGPIOs                   
0     0000a784  InitPeripheralClocks           
0     0000aac9  InitPieCtrl                    
0     0000abd6  InitPieVectTable               
0     0000abc2  InitSysCtrl                    
0     0000a3fe  InitSysPll                     
0     0000a024  Iout_Ph1                       
0     0000a026  Iout_Ph2                       
0     0000a610  IsPLLValid                     
0     0000a01a  LED_CNT                        
0     0000b041  LED_GREEN_OFF                  
0     0000b046  LED_GREEN_ON                   
0     0000ae74  LED_Green_Toggle               
0     0000b04b  LED_RED_OFF                    
0     0000b050  LED_RED_ON                     
0     0000ae7e  LED_Red_Toggle                 
0     0000ae88  LINA_0_ISR                     
0     0000ae92  LINA_1_ISR                     
0     0000ae9c  LINB_0_ISR                     
0     0000aea6  LINB_1_ISR                     
0     0000a010  Latch_Fault                    
0     0000b722  Latch_Fault_OVP                
0     0000a016  MEP_Cnt                        
0     0000a03a  MEP_SF                         
0     0000a000  MEP_ScaleFactor                
0     0000aeb0  MPOST_ISR                      
0     0000a038  MaxTemp                        
0     0000aeba  NMI_ISR                        
0     0000aec4  NOTUSED_ISR                    
0     0000a00c  NoRetries                      
0     0000a005  OCP_Cnt_Ph1_H                  
0     0000a007  OCP_Cnt_Ph1_L                  
0     0000a006  OCP_Cnt_Ph2_H                  
0     0000a008  OCP_Cnt_Ph2_L                  
0     0000a004  OVP_Cnt                        
0     0000a018  OVP_Cnt_R                      
0     0000a00e  OVP_Faults                     
0     0000aece  PIE_RESERVED_ISR               
0     0000b6ae  PIcontroller                   
0     0000aed8  PMBUSA_ISR                     
0     0000b5e7  Ph1_ADC_Trig_Point             
0     0000b5b7  Ph1_En_Dis                     
0     0000b71c  Ph1_Status                     
0     0000b730  Ph1_d                          
0     0000b611  Ph2_ADC_Trig_Point             
0     0000b57b  Ph2_En_Dis                     
0     0000b71d  Ph2_Status                     
0     0000b732  Ph2_d                          
0     0000b77c  Ph_Status_L                    
1     00000ce0  PieCtrlRegs                    
1     00000d00  PieVectTable                   
0     0000a080  PieVectTableInit               
0     0000aee2  RAM_ACC_VIOL_ISR               
0     0000aeec  RAM_CORR_ERR_ISR               
0     0000aef6  RTOS_ISR                       
0     0000af00  SCIA_RX_ISR                    
0     0000af0a  SCIA_TX_ISR                    
0     0000a240  SFO                            
0     0000a058  SFO_CAL                        
0     0000af14  SPIA_RX_ISR                    
0     0000af1e  SPIA_TX_ISR                    
0     0000af28  SPIB_RX_ISR                    
0     0000af32  SPIB_TX_ISR                    
0     0000af3c  SYS_PLL_SLIP_ISR               
0     0000a694  SetupADC                       
0     0000b721  StartUP_cnt                    
0     0000b018  SysIntOsc1Sel                  
0     0000b03a  SysIntOsc2Sel                  
0     0000ab05  SysXtalOscSESel                
0     0000aa33  SysXtalOscSel                  
0     0000af46  TIMER0_ISR                     
0     0000af50  TIMER1_ISR                     
0     0000af5a  TIMER2_ISR                     
0     0000a01b  TOG1_CNT                       
0     0000a01c  TOG2_CNT                       
0     0000a034  Temp1                          
0     0000b734  Temp1_x                        
0     0000b73a  Temp1_y                        
0     0000a036  Temp2                          
0     0000b740  Temp2_x                        
0     0000b746  Temp2_y                        
0     0000a00d  TempLatch_Fault                
0     0000a00b  TempProt                       
0     0000abad  TrigPointSel                   
0     0000b72a  Ts                             
0     0000af64  USER10_ISR                     
0     0000af6e  USER11_ISR                     
0     0000af78  USER12_ISR                     
0     0000af82  USER1_ISR                      
0     0000af8c  USER2_ISR                      
0     0000af96  USER3_ISR                      
0     0000afa0  USER4_ISR                      
0     0000afaa  USER5_ISR                      
0     0000afb4  USER6_ISR                      
0     0000afbe  USER7_ISR                      
0     0000afc8  USER8_ISR                      
0     0000afd2  USER9_ISR                      
0     0000a015  UVL_Cnt                        
0     0000a00f  UVP_Cnt                        
0     0000a014  UVP_Cnt_R                      
0     0000a012  UVP_Faults                     
0     0000a003  UpdateStatus                   
0     0000a022  V_HighSide                     
0     0000a020  V_LowSide                      
0     0000a01d  Vin_OVP                        
0     0000a01e  Vin_UVP                        
0     0000a00a  Vprot_OVP                      
0     0000a011  Vprot_UVP                      
0     0000afdc  WAKE_ISR                       
1     00007000  WdRegs                         
0     0000afe6  XINT1_ISR                      
0     0000aff0  XINT2_ISR                      
0     0000affa  XINT3_ISR                      
0     0000b004  XINT4_ISR                      
0     0000b00e  XINT5_ISR                      
0     00000166  __TI_CINIT_Base                
0     00000172  __TI_CINIT_Limit               
0     00000172  __TI_CINIT_Warm                
0     00000158  __TI_Handler_Table_Base        
0     0000015e  __TI_Handler_Table_Limit       
0     00000600  __TI_STACK_END                 
abs   00000200  __TI_STACK_SIZE                
0     0000aa08  __TI_auto_init_nobinit_nopinit 
0     0000b760  __TI_cleanup_ptr               
0     0000a952  __TI_decompress_lzss           
0     0000b02a  __TI_decompress_none           
0     0000b762  __TI_dtors_ptr                 
0     0000b75e  __TI_enable_exit_profile_output
abs   ffffffff  __TI_pprof_out_hndl            
abs   ffffffff  __TI_prof_data_size            
abs   ffffffff  __TI_prof_data_start           
0     0000ac01  __TI_zero_init_nomemset        
0     0000a588  __c28xabi_divf                 
n/a   UNDEFED   __c_args__                     
0     00000400  __stack                        
0     0000ac1a  _args_main                     
0     0000ab57  _c_int00                       
0     0000b77e  _lock                          
0     0000b029  _nop                           
0     0000b025  _register_lock                 
0     0000b021  _register_unlock               
0     0000b05a  _system_post_cinit             
0     0000b058  _system_pre_init               
0     0000b780  _unlock                        
0     0000aa5c  abort                          
0     0000b05b  adcA1ISR                       
0     0000b31a  adcC1ISR                       
0     0000b74c  af                             
0     0000b752  bf                             
0     0000b71b  cnt                            
0     00000000  code_start                     
0     0000b764  dpi_Iph1                       
0     0000b768  dpi_Iph2                       
0     0000b76c  dpi_Vout                       
0     0000a02e  dpi_Vout_Sat                   
0     0000b724  duty                           
0     0000b71a  duty_t                         
0     0000b758  ePWM                           
0     0000a982  ePWM_ADC_Trig                  
0     0000b770  epi_Iph1                       
0     0000b774  epi_Iph2                       
0     0000b778  epi_Vout                       
0     0000b055  error                          
0     0000aa5e  exit                           
0     0000a7f6  initEPWM1                      
0     0000a864  initEPWM2                      
0     0000a9af  initEPWM5                      
0     0000b728  ki                             
0     0000b72e  ki_I                           
0     0000b726  kp                             
0     0000b72c  kp_I                           
0     0000a711  main                           
0     0000ab22  memcpy                         
0     0000b710  saturator                      
0     0000a8d1  secfilt                        
0     0000a002  select                         
0     0000b6c2  shift                          
0     0000a001  status_HR                      


GLOBAL SYMBOLS: SORTED BY Symbol Address 

page  address   name                           
----  -------   ----                           
0     00000000  code_start                     
0     00000158  __TI_Handler_Table_Base        
0     0000015e  __TI_Handler_Table_Limit       
0     00000166  __TI_CINIT_Base                
0     00000172  __TI_CINIT_Limit               
0     00000172  __TI_CINIT_Warm                
0     00000400  __stack                        
0     00000600  __TI_STACK_END                 
0     0000a000  MEP_ScaleFactor                
0     0000a001  status_HR                      
0     0000a002  select                         
0     0000a003  UpdateStatus                   
0     0000a004  OVP_Cnt                        
0     0000a005  OCP_Cnt_Ph1_H                  
0     0000a006  OCP_Cnt_Ph2_H                  
0     0000a007  OCP_Cnt_Ph1_L                  
0     0000a008  OCP_Cnt_Ph2_L                  
0     0000a009  I_prot                         
0     0000a00a  Vprot_OVP                      
0     0000a00b  TempProt                       
0     0000a00c  NoRetries                      
0     0000a00d  TempLatch_Fault                
0     0000a00e  OVP_Faults                     
0     0000a00f  UVP_Cnt                        
0     0000a010  Latch_Fault                    
0     0000a011  Vprot_UVP                      
0     0000a012  UVP_Faults                     
0     0000a013  HardLatch_UVP                  
0     0000a014  UVP_Cnt_R                      
0     0000a015  UVL_Cnt                        
0     0000a016  MEP_Cnt                        
0     0000a017  CLR_Fault                      
0     0000a018  OVP_Cnt_R                      
0     0000a019  HardLatch_OVP                  
0     0000a01a  LED_CNT                        
0     0000a01b  TOG1_CNT                       
0     0000a01c  TOG2_CNT                       
0     0000a01d  Vin_OVP                        
0     0000a01e  Vin_UVP                        
0     0000a020  V_LowSide                      
0     0000a022  V_HighSide                     
0     0000a024  Iout_Ph1                       
0     0000a026  Iout_Ph2                       
0     0000a028  D_total                        
0     0000a02a  D_Ex_SS                        
0     0000a02c  D_Thresh_SS                    
0     0000a02e  dpi_Vout_Sat                   
0     0000a030  D_Iph1_Sat                     
0     0000a032  D_Iph2_Sat                     
0     0000a034  Temp1                          
0     0000a036  Temp2                          
0     0000a038  MaxTemp                        
0     0000a03a  MEP_SF                         
0     0000a040  CpuTimer0                      
0     0000a048  CpuTimer1                      
0     0000a050  CpuTimer2                      
0     0000a058  SFO_CAL                        
0     0000a080  PieVectTableInit               
0     0000a240  SFO                            
0     0000a3fe  InitSysPll                     
0     0000a4ff  ComputeCntrSeedValue           
0     0000a588  __c28xabi_divf                 
0     0000a610  IsPLLValid                     
0     0000a694  SetupADC                       
0     0000a711  main                           
0     0000a784  InitPeripheralClocks           
0     0000a7f6  initEPWM1                      
0     0000a864  initEPWM2                      
0     0000a8d1  secfilt                        
0     0000a917  InitCpuTimers                  
0     0000a952  __TI_decompress_lzss           
0     0000a982  ePWM_ADC_Trig                  
0     0000a9af  initEPWM5                      
0     0000a9dc  InitGpio                       
0     0000aa08  __TI_auto_init_nobinit_nopinit 
0     0000aa33  SysXtalOscSel                  
0     0000aa5c  C$$EXIT                        
0     0000aa5c  abort                          
0     0000aa5e  exit                           
0     0000aa85  ConfigureADC                   
0     0000aaa8  ConfigCpuTimer                 
0     0000aac9  InitPieCtrl                    
0     0000aae8  InitLEDGPIOs                   
0     0000ab05  SysXtalOscSESel                
0     0000ab22  memcpy                         
0     0000ab57  _c_int00                       
0     0000ab6e  InitEPwm1Gpio                  
0     0000ab83  InitEPwm2Gpio                  
0     0000ab98  InitEPwm5Gpio                  
0     0000abad  TrigPointSel                   
0     0000abc2  InitSysCtrl                    
0     0000abd6  InitPieVectTable               
0     0000abe6  FanDuty                        
0     0000abf4  EMPTY_ISR                      
0     0000ac01  __TI_zero_init_nomemset        
0     0000ac0e  DisableDog                     
0     0000ac1a  _args_main                     
0     0000ac26  ADCA1_ISR                      
0     0000ac30  ADCA2_ISR                      
0     0000ac3a  ADCA3_ISR                      
0     0000ac44  ADCA4_ISR                      
0     0000ac4e  ADCA_EVT_ISR                   
0     0000ac58  ADCC1_ISR                      
0     0000ac62  ADCC2_ISR                      
0     0000ac6c  ADCC3_ISR                      
0     0000ac76  ADCC4_ISR                      
0     0000ac80  ADCC_EVT_ISR                   
0     0000ac8a  BGCRC_ISR                      
0     0000ac94  CANA0_ISR                      
0     0000ac9e  CANA1_ISR                      
0     0000aca8  CLB1_ISR                       
0     0000acb2  CLB2_ISR                       
0     0000acbc  DATALOG_ISR                    
0     0000acc6  DCC0_ISR                       
0     0000acd0  DCC1_ISR                       
0     0000acda  DMA_CH1_ISR                    
0     0000ace4  DMA_CH2_ISR                    
0     0000acee  DMA_CH3_ISR                    
0     0000acf8  DMA_CH4_ISR                    
0     0000ad02  DMA_CH5_ISR                    
0     0000ad0c  DMA_CH6_ISR                    
0     0000ad16  ECAP1_ISR                      
0     0000ad20  ECAP2_ISR                      
0     0000ad2a  ECAP3_2_ISR                    
0     0000ad34  ECAP3_ISR                      
0     0000ad3e  EMU_ISR                        
0     0000ad48  EPWM1_ISR                      
0     0000ad52  EPWM1_TZ_ISR                   
0     0000ad5c  EPWM2_ISR                      
0     0000ad66  EPWM2_TZ_ISR                   
0     0000ad70  EPWM3_ISR                      
0     0000ad7a  EPWM3_TZ_ISR                   
0     0000ad84  EPWM4_ISR                      
0     0000ad8e  EPWM4_TZ_ISR                   
0     0000ad98  EPWM5_ISR                      
0     0000ada2  EPWM5_TZ_ISR                   
0     0000adac  EPWM6_ISR                      
0     0000adb6  EPWM6_TZ_ISR                   
0     0000adc0  EPWM7_ISR                      
0     0000adca  EPWM7_TZ_ISR                   
0     0000add4  EQEP1_ISR                      
0     0000adde  EQEP2_ISR                      
0     0000ade8  FLASH_CORR_ERR_ISR             
0     0000adf2  FMC_ISR                        
0     0000adfc  FPU_OVERFLOW_ISR               
0     0000ae06  FPU_UNDERFLOW_ISR              
0     0000ae10  FSIRXA1_ISR                    
0     0000ae1a  FSIRXA2_ISR                    
0     0000ae24  FSITXA1_ISR                    
0     0000ae2e  FSITXA2_ISR                    
0     0000ae38  HICA_ISR                       
0     0000ae42  I2CA_FIFO_ISR                  
0     0000ae4c  I2CA_ISR                       
0     0000ae56  I2CB_FIFO_ISR                  
0     0000ae60  I2CB_ISR                       
0     0000ae6a  ILLEGAL_ISR                    
0     0000ae74  LED_Green_Toggle               
0     0000ae7e  LED_Red_Toggle                 
0     0000ae88  LINA_0_ISR                     
0     0000ae92  LINA_1_ISR                     
0     0000ae9c  LINB_0_ISR                     
0     0000aea6  LINB_1_ISR                     
0     0000aeb0  MPOST_ISR                      
0     0000aeba  NMI_ISR                        
0     0000aec4  NOTUSED_ISR                    
0     0000aece  PIE_RESERVED_ISR               
0     0000aed8  PMBUSA_ISR                     
0     0000aee2  RAM_ACC_VIOL_ISR               
0     0000aeec  RAM_CORR_ERR_ISR               
0     0000aef6  RTOS_ISR                       
0     0000af00  SCIA_RX_ISR                    
0     0000af0a  SCIA_TX_ISR                    
0     0000af14  SPIA_RX_ISR                    
0     0000af1e  SPIA_TX_ISR                    
0     0000af28  SPIB_RX_ISR                    
0     0000af32  SPIB_TX_ISR                    
0     0000af3c  SYS_PLL_SLIP_ISR               
0     0000af46  TIMER0_ISR                     
0     0000af50  TIMER1_ISR                     
0     0000af5a  TIMER2_ISR                     
0     0000af64  USER10_ISR                     
0     0000af6e  USER11_ISR                     
0     0000af78  USER12_ISR                     
0     0000af82  USER1_ISR                      
0     0000af8c  USER2_ISR                      
0     0000af96  USER3_ISR                      
0     0000afa0  USER4_ISR                      
0     0000afaa  USER5_ISR                      
0     0000afb4  USER6_ISR                      
0     0000afbe  USER7_ISR                      
0     0000afc8  USER8_ISR                      
0     0000afd2  USER9_ISR                      
0     0000afdc  WAKE_ISR                       
0     0000afe6  XINT1_ISR                      
0     0000aff0  XINT2_ISR                      
0     0000affa  XINT3_ISR                      
0     0000b004  XINT4_ISR                      
0     0000b00e  XINT5_ISR                      
0     0000b018  SysIntOsc1Sel                  
0     0000b021  _register_unlock               
0     0000b025  _register_lock                 
0     0000b029  _nop                           
0     0000b02a  __TI_decompress_none           
0     0000b03a  SysIntOsc2Sel                  
0     0000b041  LED_GREEN_OFF                  
0     0000b046  LED_GREEN_ON                   
0     0000b04b  LED_RED_OFF                    
0     0000b050  LED_RED_ON                     
0     0000b055  error                          
0     0000b058  _system_pre_init               
0     0000b05a  _system_post_cinit             
0     0000b05b  adcA1ISR                       
0     0000b31a  adcC1ISR                       
0     0000b4e1  GetTemp1                       
0     0000b52e  GetTemp2                       
0     0000b57b  Ph2_En_Dis                     
0     0000b5b7  Ph1_En_Dis                     
0     0000b5e7  Ph1_ADC_Trig_Point             
0     0000b611  Ph2_ADC_Trig_Point             
0     0000b63b  DutyPh1                        
0     0000b663  DutyPh2                        
0     0000b68b  ConverterOFF                   
0     0000b6ae  PIcontroller                   
0     0000b6c2  shift                          
0     0000b6d4  GetIph1                        
0     0000b6e2  GetIph2                        
0     0000b6f0  GetV_HS                        
0     0000b6fb  GetV_LS                        
0     0000b706  CLR_Array                      
0     0000b710  saturator                      
0     0000b715  F28x_usDelay                   
0     0000b71a  duty_t                         
0     0000b71b  cnt                            
0     0000b71c  Ph1_Status                     
0     0000b71d  Ph2_Status                     
0     0000b71e  CL_Latch                       
0     0000b71f  Conv_EN                        
0     0000b720  Conv_SS                        
0     0000b721  StartUP_cnt                    
0     0000b722  Latch_Fault_OVP                
0     0000b724  duty                           
0     0000b726  kp                             
0     0000b728  ki                             
0     0000b72a  Ts                             
0     0000b72c  kp_I                           
0     0000b72e  ki_I                           
0     0000b730  Ph1_d                          
0     0000b732  Ph2_d                          
0     0000b734  Temp1_x                        
0     0000b73a  Temp1_y                        
0     0000b740  Temp2_x                        
0     0000b746  Temp2_y                        
0     0000b74c  af                             
0     0000b752  bf                             
0     0000b758  ePWM                           
0     0000b75e  __TI_enable_exit_profile_output
0     0000b760  __TI_cleanup_ptr               
0     0000b762  __TI_dtors_ptr                 
0     0000b764  dpi_Iph1                       
0     0000b768  dpi_Iph2                       
0     0000b76c  dpi_Vout                       
0     0000b770  epi_Iph1                       
0     0000b774  epi_Iph2                       
0     0000b778  epi_Vout                       
0     0000b77c  Ph_Status_L                    
0     0000b77e  _lock                          
0     0000b780  _unlock                        
1     00000b00  AdcaResultRegs                 
1     00000b40  AdccResultRegs                 
1     00000c00  CpuTimer0Regs                  
1     00000c08  CpuTimer1Regs                  
1     00000c10  CpuTimer2Regs                  
1     00000ce0  PieCtrlRegs                    
1     00000d00  PieVectTable                   
1     00004000  EPwm1Regs                      
1     00004100  EPwm2Regs                      
1     00004400  EPwm5Regs                      
1     00007000  WdRegs                         
1     00007400  AdcaRegs                       
1     00007500  AdccRegs                       
1     00007c00  GpioCtrlRegs                   
1     00007f00  GpioDataRegs                   
1     0005d200  ClkCfgRegs                     
1     0005d300  CpuSysRegs                     
1     0005d700  AnalogSubsysRegs               
1     0005e700  Dcc0Regs                       
1     0005e740  Dcc1Regs                       
abs   00000200  __TI_STACK_SIZE                
abs   ffffffff  __TI_pprof_out_hndl            
abs   ffffffff  __TI_prof_data_size            
abs   ffffffff  __TI_prof_data_start           
n/a   UNDEFED   __c_args__                     

[292 symbols]
