******************************************************************************
             TMS320C2000 Linker PC v22.6.1                     
******************************************************************************
>> Linked Wed Jul 10 21:38:05 2024

OUTPUT FILE NAME:   <gpio_ex1_setup.out>
ENTRY POINT SYMBOL: "code_start"  address: 00000000


MEMORY CONFIGURATION

         name            origin    length      used     unused   attr    fill
----------------------  --------  ---------  --------  --------  ----  --------
PAGE 0:
  BEGIN                 00000000   00000002  00000002  00000000  RWIX
  BOOT_RSVD             00000002   00000126  00000000  00000126  RWIX
  RAMM0                 00000128   000002d8  00000028  000002b0  RWIX
  RAMM1                 00000400   000003f8  00000200  000001f8  RWIX
  RAMLS4567             0000a000   00002000  00000e21  000011df  RWIX
  RAMGS0                0000c000   000007f8  00000000  000007f8  RWIX
  FLASH_BANK0_SEC0      00080002   00000ffe  00000000  00000ffe  RWIX
  FLASH_BANK0_SEC1      00081000   00001000  00000000  00001000  RWIX
  FLASH_BANK0_SEC2      00082000   00001000  00000000  00001000  RWIX
  FLASH_BANK0_SEC3      00083000   00001000  00000000  00001000  RWIX
  FLASH_BANK0_SEC4      00084000   00001000  00000000  00001000  RWIX
  FLASH_BANK0_SEC5      00085000   00001000  00000000  00001000  RWIX
  FLASH_BANK0_SEC6      00086000   00001000  00000000  00001000  RWIX
  FLASH_BANK0_SEC7      00087000   00001000  00000000  00001000  RWIX
  FLASH_BANK0_SEC8      00088000   00001000  00000000  00001000  RWIX
  FLASH_BANK0_SEC9      00089000   00001000  00000000  00001000  RWIX
  FLASH_BANK0_SEC10     0008a000   00001000  00000000  00001000  RWIX
  FLASH_BANK0_SEC11     0008b000   00001000  00000000  00001000  RWIX
  FLASH_BANK0_SEC12     0008c000   00001000  00000000  00001000  RWIX
  FLASH_BANK0_SEC13     0008d000   00001000  00000000  00001000  RWIX
  FLASH_BANK0_SEC14     0008e000   00001000  00000000  00001000  RWIX
  FLASH_BANK0_SEC15     0008f000   00000ff8  00000000  00000ff8  RWIX
  BOOTROM               003f0000   00008000  00000000  00008000  RWIX
  BOOTROM_EXT           003f8000   00007fc0  00000000  00007fc0  RWIX
  RESET                 003fffc0   00000002  00000000  00000002  RWIX

PAGE 1:
  ADCARESULT            00000b00   00000018  00000018  00000000  RWIX
  ADCCRESULT            00000b40   00000018  00000000  00000018  RWIX
  CPUTIMER0             00000c00   00000008  00000000  00000008  RWIX
  CPUTIMER1             00000c08   00000008  00000000  00000008  RWIX
  CPUTIMER2             00000c10   00000008  00000000  00000008  RWIX
  PIECTRL               00000ce0   0000001a  0000001a  00000000  RWIX
  PIEVECTTABLE          00000d00   00000200  000001c0  00000040  RWIX
  DMA                   00001000   00000200  00000000  00000200  RWIX
  CLB1LOGICCFG          00003000   00000052  00000000  00000052  RWIX
  CLB1LOGICCTRL         00003100   00000040  00000000  00000040  RWIX
  CLB1DATAEXCH          00003180   00000080  00000000  00000080  RWIX
  CLB2LOGICCFG          00003400   00000052  00000000  00000052  RWIX
  CLB2LOGICCTRL         00003500   00000040  00000000  00000040  RWIX
  CLB2DATAEXCH          00003580   00000080  00000000  00000080  RWIX
  EPWM1                 00004000   00000100  00000100  00000000  RWIX
  EPWM2                 00004100   00000100  00000100  00000000  RWIX
  EPWM3                 00004200   00000100  00000100  00000000  RWIX
  EPWM4                 00004300   00000100  00000100  00000000  RWIX
  EPWM5                 00004400   00000100  00000100  00000000  RWIX
  EPWM6                 00004500   00000100  00000000  00000100  RWIX
  EPWM7                 00004600   00000100  00000100  00000000  RWIX
  EQEP1                 00005100   00000040  00000000  00000040  RWIX
  EQEP2                 00005140   00000040  00000000  00000040  RWIX
  ECAP1                 00005200   00000020  00000000  00000020  RWIX
  ECAP2                 00005240   00000020  00000000  00000020  RWIX
  ECAP3                 00005280   00000020  00000000  00000020  RWIX
  HRCAP3                000052a0   00000020  00000000  00000020  RWIX
  CMPSS1                00005c80   00000020  00000000  00000020  RWIX
  CMPSS2                00005ca0   00000020  00000000  00000020  RWIX
  CMPSS3                00005cc0   00000020  00000000  00000020  RWIX
  CMPSS4                00005ce0   00000020  00000000  00000020  RWIX
  SPIA                  00006100   00000010  00000000  00000010  RWIX
  SPIB                  00006110   00000010  00000000  00000010  RWIX
  BGCRCCPU              00006340   00000040  00000000  00000040  RWIX
  PMBUSA                00006400   00000020  00000000  00000020  RWIX
  HIC                   00006500   00000080  00000000  00000080  RWIX
  FSITXA                00006600   00000050  00000000  00000050  RWIX
  FSIRXA                00006680   00000050  00000000  00000050  RWIX
  LINA                  00006a00   000000ec  00000000  000000ec  RWIX
  LINB                  00006b00   000000ec  00000000  000000ec  RWIX
  WD                    00007000   0000002c  0000002b  00000001  RWIX
  NMIINTRUPT            00007060   00000010  00000000  00000010  RWIX
  XINT                  00007070   0000000c  00000000  0000000c  RWIX
  SCIA                  00007200   00000010  00000000  00000010  RWIX
  I2CA                  00007300   00000022  00000000  00000022  RWIX
  I2CB                  00007340   00000022  00000000  00000022  RWIX
  ADCA                  00007400   00000080  00000076  0000000a  RWIX
  ADCC                  00007500   00000080  00000000  00000080  RWIX
  INPUTXBAR             00007900   00000020  00000000  00000020  RWIX
  XBAR                  00007920   00000020  00000000  00000020  RWIX
  SYNCSOC               00007940   00000006  00000000  00000006  RWIX
  CLBINPUTXBAR          00007960   00000020  00000000  00000020  RWIX
  DMACLASRCSEL          00007980   0000001a  00000000  0000001a  RWIX
  EPWMXBAR              00007a00   00000040  00000000  00000040  RWIX
  CLBXBAR               00007a40   00000040  00000000  00000040  RWIX
  OUTPUTXBAR            00007a80   00000040  00000000  00000040  RWIX
  CLBOUTPUTXBAR         00007bc0   00000040  00000000  00000040  RWIX
  GPIOCTRL              00007c00   00000200  00000200  00000000  RWIX
  GPIODATA              00007f00   00000040  0000003a  00000006  RWIX
  GPIODATAREAD          00007f80   00000010  00000000  00000010  RWIX
  CANA                  00048000   00000200  00000000  00000200  RWIX
  DEVCFG                0005d000   000001ac  00000000  000001ac  RWIX
  CLKCFG                0005d200   00000100  0000003e  000000c2  RWIX
  CPUSYS                0005d300   000000a0  00000082  0000001e  RWIX
  SYSPERIPHAC           0005d500   00000200  00000000  00000200  RWIX
  ANALOGSUBSYS          0005d700   00000100  00000090  00000070  RWIX
  DCC0                  0005e700   00000038  0000002c  0000000c  RWIX
  DCC1                  0005e740   00000038  0000002c  0000000c  RWIX
  ERADGLOBAL            0005e800   00000014  00000000  00000014  RWIX
  ERADHWBP1             0005e900   00000008  00000000  00000008  RWIX
  ERADHWBP2             0005e908   00000008  00000000  00000008  RWIX
  ERADHWBP3             0005e910   00000008  00000000  00000008  RWIX
  ERADHWBP4             0005e918   00000008  00000000  00000008  RWIX
  ERADHWBP5             0005e920   00000008  00000000  00000008  RWIX
  ERADHWBP6             0005e928   00000008  00000000  00000008  RWIX
  ERADHWBP7             0005e930   00000008  00000000  00000008  RWIX
  ERADHWBP8             0005e938   00000008  00000000  00000008  RWIX
  ERADCOUNTER1          0005e980   00000010  00000000  00000010  RWIX
  ERADCOUNTER2          0005e990   00000010  00000000  00000010  RWIX
  ERADCOUNTER3          0005e9a0   00000010  00000000  00000010  RWIX
  ERADCOUNTER4          0005e9b0   00000010  00000000  00000010  RWIX
  ERADCRCGLOBAL         0005ea00   00000010  00000000  00000010  RWIX
  ERADCRC1              0005ea10   00000010  00000000  00000010  RWIX
  ERADCRC2              0005ea20   00000010  00000000  00000010  RWIX
  ERADCRC3              0005ea30   00000010  00000000  00000010  RWIX
  ERADCRC4              0005ea40   00000010  00000000  00000010  RWIX
  ERADCRC5              0005ea50   00000010  00000000  00000010  RWIX
  ERADCRC6              0005ea60   00000010  00000000  00000010  RWIX
  ERADCRC7              0005ea70   00000010  00000000  00000010  RWIX
  ERADCRC8              0005ea80   00000010  00000000  00000010  RWIX
  DCSMBANK0Z1           0005f000   00000024  00000000  00000024  RWIX
  DCSMBANK0Z2           0005f040   00000024  00000000  00000024  RWIX
  DCSMCOMMON            0005f070   00000010  00000000  00000010  RWIX
  MEMCFG                0005f400   000000c0  00000000  000000c0  RWIX
  ACCESSPROTECTION      0005f500   0000003e  00000000  0000003e  RWIX
  MEMORYERROR           0005f540   00000040  00000000  00000040  RWIX
  TESTERROR             0005f590   00000010  00000000  00000010  RWIX
  FLASH0CTRL            0005f800   00000182  00000000  00000182  RWIX
  FLASH0ECC             0005fb00   00000028  00000000  00000028  RWIX
  DCSMBANK0Z1OTP        00078000   00000020  00000000  00000020  RWIX
  DCSMBANK0Z2OTP        00078200   00000020  00000000  00000020  RWIX


SECTION ALLOCATION MAP

 output                                  attributes/
section   page    origin      length       input sections
--------  ----  ----------  ----------   ----------------
.TI.ramfunc 
*          0    00000128    00000004     
                  00000128    00000004     f28002x_usdelay.obj (.TI.ramfunc)

.cinit     0    0000012c    00000024     
                  0000012c    0000000a     (.cinit..data.load) [load image, compression = lzss]
                  00000136    00000006     (__TI_handler_table)
                  0000013c    00000004     (.cinit..bss.load) [load image, compression = zero_init]
                  00000140    00000004     (.cinit.PieVectTableFile.load) [load image, compression = zero_init]
                  00000144    0000000c     (__TI_cinit_table)

.text      0    0000a200    00000c4b     
                  0000a200    000000e6     f28002x_sysctrl.obj (.text:InitSysPll)
                  0000a2e6    000000a0     f28002x_sysctrl.obj (.text:IsPLLValid)
                  0000a386    0000008e     f28002x_sysctrl.obj (.text:ComputeCntrSeedValue)
                  0000a414    00000089     adc.obj (.text:SetupADC)
                  0000a49d    00000088     rts2800_fpu32_eabi.lib : fs_div28.asm.obj (.text)
                  0000a525    00000075     gpio_ex1_setup.obj (.text:adcA1ISR)
                  0000a59a    00000064     gpio_ex1_setup.obj (.text:main)
                  0000a5fe    00000051     f28002x_sysctrl.obj (.text:InitPeripheralClocks)
                  0000a64f    0000004c     f28002x_gpio.obj (.text:InitGpio)
                  0000a69b    00000042     pwm.obj (.text:initEPWM1)
                  0000a6dd    00000041     pwm.obj (.text:initEPWM2)
                  0000a71e    00000041     pwm.obj (.text:initEPWM3)
                  0000a75f    00000041     pwm.obj (.text:initEPWM4)
                  0000a7a0    00000041     pwm.obj (.text:initEPWM7)
                  0000a7e1    00000030     rts2800_fpu32_eabi.lib : copy_decompress_lzss.c.obj (.text:decompress:lzss)
                  0000a811    0000002b                            : autoinit.c.obj (.text:__TI_auto_init_nobinit_nopinit)
                  0000a83c    0000002a     pwm.obj (.text:initEPWM5)
                  0000a866    00000029     rts2800_fpu32_eabi.lib : exit.c.obj (.text)
                  0000a88f    00000025     f28002x_pievect.obj (.text:InitPieVectTable)
                  0000a8b4    00000020     f28002x_sysctrl.obj (.text:SysXtalOscSel)
                  0000a8d4    0000001f     f28002x_piectrl.obj (.text:InitPieCtrl)
                  0000a8f3    0000001d     rts2800_fpu32_eabi.lib : memcpy.c.obj (.text)
                  0000a910    0000001b     f28002x_sysctrl.obj (.text:PollX1Counter)
                  0000a92b    00000017     adc.obj (.text:ConfigureADC)
                  0000a942    00000017     rts2800_fpu32_eabi.lib : boot28.asm.obj (.text)
                  0000a959    00000015     f28002x_sysctrl.obj (.text:SysXtalOscSESel)
                  0000a96e    00000014     f28002x_sysctrl.obj (.text:InitSysCtrl)
                  0000a982    00000013     f28002x_epwm.obj (.text:InitEPwm3Gpio)
                  0000a995    00000013     f28002x_epwm.obj (.text:InitEPwm4Gpio)
                  0000a9a8    00000011     f28002x_epwm.obj (.text:InitEPwm1Gpio)
                  0000a9b9    00000011     f28002x_epwm.obj (.text:InitEPwm2Gpio)
                  0000a9ca    00000011     pwm.obj (.text:ePWM1_ADC_Trig)
                  0000a9db    0000000f     f28002x_epwm.obj (.text:InitEPwm5Gpio)
                  0000a9ea    0000000d     f28002x_sysctrl.obj (.text:DisableDog)
                  0000a9f7    0000000d     f28002x_defaultisr.obj (.text:EMPTY_ISR)
                  0000aa04    0000000d     f28002x_epwm.obj (.text:InitEPwm7Gpio)
                  0000aa11    0000000d     control.obj (.text:InitTestGpio)
                  0000aa1e    0000000d     rts2800_fpu32_eabi.lib : copy_zero_init.c.obj (.text:decompress:ZI:__TI_zero_init_nomemset)
                  0000aa2b    0000000c                            : args_main.c.obj (.text)
                  0000aa37    0000000a     f28002x_defaultisr.obj (.text:ADCA1_ISR)
                  0000aa41    0000000a     f28002x_defaultisr.obj (.text:ADCA2_ISR)
                  0000aa4b    0000000a     f28002x_defaultisr.obj (.text:ADCA3_ISR)
                  0000aa55    0000000a     f28002x_defaultisr.obj (.text:ADCA4_ISR)
                  0000aa5f    0000000a     f28002x_defaultisr.obj (.text:ADCA_EVT_ISR)
                  0000aa69    0000000a     f28002x_defaultisr.obj (.text:ADCC1_ISR)
                  0000aa73    0000000a     f28002x_defaultisr.obj (.text:ADCC2_ISR)
                  0000aa7d    0000000a     f28002x_defaultisr.obj (.text:ADCC3_ISR)
                  0000aa87    0000000a     f28002x_defaultisr.obj (.text:ADCC4_ISR)
                  0000aa91    0000000a     f28002x_defaultisr.obj (.text:ADCC_EVT_ISR)
                  0000aa9b    0000000a     f28002x_defaultisr.obj (.text:BGCRC_ISR)
                  0000aaa5    0000000a     f28002x_defaultisr.obj (.text:CANA0_ISR)
                  0000aaaf    0000000a     f28002x_defaultisr.obj (.text:CANA1_ISR)
                  0000aab9    0000000a     f28002x_defaultisr.obj (.text:CLB1_ISR)
                  0000aac3    0000000a     f28002x_defaultisr.obj (.text:CLB2_ISR)
                  0000aacd    0000000a     f28002x_defaultisr.obj (.text:DATALOG_ISR)
                  0000aad7    0000000a     f28002x_defaultisr.obj (.text:DCC0_ISR)
                  0000aae1    0000000a     f28002x_defaultisr.obj (.text:DCC1_ISR)
                  0000aaeb    0000000a     f28002x_defaultisr.obj (.text:DMA_CH1_ISR)
                  0000aaf5    0000000a     f28002x_defaultisr.obj (.text:DMA_CH2_ISR)
                  0000aaff    0000000a     f28002x_defaultisr.obj (.text:DMA_CH3_ISR)
                  0000ab09    0000000a     f28002x_defaultisr.obj (.text:DMA_CH4_ISR)
                  0000ab13    0000000a     f28002x_defaultisr.obj (.text:DMA_CH5_ISR)
                  0000ab1d    0000000a     f28002x_defaultisr.obj (.text:DMA_CH6_ISR)
                  0000ab27    0000000a     f28002x_defaultisr.obj (.text:ECAP1_ISR)
                  0000ab31    0000000a     f28002x_defaultisr.obj (.text:ECAP2_ISR)
                  0000ab3b    0000000a     f28002x_defaultisr.obj (.text:ECAP3_2_ISR)
                  0000ab45    0000000a     f28002x_defaultisr.obj (.text:ECAP3_ISR)
                  0000ab4f    0000000a     f28002x_defaultisr.obj (.text:EMU_ISR)
                  0000ab59    0000000a     f28002x_defaultisr.obj (.text:EPWM1_ISR)
                  0000ab63    0000000a     f28002x_defaultisr.obj (.text:EPWM1_TZ_ISR)
                  0000ab6d    0000000a     f28002x_defaultisr.obj (.text:EPWM2_ISR)
                  0000ab77    0000000a     f28002x_defaultisr.obj (.text:EPWM2_TZ_ISR)
                  0000ab81    0000000a     f28002x_defaultisr.obj (.text:EPWM3_ISR)
                  0000ab8b    0000000a     f28002x_defaultisr.obj (.text:EPWM3_TZ_ISR)
                  0000ab95    0000000a     f28002x_defaultisr.obj (.text:EPWM4_ISR)
                  0000ab9f    0000000a     f28002x_defaultisr.obj (.text:EPWM4_TZ_ISR)
                  0000aba9    0000000a     f28002x_defaultisr.obj (.text:EPWM5_ISR)
                  0000abb3    0000000a     f28002x_defaultisr.obj (.text:EPWM5_TZ_ISR)
                  0000abbd    0000000a     f28002x_defaultisr.obj (.text:EPWM6_ISR)
                  0000abc7    0000000a     f28002x_defaultisr.obj (.text:EPWM6_TZ_ISR)
                  0000abd1    0000000a     f28002x_defaultisr.obj (.text:EPWM7_ISR)
                  0000abdb    0000000a     f28002x_defaultisr.obj (.text:EPWM7_TZ_ISR)
                  0000abe5    0000000a     f28002x_defaultisr.obj (.text:EQEP1_ISR)
                  0000abef    0000000a     f28002x_defaultisr.obj (.text:EQEP2_ISR)
                  0000abf9    0000000a     f28002x_defaultisr.obj (.text:FLASH_CORR_ERR_ISR)
                  0000ac03    0000000a     f28002x_defaultisr.obj (.text:FMC_ISR)
                  0000ac0d    0000000a     f28002x_defaultisr.obj (.text:FPU_OVERFLOW_ISR)
                  0000ac17    0000000a     f28002x_defaultisr.obj (.text:FPU_UNDERFLOW_ISR)
                  0000ac21    0000000a     f28002x_defaultisr.obj (.text:FSIRXA1_ISR)
                  0000ac2b    0000000a     f28002x_defaultisr.obj (.text:FSIRXA2_ISR)
                  0000ac35    0000000a     f28002x_defaultisr.obj (.text:FSITXA1_ISR)
                  0000ac3f    0000000a     f28002x_defaultisr.obj (.text:FSITXA2_ISR)
                  0000ac49    0000000a     f28002x_defaultisr.obj (.text:HICA_ISR)
                  0000ac53    0000000a     f28002x_defaultisr.obj (.text:I2CA_FIFO_ISR)
                  0000ac5d    0000000a     f28002x_defaultisr.obj (.text:I2CA_ISR)
                  0000ac67    0000000a     f28002x_defaultisr.obj (.text:I2CB_FIFO_ISR)
                  0000ac71    0000000a     f28002x_defaultisr.obj (.text:I2CB_ISR)
                  0000ac7b    0000000a     f28002x_defaultisr.obj (.text:ILLEGAL_ISR)
                  0000ac85    0000000a     f28002x_defaultisr.obj (.text:LINA_0_ISR)
                  0000ac8f    0000000a     f28002x_defaultisr.obj (.text:LINA_1_ISR)
                  0000ac99    0000000a     f28002x_defaultisr.obj (.text:LINB_0_ISR)
                  0000aca3    0000000a     f28002x_defaultisr.obj (.text:LINB_1_ISR)
                  0000acad    0000000a     f28002x_defaultisr.obj (.text:MPOST_ISR)
                  0000acb7    0000000a     f28002x_defaultisr.obj (.text:NMI_ISR)
                  0000acc1    0000000a     f28002x_defaultisr.obj (.text:NOTUSED_ISR)
                  0000accb    0000000a     f28002x_defaultisr.obj (.text:PIE_RESERVED_ISR)
                  0000acd5    0000000a     f28002x_defaultisr.obj (.text:PMBUSA_ISR)
                  0000acdf    0000000a     f28002x_defaultisr.obj (.text:RAM_ACC_VIOL_ISR)
                  0000ace9    0000000a     f28002x_defaultisr.obj (.text:RAM_CORR_ERR_ISR)
                  0000acf3    0000000a     f28002x_defaultisr.obj (.text:RTOS_ISR)
                  0000acfd    0000000a     f28002x_defaultisr.obj (.text:SCIA_RX_ISR)
                  0000ad07    0000000a     f28002x_defaultisr.obj (.text:SCIA_TX_ISR)
                  0000ad11    0000000a     f28002x_defaultisr.obj (.text:SPIA_RX_ISR)
                  0000ad1b    0000000a     f28002x_defaultisr.obj (.text:SPIA_TX_ISR)
                  0000ad25    0000000a     f28002x_defaultisr.obj (.text:SPIB_RX_ISR)
                  0000ad2f    0000000a     f28002x_defaultisr.obj (.text:SPIB_TX_ISR)
                  0000ad39    0000000a     f28002x_defaultisr.obj (.text:SYS_PLL_SLIP_ISR)
                  0000ad43    0000000a     f28002x_defaultisr.obj (.text:TIMER0_ISR)
                  0000ad4d    0000000a     f28002x_defaultisr.obj (.text:TIMER1_ISR)
                  0000ad57    0000000a     f28002x_defaultisr.obj (.text:TIMER2_ISR)
                  0000ad61    0000000a     f28002x_defaultisr.obj (.text:USER10_ISR)
                  0000ad6b    0000000a     f28002x_defaultisr.obj (.text:USER11_ISR)
                  0000ad75    0000000a     f28002x_defaultisr.obj (.text:USER12_ISR)
                  0000ad7f    0000000a     f28002x_defaultisr.obj (.text:USER1_ISR)
                  0000ad89    0000000a     f28002x_defaultisr.obj (.text:USER2_ISR)
                  0000ad93    0000000a     f28002x_defaultisr.obj (.text:USER3_ISR)
                  0000ad9d    0000000a     f28002x_defaultisr.obj (.text:USER4_ISR)
                  0000ada7    0000000a     f28002x_defaultisr.obj (.text:USER5_ISR)
                  0000adb1    0000000a     f28002x_defaultisr.obj (.text:USER6_ISR)
                  0000adbb    0000000a     f28002x_defaultisr.obj (.text:USER7_ISR)
                  0000adc5    0000000a     f28002x_defaultisr.obj (.text:USER8_ISR)
                  0000adcf    0000000a     f28002x_defaultisr.obj (.text:USER9_ISR)
                  0000add9    0000000a     f28002x_defaultisr.obj (.text:WAKE_ISR)
                  0000ade3    0000000a     f28002x_defaultisr.obj (.text:XINT1_ISR)
                  0000aded    0000000a     f28002x_defaultisr.obj (.text:XINT2_ISR)
                  0000adf7    0000000a     f28002x_defaultisr.obj (.text:XINT3_ISR)
                  0000ae01    0000000a     f28002x_defaultisr.obj (.text:XINT4_ISR)
                  0000ae0b    0000000a     f28002x_defaultisr.obj (.text:XINT5_ISR)
                  0000ae15    00000009     f28002x_sysctrl.obj (.text:SysIntOsc1Sel)
                  0000ae1e    00000009     rts2800_fpu32_eabi.lib : _lock.c.obj (.text)
                  0000ae27    00000008                            : copy_decompress_none.c.obj (.text:decompress:none)
                  0000ae2f    00000008     f28002x_codestartbranch.obj (.text)
                  0000ae37    00000007     f28002x_sysctrl.obj (.text:SysIntOsc2Sel)
                  0000ae3e    00000005     control.obj (.text:GPIO12_OFF)
                  0000ae43    00000005     control.obj (.text:GPIO12_ON)
                  0000ae48    00000002     rts2800_fpu32_eabi.lib : pre_init.c.obj (.text)
                  0000ae4a    00000001                            : startup.c.obj (.text)

.reset     0    003fffc0    00000000     DSECT

codestart 
*          0    00000000    00000002     
                  00000000    00000002     f28002x_codestartbranch.obj (codestart)

.stack     0    00000400    00000200     UNINITIALIZED
                  00000400    00000200     --HOLE--

.bss       0    0000a000    00000008     UNINITIALIZED
                  0000a000    00000008     gpio_ex1_setup.obj (.bss)

.init_array 
*          0    00000128    00000000     UNINITIALIZED

.data      0    0000a008    0000000e     UNINITIALIZED
                  0000a008    00000006     rts2800_fpu32_eabi.lib : exit.c.obj (.data)
                  0000a00e    00000004     gpio_ex1_setup.obj (.data)
                  0000a012    00000002     rts2800_fpu32_eabi.lib : _lock.c.obj (.data:_lock)
                  0000a014    00000002                            : _lock.c.obj (.data:_unlock)

.const     0    0000a040    000001c0     
                  0000a040    000001c0     f28002x_pievect.obj (.const)

PieVectTableFile 
*          1    00000d00    000001c0     UNINITIALIZED
                  00000d00    000001c0     f28002x_globalvariabledefs.obj (PieVectTableFile)

EmuKeyVar 
*          1    00000d00    00000000     UNINITIALIZED

EmuBModeVar 
*          1    00000d00    00000000     UNINITIALIZED

EmuBootPinsVar 
*          1    00000d00    00000000     UNINITIALIZED

FlashCallbackVar 
*          1    00000d00    00000000     UNINITIALIZED

FlashScalingVar 
*          1    00000d00    00000000     UNINITIALIZED

AdcaRegsFile 
*          1    00007400    00000076     UNINITIALIZED
                  00007400    00000076     f28002x_globalvariabledefs.obj (AdcaRegsFile)

AdcaResultRegsFile 
*          1    00000b00    00000018     UNINITIALIZED
                  00000b00    00000018     f28002x_globalvariabledefs.obj (AdcaResultRegsFile)

AnalogSubsysRegsFile 
*          1    0005d700    00000090     UNINITIALIZED
                  0005d700    00000090     f28002x_globalvariabledefs.obj (AnalogSubsysRegsFile)

ClkCfgRegsFile 
*          1    0005d200    0000003e     UNINITIALIZED
                  0005d200    0000003e     f28002x_globalvariabledefs.obj (ClkCfgRegsFile)

CpuSysRegsFile 
*          1    0005d300    00000082     UNINITIALIZED
                  0005d300    00000082     f28002x_globalvariabledefs.obj (CpuSysRegsFile)

Dcc0RegsFile 
*          1    0005e700    0000002c     UNINITIALIZED
                  0005e700    0000002c     f28002x_globalvariabledefs.obj (Dcc0RegsFile)

Dcc1RegsFile 
*          1    0005e740    0000002c     UNINITIALIZED
                  0005e740    0000002c     f28002x_globalvariabledefs.obj (Dcc1RegsFile)

EPwm1RegsFile 
*          1    00004000    00000100     UNINITIALIZED
                  00004000    00000100     f28002x_globalvariabledefs.obj (EPwm1RegsFile)

EPwm2RegsFile 
*          1    00004100    00000100     UNINITIALIZED
                  00004100    00000100     f28002x_globalvariabledefs.obj (EPwm2RegsFile)

EPwm3RegsFile 
*          1    00004200    00000100     UNINITIALIZED
                  00004200    00000100     f28002x_globalvariabledefs.obj (EPwm3RegsFile)

EPwm4RegsFile 
*          1    00004300    00000100     UNINITIALIZED
                  00004300    00000100     f28002x_globalvariabledefs.obj (EPwm4RegsFile)

EPwm5RegsFile 
*          1    00004400    00000100     UNINITIALIZED
                  00004400    00000100     f28002x_globalvariabledefs.obj (EPwm5RegsFile)

EPwm7RegsFile 
*          1    00004600    00000100     UNINITIALIZED
                  00004600    00000100     f28002x_globalvariabledefs.obj (EPwm7RegsFile)

GpioCtrlRegsFile 
*          1    00007c00    00000200     UNINITIALIZED
                  00007c00    00000200     f28002x_globalvariabledefs.obj (GpioCtrlRegsFile)

GpioDataRegsFile 
*          1    00007f00    0000003a     UNINITIALIZED
                  00007f00    0000003a     f28002x_globalvariabledefs.obj (GpioDataRegsFile)

PieCtrlRegsFile 
*          1    00000ce0    0000001a     UNINITIALIZED
                  00000ce0    0000001a     f28002x_globalvariabledefs.obj (PieCtrlRegsFile)

WdRegsFile 
*          1    00007000    0000002b     UNINITIALIZED
                  00007000    0000002b     f28002x_globalvariabledefs.obj (WdRegsFile)

MODULE SUMMARY

       Module                           code   ro data   rw data
       ------                           ----   -------   -------
    .\
       f28002x_globalvariabledefs.obj   0      0         3189   
       f28002x_defaultisr.obj           1003   0         0      
       f28002x_sysctrl.obj              742    0         0      
       f28002x_pievect.obj              37     448       0      
       pwm.obj                          385    0         0      
       gpio_ex1_setup.obj               217    0         12     
       adc.obj                          160    0         0      
       f28002x_epwm.obj                 100    0         0      
       f28002x_gpio.obj                 76     0         0      
       f28002x_piectrl.obj              31     0         0      
       control.obj                      23     0         0      
       f28002x_codestartbranch.obj      10     0         0      
       f28002x_usdelay.obj              4      0         0      
    +--+--------------------------------+------+---------+---------+
       Total:                           2788   448       3201   
                                                                
    C:\ti\ccs1260\ccs\tools\compiler\ti-cgt-c2000_22.6.1.LTS\lib\rts2800_fpu32_eabi.lib
       fs_div28.asm.obj                 136    0         0      
       copy_decompress_lzss.c.obj       48     0         0      
       exit.c.obj                       41     0         6      
       autoinit.c.obj                   43     0         0      
       memcpy.c.obj                     29     0         0      
       boot28.asm.obj                   23     0         0      
       _lock.c.obj                      9      0         4      
       copy_zero_init.c.obj             13     0         0      
       args_main.c.obj                  12     0         0      
       copy_decompress_none.c.obj       8      0         0      
       pre_init.c.obj                   2      0         0      
       startup.c.obj                    1      0         0      
    +--+--------------------------------+------+---------+---------+
       Total:                           365    0         10     
                                                                
       Stack:                           0      0         512    
       Linker Generated:                0      36        0      
    +--+--------------------------------+------+---------+---------+
       Grand Total:                     3153   484       3723   


LINKER GENERATED COPY TABLES

__TI_cinit_table @ 00000144 records: 3, size/record: 4, table size: 12
	.data: load addr=0000012c, load size=0000000a bytes, run addr=0000a008, run size=0000000e bytes, compression=lzss
	.bss: load addr=0000013c, load size=00000004 bytes, run addr=0000a000, run size=00000008 bytes, compression=zero_init
	PieVectTableFile: load addr=00000140, load size=00000004 bytes, run addr=00000d00, run size=000001c0 bytes, compression=zero_init


LINKER GENERATED HANDLER TABLE

__TI_handler_table @ 00000136 records: 3, size/record: 2, table size: 6
	index: 0, handler: __TI_zero_init
	index: 1, handler: __TI_decompress_lzss
	index: 2, handler: __TI_decompress_none


GLOBAL DATA SYMBOLS: SORTED BY DATA PAGE

address     data page           name
--------    ----------------    ----
00000400      10 (00000400)     __stack

00000b00      2c (00000b00)     AdcaResultRegs

00000ce0      33 (00000cc0)     PieCtrlRegs

00000d00      34 (00000d00)     PieVectTable

00004000     100 (00004000)     EPwm1Regs

00004100     104 (00004100)     EPwm2Regs

00004200     108 (00004200)     EPwm3Regs

00004300     10c (00004300)     EPwm4Regs

00004400     110 (00004400)     EPwm5Regs

00004600     118 (00004600)     EPwm7Regs

00007000     1c0 (00007000)     WdRegs

00007400     1d0 (00007400)     AdcaRegs

00007c00     1f0 (00007c00)     GpioCtrlRegs

00007f00     1fc (00007f00)     GpioDataRegs

0000a000     280 (0000a000)     ADCRes0
0000a001     280 (0000a000)     ADCRes1
0000a002     280 (0000a000)     ADCRes2
0000a003     280 (0000a000)     ADCRes3
0000a004     280 (0000a000)     ADCRes4
0000a005     280 (0000a000)     ADCRes5
0000a006     280 (0000a000)     ADCRes6
0000a007     280 (0000a000)     ADCRes7
0000a008     280 (0000a000)     __TI_enable_exit_profile_output
0000a00a     280 (0000a000)     __TI_cleanup_ptr
0000a00c     280 (0000a000)     __TI_dtors_ptr
0000a00e     280 (0000a000)     duty_t
0000a010     280 (0000a000)     cnt
0000a012     280 (0000a000)     _lock
0000a014     280 (0000a000)     _unlock

0000a040     281 (0000a040)     PieVectTableInit

0005d200    1748 (0005d200)     ClkCfgRegs

0005d300    174c (0005d300)     CpuSysRegs

0005d700    175c (0005d700)     AnalogSubsysRegs

0005e700    179c (0005e700)     Dcc0Regs

0005e740    179d (0005e740)     Dcc1Regs


GLOBAL SYMBOLS: SORTED ALPHABETICALLY BY Name 

page  address   name                           
----  -------   ----                           
0     0000aa37  ADCA1_ISR                      
0     0000aa41  ADCA2_ISR                      
0     0000aa4b  ADCA3_ISR                      
0     0000aa55  ADCA4_ISR                      
0     0000aa5f  ADCA_EVT_ISR                   
0     0000aa69  ADCC1_ISR                      
0     0000aa73  ADCC2_ISR                      
0     0000aa7d  ADCC3_ISR                      
0     0000aa87  ADCC4_ISR                      
0     0000aa91  ADCC_EVT_ISR                   
0     0000a000  ADCRes0                        
0     0000a001  ADCRes1                        
0     0000a002  ADCRes2                        
0     0000a003  ADCRes3                        
0     0000a004  ADCRes4                        
0     0000a005  ADCRes5                        
0     0000a006  ADCRes6                        
0     0000a007  ADCRes7                        
1     00007400  AdcaRegs                       
1     00000b00  AdcaResultRegs                 
1     0005d700  AnalogSubsysRegs               
0     0000aa9b  BGCRC_ISR                      
0     0000a866  C$$EXIT                        
0     0000aaa5  CANA0_ISR                      
0     0000aaaf  CANA1_ISR                      
0     0000aab9  CLB1_ISR                       
0     0000aac3  CLB2_ISR                       
1     0005d200  ClkCfgRegs                     
0     0000a386  ComputeCntrSeedValue           
0     0000a92b  ConfigureADC                   
1     0005d300  CpuSysRegs                     
0     0000aacd  DATALOG_ISR                    
0     0000aad7  DCC0_ISR                       
0     0000aae1  DCC1_ISR                       
0     0000aaeb  DMA_CH1_ISR                    
0     0000aaf5  DMA_CH2_ISR                    
0     0000aaff  DMA_CH3_ISR                    
0     0000ab09  DMA_CH4_ISR                    
0     0000ab13  DMA_CH5_ISR                    
0     0000ab1d  DMA_CH6_ISR                    
1     0005e700  Dcc0Regs                       
1     0005e740  Dcc1Regs                       
0     0000a9ea  DisableDog                     
0     0000ab27  ECAP1_ISR                      
0     0000ab31  ECAP2_ISR                      
0     0000ab3b  ECAP3_2_ISR                    
0     0000ab45  ECAP3_ISR                      
0     0000a9f7  EMPTY_ISR                      
0     0000ab4f  EMU_ISR                        
0     0000ab59  EPWM1_ISR                      
0     0000ab63  EPWM1_TZ_ISR                   
0     0000ab6d  EPWM2_ISR                      
0     0000ab77  EPWM2_TZ_ISR                   
0     0000ab81  EPWM3_ISR                      
0     0000ab8b  EPWM3_TZ_ISR                   
0     0000ab95  EPWM4_ISR                      
0     0000ab9f  EPWM4_TZ_ISR                   
0     0000aba9  EPWM5_ISR                      
0     0000abb3  EPWM5_TZ_ISR                   
0     0000abbd  EPWM6_ISR                      
0     0000abc7  EPWM6_TZ_ISR                   
0     0000abd1  EPWM7_ISR                      
0     0000abdb  EPWM7_TZ_ISR                   
1     00004000  EPwm1Regs                      
1     00004100  EPwm2Regs                      
1     00004200  EPwm3Regs                      
1     00004300  EPwm4Regs                      
1     00004400  EPwm5Regs                      
1     00004600  EPwm7Regs                      
0     0000abe5  EQEP1_ISR                      
0     0000abef  EQEP2_ISR                      
0     00000128  F28x_usDelay                   
0     0000abf9  FLASH_CORR_ERR_ISR             
0     0000ac03  FMC_ISR                        
0     0000ac0d  FPU_OVERFLOW_ISR               
0     0000ac17  FPU_UNDERFLOW_ISR              
0     0000ac21  FSIRXA1_ISR                    
0     0000ac2b  FSIRXA2_ISR                    
0     0000ac35  FSITXA1_ISR                    
0     0000ac3f  FSITXA2_ISR                    
0     0000ae3e  GPIO12_OFF                     
0     0000ae43  GPIO12_ON                      
1     00007c00  GpioCtrlRegs                   
1     00007f00  GpioDataRegs                   
0     0000ac49  HICA_ISR                       
0     0000ac53  I2CA_FIFO_ISR                  
0     0000ac5d  I2CA_ISR                       
0     0000ac67  I2CB_FIFO_ISR                  
0     0000ac71  I2CB_ISR                       
0     0000ac7b  ILLEGAL_ISR                    
0     0000a9a8  InitEPwm1Gpio                  
0     0000a9b9  InitEPwm2Gpio                  
0     0000a982  InitEPwm3Gpio                  
0     0000a995  InitEPwm4Gpio                  
0     0000a9db  InitEPwm5Gpio                  
0     0000aa04  InitEPwm7Gpio                  
0     0000a64f  InitGpio                       
0     0000a5fe  InitPeripheralClocks           
0     0000a8d4  InitPieCtrl                    
0     0000a88f  InitPieVectTable               
0     0000a96e  InitSysCtrl                    
0     0000a200  InitSysPll                     
0     0000aa11  InitTestGpio                   
0     0000a2e6  IsPLLValid                     
0     0000ac85  LINA_0_ISR                     
0     0000ac8f  LINA_1_ISR                     
0     0000ac99  LINB_0_ISR                     
0     0000aca3  LINB_1_ISR                     
0     0000acad  MPOST_ISR                      
0     0000acb7  NMI_ISR                        
0     0000acc1  NOTUSED_ISR                    
0     0000accb  PIE_RESERVED_ISR               
0     0000acd5  PMBUSA_ISR                     
1     00000ce0  PieCtrlRegs                    
1     00000d00  PieVectTable                   
0     0000a040  PieVectTableInit               
0     0000acdf  RAM_ACC_VIOL_ISR               
0     0000ace9  RAM_CORR_ERR_ISR               
0     0000acf3  RTOS_ISR                       
0     0000acfd  SCIA_RX_ISR                    
0     0000ad07  SCIA_TX_ISR                    
0     0000ad11  SPIA_RX_ISR                    
0     0000ad1b  SPIA_TX_ISR                    
0     0000ad25  SPIB_RX_ISR                    
0     0000ad2f  SPIB_TX_ISR                    
0     0000ad39  SYS_PLL_SLIP_ISR               
0     0000a414  SetupADC                       
0     0000ae15  SysIntOsc1Sel                  
0     0000ae37  SysIntOsc2Sel                  
0     0000a959  SysXtalOscSESel                
0     0000a8b4  SysXtalOscSel                  
0     0000ad43  TIMER0_ISR                     
0     0000ad4d  TIMER1_ISR                     
0     0000ad57  TIMER2_ISR                     
0     0000ad61  USER10_ISR                     
0     0000ad6b  USER11_ISR                     
0     0000ad75  USER12_ISR                     
0     0000ad7f  USER1_ISR                      
0     0000ad89  USER2_ISR                      
0     0000ad93  USER3_ISR                      
0     0000ad9d  USER4_ISR                      
0     0000ada7  USER5_ISR                      
0     0000adb1  USER6_ISR                      
0     0000adbb  USER7_ISR                      
0     0000adc5  USER8_ISR                      
0     0000adcf  USER9_ISR                      
0     0000add9  WAKE_ISR                       
1     00007000  WdRegs                         
0     0000ade3  XINT1_ISR                      
0     0000aded  XINT2_ISR                      
0     0000adf7  XINT3_ISR                      
0     0000ae01  XINT4_ISR                      
0     0000ae0b  XINT5_ISR                      
0     00000144  __TI_CINIT_Base                
0     00000150  __TI_CINIT_Limit               
0     00000150  __TI_CINIT_Warm                
0     00000136  __TI_Handler_Table_Base        
0     0000013c  __TI_Handler_Table_Limit       
0     00000600  __TI_STACK_END                 
abs   00000200  __TI_STACK_SIZE                
0     0000a811  __TI_auto_init_nobinit_nopinit 
0     0000a00a  __TI_cleanup_ptr               
0     0000a7e1  __TI_decompress_lzss           
0     0000ae27  __TI_decompress_none           
0     0000a00c  __TI_dtors_ptr                 
0     0000a008  __TI_enable_exit_profile_output
abs   ffffffff  __TI_pprof_out_hndl            
abs   ffffffff  __TI_prof_data_size            
abs   ffffffff  __TI_prof_data_start           
0     0000aa1e  __TI_zero_init_nomemset        
0     0000a49d  __c28xabi_divf                 
n/a   UNDEFED   __c_args__                     
0     00000400  __stack                        
0     0000aa2b  _args_main                     
0     0000a942  _c_int00                       
0     0000a012  _lock                          
0     0000ae26  _nop                           
0     0000ae22  _register_lock                 
0     0000ae1e  _register_unlock               
0     0000ae4a  _system_post_cinit             
0     0000ae48  _system_pre_init               
0     0000a014  _unlock                        
0     0000a866  abort                          
0     0000a525  adcA1ISR                       
0     0000a010  cnt                            
0     00000000  code_start                     
0     0000a00e  duty_t                         
0     0000a9ca  ePWM1_ADC_Trig                 
0     0000a868  exit                           
0     0000a69b  initEPWM1                      
0     0000a6dd  initEPWM2                      
0     0000a71e  initEPWM3                      
0     0000a75f  initEPWM4                      
0     0000a83c  initEPWM5                      
0     0000a7a0  initEPWM7                      
0     0000a59a  main                           
0     0000a8f3  memcpy                         


GLOBAL SYMBOLS: SORTED BY Symbol Address 

page  address   name                           
----  -------   ----                           
0     00000000  code_start                     
0     00000128  F28x_usDelay                   
0     00000136  __TI_Handler_Table_Base        
0     0000013c  __TI_Handler_Table_Limit       
0     00000144  __TI_CINIT_Base                
0     00000150  __TI_CINIT_Limit               
0     00000150  __TI_CINIT_Warm                
0     00000400  __stack                        
0     00000600  __TI_STACK_END                 
0     0000a000  ADCRes0                        
0     0000a001  ADCRes1                        
0     0000a002  ADCRes2                        
0     0000a003  ADCRes3                        
0     0000a004  ADCRes4                        
0     0000a005  ADCRes5                        
0     0000a006  ADCRes6                        
0     0000a007  ADCRes7                        
0     0000a008  __TI_enable_exit_profile_output
0     0000a00a  __TI_cleanup_ptr               
0     0000a00c  __TI_dtors_ptr                 
0     0000a00e  duty_t                         
0     0000a010  cnt                            
0     0000a012  _lock                          
0     0000a014  _unlock                        
0     0000a040  PieVectTableInit               
0     0000a200  InitSysPll                     
0     0000a2e6  IsPLLValid                     
0     0000a386  ComputeCntrSeedValue           
0     0000a414  SetupADC                       
0     0000a49d  __c28xabi_divf                 
0     0000a525  adcA1ISR                       
0     0000a59a  main                           
0     0000a5fe  InitPeripheralClocks           
0     0000a64f  InitGpio                       
0     0000a69b  initEPWM1                      
0     0000a6dd  initEPWM2                      
0     0000a71e  initEPWM3                      
0     0000a75f  initEPWM4                      
0     0000a7a0  initEPWM7                      
0     0000a7e1  __TI_decompress_lzss           
0     0000a811  __TI_auto_init_nobinit_nopinit 
0     0000a83c  initEPWM5                      
0     0000a866  C$$EXIT                        
0     0000a866  abort                          
0     0000a868  exit                           
0     0000a88f  InitPieVectTable               
0     0000a8b4  SysXtalOscSel                  
0     0000a8d4  InitPieCtrl                    
0     0000a8f3  memcpy                         
0     0000a92b  ConfigureADC                   
0     0000a942  _c_int00                       
0     0000a959  SysXtalOscSESel                
0     0000a96e  InitSysCtrl                    
0     0000a982  InitEPwm3Gpio                  
0     0000a995  InitEPwm4Gpio                  
0     0000a9a8  InitEPwm1Gpio                  
0     0000a9b9  InitEPwm2Gpio                  
0     0000a9ca  ePWM1_ADC_Trig                 
0     0000a9db  InitEPwm5Gpio                  
0     0000a9ea  DisableDog                     
0     0000a9f7  EMPTY_ISR                      
0     0000aa04  InitEPwm7Gpio                  
0     0000aa11  InitTestGpio                   
0     0000aa1e  __TI_zero_init_nomemset        
0     0000aa2b  _args_main                     
0     0000aa37  ADCA1_ISR                      
0     0000aa41  ADCA2_ISR                      
0     0000aa4b  ADCA3_ISR                      
0     0000aa55  ADCA4_ISR                      
0     0000aa5f  ADCA_EVT_ISR                   
0     0000aa69  ADCC1_ISR                      
0     0000aa73  ADCC2_ISR                      
0     0000aa7d  ADCC3_ISR                      
0     0000aa87  ADCC4_ISR                      
0     0000aa91  ADCC_EVT_ISR                   
0     0000aa9b  BGCRC_ISR                      
0     0000aaa5  CANA0_ISR                      
0     0000aaaf  CANA1_ISR                      
0     0000aab9  CLB1_ISR                       
0     0000aac3  CLB2_ISR                       
0     0000aacd  DATALOG_ISR                    
0     0000aad7  DCC0_ISR                       
0     0000aae1  DCC1_ISR                       
0     0000aaeb  DMA_CH1_ISR                    
0     0000aaf5  DMA_CH2_ISR                    
0     0000aaff  DMA_CH3_ISR                    
0     0000ab09  DMA_CH4_ISR                    
0     0000ab13  DMA_CH5_ISR                    
0     0000ab1d  DMA_CH6_ISR                    
0     0000ab27  ECAP1_ISR                      
0     0000ab31  ECAP2_ISR                      
0     0000ab3b  ECAP3_2_ISR                    
0     0000ab45  ECAP3_ISR                      
0     0000ab4f  EMU_ISR                        
0     0000ab59  EPWM1_ISR                      
0     0000ab63  EPWM1_TZ_ISR                   
0     0000ab6d  EPWM2_ISR                      
0     0000ab77  EPWM2_TZ_ISR                   
0     0000ab81  EPWM3_ISR                      
0     0000ab8b  EPWM3_TZ_ISR                   
0     0000ab95  EPWM4_ISR                      
0     0000ab9f  EPWM4_TZ_ISR                   
0     0000aba9  EPWM5_ISR                      
0     0000abb3  EPWM5_TZ_ISR                   
0     0000abbd  EPWM6_ISR                      
0     0000abc7  EPWM6_TZ_ISR                   
0     0000abd1  EPWM7_ISR                      
0     0000abdb  EPWM7_TZ_ISR                   
0     0000abe5  EQEP1_ISR                      
0     0000abef  EQEP2_ISR                      
0     0000abf9  FLASH_CORR_ERR_ISR             
0     0000ac03  FMC_ISR                        
0     0000ac0d  FPU_OVERFLOW_ISR               
0     0000ac17  FPU_UNDERFLOW_ISR              
0     0000ac21  FSIRXA1_ISR                    
0     0000ac2b  FSIRXA2_ISR                    
0     0000ac35  FSITXA1_ISR                    
0     0000ac3f  FSITXA2_ISR                    
0     0000ac49  HICA_ISR                       
0     0000ac53  I2CA_FIFO_ISR                  
0     0000ac5d  I2CA_ISR                       
0     0000ac67  I2CB_FIFO_ISR                  
0     0000ac71  I2CB_ISR                       
0     0000ac7b  ILLEGAL_ISR                    
0     0000ac85  LINA_0_ISR                     
0     0000ac8f  LINA_1_ISR                     
0     0000ac99  LINB_0_ISR                     
0     0000aca3  LINB_1_ISR                     
0     0000acad  MPOST_ISR                      
0     0000acb7  NMI_ISR                        
0     0000acc1  NOTUSED_ISR                    
0     0000accb  PIE_RESERVED_ISR               
0     0000acd5  PMBUSA_ISR                     
0     0000acdf  RAM_ACC_VIOL_ISR               
0     0000ace9  RAM_CORR_ERR_ISR               
0     0000acf3  RTOS_ISR                       
0     0000acfd  SCIA_RX_ISR                    
0     0000ad07  SCIA_TX_ISR                    
0     0000ad11  SPIA_RX_ISR                    
0     0000ad1b  SPIA_TX_ISR                    
0     0000ad25  SPIB_RX_ISR                    
0     0000ad2f  SPIB_TX_ISR                    
0     0000ad39  SYS_PLL_SLIP_ISR               
0     0000ad43  TIMER0_ISR                     
0     0000ad4d  TIMER1_ISR                     
0     0000ad57  TIMER2_ISR                     
0     0000ad61  USER10_ISR                     
0     0000ad6b  USER11_ISR                     
0     0000ad75  USER12_ISR                     
0     0000ad7f  USER1_ISR                      
0     0000ad89  USER2_ISR                      
0     0000ad93  USER3_ISR                      
0     0000ad9d  USER4_ISR                      
0     0000ada7  USER5_ISR                      
0     0000adb1  USER6_ISR                      
0     0000adbb  USER7_ISR                      
0     0000adc5  USER8_ISR                      
0     0000adcf  USER9_ISR                      
0     0000add9  WAKE_ISR                       
0     0000ade3  XINT1_ISR                      
0     0000aded  XINT2_ISR                      
0     0000adf7  XINT3_ISR                      
0     0000ae01  XINT4_ISR                      
0     0000ae0b  XINT5_ISR                      
0     0000ae15  SysIntOsc1Sel                  
0     0000ae1e  _register_unlock               
0     0000ae22  _register_lock                 
0     0000ae26  _nop                           
0     0000ae27  __TI_decompress_none           
0     0000ae37  SysIntOsc2Sel                  
0     0000ae3e  GPIO12_OFF                     
0     0000ae43  GPIO12_ON                      
0     0000ae48  _system_pre_init               
0     0000ae4a  _system_post_cinit             
1     00000b00  AdcaResultRegs                 
1     00000ce0  PieCtrlRegs                    
1     00000d00  PieVectTable                   
1     00004000  EPwm1Regs                      
1     00004100  EPwm2Regs                      
1     00004200  EPwm3Regs                      
1     00004300  EPwm4Regs                      
1     00004400  EPwm5Regs                      
1     00004600  EPwm7Regs                      
1     00007000  WdRegs                         
1     00007400  AdcaRegs                       
1     00007c00  GpioCtrlRegs                   
1     00007f00  GpioDataRegs                   
1     0005d200  ClkCfgRegs                     
1     0005d300  CpuSysRegs                     
1     0005d700  AnalogSubsysRegs               
1     0005e700  Dcc0Regs                       
1     0005e740  Dcc1Regs                       
abs   00000200  __TI_STACK_SIZE                
abs   ffffffff  __TI_pprof_out_hndl            
abs   ffffffff  __TI_prof_data_size            
abs   ffffffff  __TI_prof_data_start           
n/a   UNDEFED   __c_args__                     

[197 symbols]
